Component: ARM Compiler 5.06 update 6 (build 750) Tool: armlink [4d35ed]

==============================================================================

Section Cross References

    main.o(i.InitHardware) refers to system_stm32f10x.o(i.SystemInit) for SystemInit
    main.o(i.InitHardware) refers to rcc.o(i.InitRCC) for InitRCC
    main.o(i.InitHardware) refers to nvic.o(i.InitNVIC) for InitNVIC
    main.o(i.InitHardware) refers to uart1.o(i.InitUART1) for InitUART1
    main.o(i.InitHardware) refers to timer.o(i.InitTimer) for InitTimer
    main.o(i.InitHardware) refers to led.o(i.InitLED) for InitLED
    main.o(i.InitHardware) refers to systick.o(i.InitSysTick) for InitSysTick
    main.o(i.InitHardware) refers to dac.o(i.InitDAC) for InitDAC
    main.o(i.InitHardware) refers to adc.o(i.InitADC) for InitADC
    main.o(i.InitHardware) refers to oled.o(i.InitOLED) for InitOLED
    main.o(i.InitHardware) refers to ecg.o(i.InitECG) for InitECG
    main.o(i.InitHardware) refers to resp.o(i.InitRESP) for InitRESP
    main.o(i.InitHardware) refers to spo2.o(i.InitSPO2) for InitSPO2
    main.o(i.InitSoftware) refers to packunpack.o(i.InitPackUnpack) for InitPackUnpack
    main.o(i.InitSoftware) refers to senddatatohost.o(i.InitSendDataToHost) for InitSendDataToHost
    main.o(i.InitSoftware) refers to prochostcmd.o(i.InitProcHostCmd) for InitProcHostCmd
    main.o(i.Proc1SecTask) refers to timer.o(i.Get1SecFlag) for Get1SecFlag
    main.o(i.Proc1SecTask) refers to oled.o(i.OLEDClear) for OLEDClear
    main.o(i.Proc1SecTask) refers to ecg.o(i.OLED_ECG) for OLED_ECG
    main.o(i.Proc1SecTask) refers to resp.o(i.OLED_RESP) for OLED_RESP
    main.o(i.Proc1SecTask) refers to spo2.o(i.OLED_SPO2) for OLED_SPO2
    main.o(i.Proc1SecTask) refers to oled.o(i.OLEDRefreshGRAM) for OLEDRefreshGRAM
    main.o(i.Proc1SecTask) refers to ecg.o(i.ECGGetHeartRate) for ECGGetHeartRate
    main.o(i.Proc1SecTask) refers to resp.o(i.RESPGetRespRate) for RESPGetRespRate
    main.o(i.Proc1SecTask) refers to spo2.o(i.SPO2GetSPO2Value) for SPO2GetSPO2Value
    main.o(i.Proc1SecTask) refers to senddatatohost.o(i.SendParamPackHost) for SendParamPackHost
    main.o(i.Proc1SecTask) refers to ecg.o(i.ECGGetLeadStatus) for ECGGetLeadStatus
    main.o(i.Proc1SecTask) refers to resp.o(i.RESPGetLeadStatus) for RESPGetLeadStatus
    main.o(i.Proc1SecTask) refers to spo2.o(i.SPO2GetLeadStatus) for SPO2GetLeadStatus
    main.o(i.Proc1SecTask) refers to senddatatohost.o(i.SendStatusPackHost) for SendStatusPackHost
    main.o(i.Proc1SecTask) refers to timer.o(i.Clr1SecFlag) for Clr1SecFlag
    main.o(i.Proc1SecTask) refers to main.o(.data) for s_paramDataPack
    main.o(i.Proc2msTask) refers to timer.o(i.Get2msFlag) for Get2msFlag
    main.o(i.Proc2msTask) refers to adc.o(i.ReadECGADC) for ReadECGADC
    main.o(i.Proc2msTask) refers to ecg.o(i.ECGTask) for ECGTask
    main.o(i.Proc2msTask) refers to adc.o(i.ReadRESPADC) for ReadRESPADC
    main.o(i.Proc2msTask) refers to resp.o(i.RESPTask) for RESPTask
    main.o(i.Proc2msTask) refers to spo2.o(i.SPO2Task) for SPO2Task
    main.o(i.Proc2msTask) refers to senddatatohost.o(i.SendWavePackHost) for SendWavePackHost
    main.o(i.Proc2msTask) refers to led.o(i.LEDFlicker) for LEDFlicker
    main.o(i.Proc2msTask) refers to timer.o(i.Clr2msFlag) for Clr2msFlag
    main.o(i.Proc2msTask) refers to main.o(.data) for s_iCnt2
    main.o(i.main) refers to main.o(i.InitHardware) for InitHardware
    main.o(i.main) refers to main.o(i.InitSoftware) for InitSoftware
    main.o(i.main) refers to systick.o(i.DelayNms) for DelayNms
    main.o(i.main) refers to main.o(i.Proc2msTask) for Proc2msTask
    main.o(i.main) refers to main.o(i.Proc1SecTask) for Proc1SecTask
    led.o(i.ConfigLEDGPIO) refers to stm32f10x_rcc.o(i.RCC_APB2PeriphClockCmd) for RCC_APB2PeriphClockCmd
    led.o(i.ConfigLEDGPIO) refers to stm32f10x_gpio.o(i.GPIO_Init) for GPIO_Init
    led.o(i.ConfigLEDGPIO) refers to stm32f10x_gpio.o(i.GPIO_WriteBit) for GPIO_WriteBit
    led.o(i.InitLED) refers to led.o(i.ConfigLEDGPIO) for ConfigLEDGPIO
    led.o(i.LEDFlicker) refers to stm32f10x_gpio.o(i.GPIO_ReadOutputDataBit) for GPIO_ReadOutputDataBit
    led.o(i.LEDFlicker) refers to stm32f10x_gpio.o(i.GPIO_WriteBit) for GPIO_WriteBit
    led.o(i.LEDFlicker) refers to led.o(.data) for s_iCnt
    ecg.o(i.ConfigECGGPIO) refers to stm32f10x_rcc.o(i.RCC_APB2PeriphClockCmd) for RCC_APB2PeriphClockCmd
    ecg.o(i.ConfigECGGPIO) refers to stm32f10x_gpio.o(i.GPIO_Init) for GPIO_Init
    ecg.o(i.ConfigECGGPIO) refers to stm32f10x_gpio.o(i.GPIO_WriteBit) for GPIO_WriteBit
    ecg.o(i.ECGGetHeartRate) refers to ecg.o(.data) for heartRate
    ecg.o(i.ECGGetLeadStatus) refers to stm32f10x_gpio.o(i.GPIO_ReadInputDataBit) for GPIO_ReadInputDataBit
    ecg.o(i.ECGTask) refers to dfltui.o(.text) for __aeabi_ui2d
    ecg.o(i.ECGTask) refers to ecg.o(i.IIRNotch) for IIRNotch
[...]
    .text                                    0x080004be   Section        0  dfltui.o(.text)
    .text                                    0x080004d8   Section        0  dfixi.o(.text)
    .text                                    0x08000516   Section        0  dfixui.o(.text)
    .text                                    0x08000548   Section       48  cdcmple.o(.text)
    .text                                    0x08000578   Section       48  cdrcmple.o(.text)
    .text                                    0x080005a8   Section        0  llshl.o(.text)
    .text                                    0x080005c6   Section        0  llushr.o(.text)
    .text                                    0x080005e6   Section        0  llsshr.o(.text)
    .text                                    0x0800060a   Section        0  iusefp.o(.text)
    .text                                    0x0800060a   Section        0  depilogue.o(.text)
    .text                                    0x080006c4   Section       36  init.o(.text)
    .text                                    0x080006e8   Section        0  __dczerorl2.o(.text)
    i.ADC_Cmd                                0x0800073e   Section        0  stm32f10x_adc.o(i.ADC_Cmd)
    i.ADC_DMACmd                             0x08000754   Section        0  stm32f10x_adc.o(i.ADC_DMACmd)
    i.ADC_ExternalTrigConvCmd                0x0800076a   Section        0  stm32f10x_adc.o(i.ADC_ExternalTrigConvCmd)
    i.ADC_GetCalibrationStatus               0x08000780   Section        0  stm32f10x_adc.o(i.ADC_GetCalibrationStatus)
    i.ADC_GetResetCalibrationStatus          0x08000794   Section        0  stm32f10x_adc.o(i.ADC_GetResetCalibrationStatus)
    i.ADC_Init                               0x080007a8   Section        0  stm32f10x_adc.o(i.ADC_Init)
    i.ADC_RegularChannelConfig               0x080007f8   Section        0  stm32f10x_adc.o(i.ADC_RegularChannelConfig)
    i.ADC_ResetCalibration                   0x080008b0   Section        0  stm32f10x_adc.o(i.ADC_ResetCalibration)
    i.ADC_StartCalibration                   0x080008ba   Section        0  stm32f10x_adc.o(i.ADC_StartCalibration)
    i.AdjustDAC                              0x080008c4   Section        0  dac.o(i.AdjustDAC)
    i.Analyze_SPO2Wave                       0x080008d4   Section        0  spo2.o(i.Analyze_SPO2Wave)
    Analyze_SPO2Wave                         0x080008d5   Thumb Code   312  spo2.o(i.Analyze_SPO2Wave)
    i.BusFault_Handler                       0x08000a18   Section        0  stm32f10x_it.o(i.BusFault_Handler)
    i.CalcPow                                0x08000a1c   Section        0  oled.o(i.CalcPow)
    CalcPow                                  0x08000a1d   Thumb Code    22  oled.o(i.CalcPow)
    i.Clr1SecFlag                            0x08000a34   Section        0  timer.o(i.Clr1SecFlag)
    i.Clr2msFlag                             0x08000a40   Section        0  timer.o(i.Clr2msFlag)
    i.ConfigADC1                             0x08000a4c   Section        0  adc.o(i.ConfigADC1)
    ConfigADC1                               0x08000a4d   Thumb Code   188  adc.o(i.ConfigADC1)
    i.ConfigCSGPIO                           0x08000b10   Section        0  spo2.o(i.ConfigCSGPIO)
    ConfigCSGPIO                             0x08000b11   Thumb Code    84  spo2.o(i.ConfigCSGPIO)
    i.ConfigDAC1                             0x08000b68   Section        0  dac.o(i.ConfigDAC1)
    ConfigDAC1                               0x08000b69   Thumb Code    94  dac.o(i.ConfigDAC1)
    i.ConfigDMA1Ch1                          0x08000bcc   Section        0  adc.o(i.ConfigDMA1Ch1)
    ConfigDMA1Ch1                            0x08000bcd   Thumb Code    82  adc.o(i.ConfigDMA1Ch1)
    i.ConfigDMA2Ch3ForDAC1                   0x08000c2c   Section        0  dac.o(i.ConfigDMA2Ch3ForDAC1)
    ConfigDMA2Ch3ForDAC1                     0x08000c2d   Thumb Code   120  dac.o(i.ConfigDMA2Ch3ForDAC1)
    i.ConfigECGGPIO                          0x08000cac   Section        0  ecg.o(i.ConfigECGGPIO)
    ConfigECGGPIO                            0x08000cad   Thumb Code    74  ecg.o(i.ConfigECGGPIO)
    i.ConfigLEDGPIO                          0x08000cfc   Section        0  led.o(i.ConfigLEDGPIO)
    ConfigLEDGPIO                            0x08000cfd   Thumb Code    84  led.o(i.ConfigLEDGPIO)
    i.ConfigNVIC                             0x08000d54   Section        0  nvic.o(i.ConfigNVIC)
    ConfigNVIC                               0x08000d55   Thumb Code    12  nvic.o(i.ConfigNVIC)
    i.ConfigOLEDGPIO                         0x08000d60   Section        0  oled.o(i.ConfigOLEDGPIO)
    ConfigOLEDGPIO                           0x08000d61   Thumb Code   206  oled.o(i.ConfigOLEDGPIO)
    i.ConfigOLEDReg                          0x08000e38   Section        0  oled.o(i.ConfigOLEDReg)
    ConfigOLEDReg                            0x08000e39   Thumb Code   204  oled.o(i.ConfigOLEDReg)
    i.ConfigRCC                              0x08000f04   Section        0  rcc.o(i.ConfigRCC)
    ConfigRCC                                0x08000f05   Thumb Code   100  rcc.o(i.ConfigRCC)
    i.ConfigTimer2                           0x08000f68   Section        0  timer.o(i.ConfigTimer2)
    ConfigTimer2                             0x08000f69   Thumb Code    92  timer.o(i.ConfigTimer2)
    i.ConfigTimer3                           0x08000fc4   Section        0  adc.o(i.ConfigTimer3)
    ConfigTimer3                             0x08000fc5   Thumb Code    58  adc.o(i.ConfigTimer3)
    i.ConfigTimer4                           0x08001004   Section        0  dac.o(i.ConfigTimer4)
    ConfigTimer4                             0x08001005   Thumb Code    64  dac.o(i.ConfigTimer4)
    i.ConfigTimer5                           0x08001048   Section        0  timer.o(i.ConfigTimer5)
    ConfigTimer5                             0x08001049   Thumb Code    90  timer.o(i.ConfigTimer5)
    i.ConfigUART                             0x080010a8   Section        0  uart1.o(i.ConfigUART)
    ConfigUART                               0x080010a9   Thumb Code   182  uart1.o(i.ConfigUART)
    i.DAC_Cmd                                0x0800116c   Section        0  stm32f10x_dac.o(i.DAC_Cmd)
    i.DAC_DMACmd                             0x08001194   Section        0  stm32f10x_dac.o(i.DAC_DMACmd)
    i.DAC_Init                               0x080011c0   Section        0  stm32f10x_dac.o(i.DAC_Init)
    i.DAC_SetChannel1Data                    0x080011f4   Section        0  stm32f10x_dac.o(i.DAC_SetChannel1Data)
    i.DMA2_Channel3_IRQHandler               0x08001214   Section        0  dac.o(i.DMA2_Channel3_IRQHandler)
    i.DMA_ClearITPendingBit                  0x08001254   Section        0  stm32f10x_dma.o(i.DMA_ClearITPendingBit)
    i.DMA_Cmd                                0x08001270   Section        0  stm32f10x_dma.o(i.DMA_Cmd)
    i.DMA_DeInit                             0x08001288   Section        0  stm32f10x_dma.o(i.DMA_DeInit)
    i.DMA_GetITStatus                        0x080013d4   Section        0  stm32f10x_dma.o(i.DMA_GetITStatus)
    i.DMA_ITConfig                           0x08001400   Section        0  stm32f10x_dma.o(i.DMA_ITConfig)
    i.DMA_Init                               0x08001412   Section        0  stm32f10x_dma.o(i.DMA_Init)
    i.DeQueue                                0x0800144e   Section        0  queue.o(i.DeQueue)
    i.DebugMon_Handler                       0x08001492   Section        0  stm32f10x_it.o(i.DebugMon_Handler)
    i.DelayNms                               0x08001494   Section        0  systick.o(i.DelayNms)
    i.ECGGetHeartRate                        0x080014ac   Section        0  ecg.o(i.ECGGetHeartRate)
    i.ECGGetLeadStatus                       0x080014b8   Section        0  ecg.o(i.ECGGetLeadStatus)
    i.ECGTask                                0x080014d0   Section        0  ecg.o(i.ECGTask)
    i.EnQueue                                0x080015dc   Section        0  queue.o(i.EnQueue)
    i.EnableUARTTx                           0x08001624   Section        0  uart1.o(i.EnableUARTTx)
    EnableUARTTx                             0x08001625   Thumb Code    22  uart1.o(i.EnableUARTTx)
    i.FLASH_PrefetchBufferCmd                0x08001644   Section        0  stm32f10x_flash.o(i.FLASH_PrefetchBufferCmd)
    i.FLASH_SetLatency                       0x08001660   Section        0  stm32f10x_flash.o(i.FLASH_SetLatency)
    i.GPIO_Init                              0x08001678   Section        0  stm32f10x_gpio.o(i.GPIO_Init)
    i.GPIO_ReadInputDataBit                  0x0800178e   Section        0  stm32f10x_gpio.o(i.GPIO_ReadInputDataBit)
    i.GPIO_ReadOutputDataBit                 0x080017a0   Section        0  stm32f10x_gpio.o(i.GPIO_ReadOutputDataBit)
    i.GPIO_ResetBits                         0x080017b2   Section        0  stm32f10x_gpio.o(i.GPIO_ResetBits)
    i.GPIO_SetBits                           0x080017b6   Section        0  stm32f10x_gpio.o(i.GPIO_SetBits)
    i.GPIO_WriteBit                          0x080017ba   Section        0  stm32f10x_gpio.o(i.GPIO_WriteBit)
    i.Get1SecFlag                            0x080017c4   Section        0  timer.o(i.Get1SecFlag)
    i.Get2msFlag                             0x080017d0   Section        0  timer.o(i.Get2msFlag)
    i.GetTimeCounter                         0x080017dc   Section        0  timer.o(i.GetTimeCounter)
    i.HardFault_Handler                      0x080017e8   Section        0  stm32f10x_it.o(i.HardFault_Handler)
    i.IIRHighpass                            0x080017ec   Section        0  ecg.o(i.IIRHighpass)
    IIRHighpass                              0x080017ed   Thumb Code   242  ecg.o(i.IIRHighpass)
    i.IIRHighpass                            0x080018e8   Section        0  spo2.o(i.IIRHighpass)
    IIRHighpass                              0x080018e9   Thumb Code   242  spo2.o(i.IIRHighpass)
    i.IIRLowpass                             0x080019e4   Section        0  spo2.o(i.IIRLowpass)
    IIRLowpass                               0x080019e5   Thumb Code   242  spo2.o(i.IIRLowpass)
    i.IIRNotch                               0x08001ae0   Section        0  ecg.o(i.IIRNotch)
    IIRNotch                                 0x08001ae1   Thumb Code   242  ecg.o(i.IIRNotch)
    i.InitADC                                0x08001bdc   Section        0  adc.o(i.InitADC)
    i.InitDAC                                0x08001bf2   Section        0  dac.o(i.InitDAC)
    i.InitECG                                0x08001c08   Section        0  ecg.o(i.InitECG)
    i.InitHardware                           0x08001c64   Section        0  main.o(i.InitHardware)
    InitHardware                             0x08001c65   Thumb Code    60  main.o(i.InitHardware)
    i.InitLED                                0x08001ca0   Section        0  led.o(i.InitLED)
    i.InitNVIC                               0x08001ca8   Section        0  nvic.o(i.InitNVIC)
    i.InitOLED                               0x08001cb0   Section        0  oled.o(i.InitOLED)
    i.InitPackUnpack                         0x08001ce4   Section        0  packunpack.o(i.InitPackUnpack)
    i.InitProcHostCmd                        0x08001d28   Section        0  prochostcmd.o(i.InitProcHostCmd)
    i.InitQueue                              0x08001d2a   Section        0  queue.o(i.InitQueue)
    i.InitRCC                                0x08001d4e   Section        0  rcc.o(i.InitRCC)
    i.InitRESP                               0x08001d58   Section        0  resp.o(i.InitRESP)
    i.InitSPO2                               0x08001da8   Section        0  spo2.o(i.InitSPO2)
    i.InitSendDataToHost                     0x08001dd4   Section        0  senddatatohost.o(i.InitSendDataToHost)
    i.InitSoftware                           0x08001dd6   Section        0  main.o(i.InitSoftware)
    InitSoftware                             0x08001dd7   Thumb Code    16  main.o(i.InitSoftware)
    i.InitSysTick                            0x08001de8   Section        0  systick.o(i.InitSysTick)
    i.InitTimer                              0x08001e50   Section        0  timer.o(i.InitTimer)
    i.InitUART1                              0x08001e68   Section        0  uart1.o(i.InitUART1)
    i.InitUARTBuf                            0x08001e78   Section        0  uart1.o(i.InitUARTBuf)
    InitUARTBuf                              0x08001e79   Thumb Code    46  uart1.o(i.InitUARTBuf)
    i.LEDFlicker                             0x08001eb8   Section        0  led.o(i.LEDFlicker)
    i.MedianFIlter                           0x08001f0c   Section        0  ecg.o(i.MedianFIlter)
    MedianFIlter                             0x08001f0d   Thumb Code   210  ecg.o(i.MedianFIlter)
    i.MemManage_Handler                      0x08001fe8   Section        0  stm32f10x_it.o(i.MemManage_Handler)
    i.NMI_Handler                            0x08001fec   Section        0  stm32f10x_it.o(i.NMI_Handler)
    i.NVIC_ClearPendingIRQ                   0x08001ff0   Section        0  uart1.o(i.NVIC_ClearPendingIRQ)
    NVIC_ClearPendingIRQ                     0x08001ff1   Thumb Code    18  uart1.o(i.NVIC_ClearPendingIRQ)
    i.NVIC_Init                              0x08002008   Section        0  misc.o(i.NVIC_Init)
    i.NVIC_PriorityGroupConfig               0x08002078   Section        0  misc.o(i.NVIC_PriorityGroupConfig)
    i.OLEDClear                              0x0800208c   Section        0  oled.o(i.OLEDClear)
    i.OLEDDrawPoint                          0x080020bc   Section        0  oled.o(i.OLEDDrawPoint)
    OLEDDrawPoint                            0x080020bd   Thumb Code   100  oled.o(i.OLEDDrawPoint)
    i.OLEDRefreshGRAM                        0x08002124   Section        0  oled.o(i.OLEDRefreshGRAM)
    i.OLEDShowChar                           0x08002170   Section        0  oled.o(i.OLEDShowChar)
    i.OLEDShowNum                            0x08002218   Section        0  oled.o(i.OLEDShowNum)
    i.OLEDShowString                         0x080022ac   Section        0  oled.o(i.OLEDShowString)
    i.OLEDWriteByte                          0x080022f0   Section        0  oled.o(i.OLEDWriteByte)
    OLEDWriteByte                            0x080022f1   Thumb Code   124  oled.o(i.OLEDWriteByte)
    i.OLED_ECG                               0x08002374   Section        0  ecg.o(i.OLED_ECG)
    i.OLED_RESP                              0x08002434   Section        0  resp.o(i.OLED_RESP)
    i.OLED_SPO2                              0x080024f8   Section        0  spo2.o(i.OLED_SPO2)
    i.PackData                               0x080024fa   Section        0  packunpack.o(i.PackData)
    i.PackWithCheckSum                       0x08002512   Section        0  packunpack.o(i.PackWithCheckSum)
    PackWithCheckSum                         0x08002513   Thumb Code    62  packunpack.o(i.PackWithCheckSum)
    i.PendSV_Handler                         0x08002550   Section        0  stm32f10x_it.o(i.PendSV_Handler)
    i.Proc1SecTask                           0x08002554   Section        0  main.o(i.Proc1SecTask)
    Proc1SecTask                             0x08002555   Thumb Code   144  main.o(i.Proc1SecTask)
    i.Proc2msTask                            0x080025ec   Section        0  main.o(i.Proc2msTask)
    Proc2msTask                              0x080025ed   Thumb Code   108  main.o(i.Proc2msTask)
    i.QueueEmpty                             0x08002660   Section        0  queue.o(i.QueueEmpty)
    i.RCC_ADCCLKConfig                       0x08002670   Section        0  stm32f10x_rcc.o(i.RCC_ADCCLKConfig)
    i.RCC_AHBPeriphClockCmd                  0x08002688   Section        0  stm32f10x_rcc.o(i.RCC_AHBPeriphClockCmd)
    i.RCC_APB1PeriphClockCmd                 0x080026a8   Section        0  stm32f10x_rcc.o(i.RCC_APB1PeriphClockCmd)
    i.RCC_APB1PeriphResetCmd                 0x080026c8   Section        0  stm32f10x_rcc.o(i.RCC_APB1PeriphResetCmd)
    i.RCC_APB2PeriphClockCmd                 0x080026e8   Section        0  stm32f10x_rcc.o(i.RCC_APB2PeriphClockCmd)
    i.RCC_APB2PeriphResetCmd                 0x08002708   Section        0  stm32f10x_rcc.o(i.RCC_APB2PeriphResetCmd)
    i.RCC_DeInit                             0x08002728   Section        0  stm32f10x_rcc.o(i.RCC_DeInit)
    i.RCC_GetClocksFreq                      0x08002774   Section        0  stm32f10x_rcc.o(i.RCC_GetClocksFreq)
    i.RCC_GetFlagStatus                      0x08002848   Section        0  stm32f10x_rcc.o(i.RCC_GetFlagStatus)
    i.RCC_GetSYSCLKSource                    0x08002884   Section        0  stm32f10x_rcc.o(i.RCC_GetSYSCLKSource)
    i.RCC_HCLKConfig                         0x08002894   Section        0  stm32f10x_rcc.o(i.RCC_HCLKConfig)
    i.RCC_HSEConfig                          0x080028ac   Section        0  stm32f10x_rcc.o(i.RCC_HSEConfig)
    i.RCC_PCLK1Config                        0x080028f8   Section        0  stm32f10x_rcc.o(i.RCC_PCLK1Config)
    i.RCC_PCLK2Config                        0x08002910   Section        0  stm32f10x_rcc.o(i.RCC_PCLK2Config)
    i.RCC_PLLCmd                             0x08002928   Section        0  stm32f10x_rcc.o(i.RCC_PLLCmd)
    i.RCC_PLLConfig                          0x08002934   Section        0  stm32f10x_rcc.o(i.RCC_PLLConfig)
    i.RCC_SYSCLKConfig                       0x08002950   Section        0  stm32f10x_rcc.o(i.RCC_SYSCLKConfig)
    i.RCC_WaitForHSEStartUp                  0x08002968   Section        0  stm32f10x_rcc.o(i.RCC_WaitForHSEStartUp)
    i.RESPGetLeadStatus                      0x080029a0   Section        0  resp.o(i.RESPGetLeadStatus)
    i.RESPGetRespRate                        0x080029d4   Section        0  resp.o(i.RESPGetRespRate)
    i.RESPTask                               0x080029e0   Section        0  resp.o(i.RESPTask)
    i.ReadECGADC                             0x08002ac8   Section        0  adc.o(i.ReadECGADC)
    i.ReadRESPADC                            0x08002ad4   Section        0  adc.o(i.ReadRESPADC)
    i.ReadSPO2ADC                            0x08002ae0   Section        0  adc.o(i.ReadSPO2ADC)
    i.ReadSendBuf                            0x08002aec   Section        0  uart1.o(i.ReadSendBuf)
    ReadSendBuf                              0x08002aed   Thumb Code    22  uart1.o(i.ReadSendBuf)
    i.SPO2GetLeadStatus                      0x08002b08   Section        0  spo2.o(i.SPO2GetLeadStatus)
    i.SPO2GetSPO2Value                       0x08002b14   Section        0  spo2.o(i.SPO2GetSPO2Value)
    i.SPO2Task                               0x08002b28   Section        0  spo2.o(i.SPO2Task)
    i.SPO2_LED_Task                          0x08002dc8   Section        0  spo2.o(i.SPO2_LED_Task)
    i.SVC_Handler                            0x08002e74   Section        0  stm32f10x_it.o(i.SVC_Handler)
    i.SendPackToHost                         0x08002e76   Section        0  senddatatohost.o(i.SendPackToHost)
    SendPackToHost                           0x08002e77   Thumb Code    28  senddatatohost.o(i.SendPackToHost)
    i.SendParamPackHost                      0x08002e92   Section        0  senddatatohost.o(i.SendParamPackHost)
    i.SendStatusPackHost                     0x08002ece   Section        0  senddatatohost.o(i.SendStatusPackHost)
    i.SendWavePackHost                       0x08002f0a   Section        0  senddatatohost.o(i.SendWavePackHost)
    i.SetSysClock                            0x08002f46   Section        0  system_stm32f10x.o(i.SetSysClock)
    SetSysClock                              0x08002f47   Thumb Code     8  system_stm32f10x.o(i.SetSysClock)
    i.SetSysClockTo72                        0x08002f50   Section        0  system_stm32f10x.o(i.SetSysClockTo72)
    SetSysClockTo72                          0x08002f51   Thumb Code   214  system_stm32f10x.o(i.SetSysClockTo72)
    i.SmoothingFilter                        0x08003030   Section        0  ecg.o(i.SmoothingFilter)
    SmoothingFilter                          0x08003031   Thumb Code   130  ecg.o(i.SmoothingFilter)
    i.SmoothingFilter                        0x080030c4   Section        0  resp.o(i.SmoothingFilter)
    SmoothingFilter                          0x080030c5   Thumb Code   130  resp.o(i.SmoothingFilter)
    i.SmoothingFilter_IR                     0x08003158   Section        0  spo2.o(i.SmoothingFilter_IR)
    SmoothingFilter_IR                       0x08003159   Thumb Code   178  spo2.o(i.SmoothingFilter_IR)
    i.SmoothingFilter_RED                    0x0800321c   Section        0  spo2.o(i.SmoothingFilter_RED)
    SmoothingFilter_RED                      0x0800321d   Thumb Code   178  spo2.o(i.SmoothingFilter_RED)
    i.SysTick_Handler                        0x080032e0   Section        0  systick.o(i.SysTick_Handler)
    i.SystemInit                             0x080032e8   Section        0  system_stm32f10x.o(i.SystemInit)
    i.TIM2_IRQHandler                        0x08003348   Section        0  timer.o(i.TIM2_IRQHandler)
    i.TIM5_IRQHandler                        0x08003398   Section        0  timer.o(i.TIM5_IRQHandler)
    i.TIM_ClearITPendingBit                  0x080033e0   Section        0  stm32f10x_tim.o(i.TIM_ClearITPendingBit)
    i.TIM_Cmd                                0x080033e6   Section        0  stm32f10x_tim.o(i.TIM_Cmd)
    i.TIM_DeInit                             0x08003400   Section        0  stm32f10x_tim.o(i.TIM_DeInit)
    i.TIM_GetITStatus                        0x080035e8   Section        0  stm32f10x_tim.o(i.TIM_GetITStatus)
    i.TIM_ITConfig                           0x0800360a   Section        0  stm32f10x_tim.o(i.TIM_ITConfig)
    i.TIM_SelectOutputTrigger                0x0800361c   Section        0  stm32f10x_tim.o(i.TIM_SelectOutputTrigger)
    i.TIM_TimeBaseInit                       0x08003630   Section        0  stm32f10x_tim.o(i.TIM_TimeBaseInit)
    i.TimDelayDec                            0x080036d4   Section        0  systick.o(i.TimDelayDec)
    TimDelayDec                              0x080036d5   Thumb Code    18  systick.o(i.TimDelayDec)
    i.USART1_IRQHandler                      0x080036ec   Section        0  uart1.o(i.USART1_IRQHandler)
    i.USART_ClearFlag                        0x08003784   Section        0  stm32f10x_usart.o(i.USART_ClearFlag)
    i.USART_ClearITPendingBit                0x08003796   Section        0  stm32f10x_usart.o(i.USART_ClearITPendingBit)
    i.USART_Cmd                              0x080037b4   Section        0  stm32f10x_usart.o(i.USART_Cmd)
    i.USART_GetFlagStatus                    0x080037cc   Section        0  stm32f10x_usart.o(i.USART_GetFlagStatus)
    i.USART_GetITStatus                      0x080037e6   Section        0  stm32f10x_usart.o(i.USART_GetITStatus)
    i.USART_ITConfig                         0x0800383a   Section        0  stm32f10x_usart.o(i.USART_ITConfig)
    i.USART_Init                             0x08003884   Section        0  stm32f10x_usart.o(i.USART_Init)
    i.USART_ReceiveData                      0x0800395c   Section        0  stm32f10x_usart.o(i.USART_ReceiveData)
    i.USART_SendData                         0x08003966   Section        0  stm32f10x_usart.o(i.USART_SendData)
    i.USART_StructInit                       0x0800396e   Section        0  stm32f10x_usart.o(i.USART_StructInit)
    i.Update_Threshold                       0x08003988   Section        0  ecg.o(i.Update_Threshold)
    Update_Threshold                         0x08003989   Thumb Code   130  ecg.o(i.Update_Threshold)
    i.Update_Threshold                       0x08003a14   Section        0  resp.o(i.Update_Threshold)
    Update_Threshold                         0x08003a15   Thumb Code   146  resp.o(i.Update_Threshold)
    i.UsageFault_Handler                     0x08003ab4   Section        0  stm32f10x_it.o(i.UsageFault_Handler)
    i.WriteReceiveBuf                        0x08003ab8   Section        0  uart1.o(i.WriteReceiveBuf)
    WriteReceiveBuf                          0x08003ab9   Thumb Code    20  uart1.o(i.WriteReceiveBuf)
    i.WriteUART1                             0x08003ad0   Section        0  uart1.o(i.WriteUART1)
    i.__scatterload_copy                     0x08003b00   Section       14  handlers.o(i.__scatterload_copy)
    i.__scatterload_null                     0x08003b0e   Section        2  handlers.o(i.__scatterload_null)
    i.__scatterload_zeroinit                 0x08003b10   Section       14  handlers.o(i.__scatterload_zeroinit)
    i.bubbleSort                             0x08003b1e   Section        0  spo2.o(i.bubbleSort)
    bubbleSort                               0x08003b1f   Thumb Code    70  spo2.o(i.bubbleSort)
    i.calRate                                0x08003b64   Section        0  ecg.o(i.calRate)
    calRate                                  0x08003b65   Thumb Code   196  ecg.o(i.calRate)
    i.calRate                                0x08003c38   Section        0  resp.o(i.calRate)
    calRate                                  0x08003c39   Thumb Code    34  resp.o(i.calRate)
    i.calRate                                0x08003c60   Section        0  spo2.o(i.calRate)
    calRate                                  0x08003c61   Thumb Code   196  spo2.o(i.calRate)
    i.calSpO2                                0x08003d34   Section        0  spo2.o(i.calSpO2)
    calSpO2                                  0x08003d35   Thumb Code   676  spo2.o(i.calSpO2)
    i.main                                   0x0800403c   Section        0  main.o(i.main)
    .constdata                               0x08004058   Section     2660  oled.o(.constdata)
    .data                                    0x20000000   Section       20  main.o(.data)
    s_iCnt2                                  0x20000001   Data           1  main.o(.data)
    s_waveDataPack                           0x20000002   Data           6  main.o(.data)
    s_paramDataPack                          0x20000008   Data           6  main.o(.data)
    s_statusDataPack                         0x2000000e   Data           6  main.o(.data)
    .data                                    0x20000014   Section        2  led.o(.data)
    s_iCnt                                   0x20000014   Data           2  led.o(.data)
    .data                                    0x20000018   Section      156  ecg.o(.data)
    IIRNotch_b                               0x20000018   Data          24  ecg.o(.data)
    IIRNotch_a                               0x20000030   Data          24  ecg.o(.data)
    IIRHighpass_b                            0x20000048   Data          24  ecg.o(.data)
    IIRHighpass_a                            0x20000060   Data          24  ecg.o(.data)
    ECG_Wave_index                           0x20000078   Data           4  ecg.o(.data)
    peakThreshold                            0x20000080   Data           8  ecg.o(.data)
    lastPeak_index                           0x20000088   Data           4  ecg.o(.data)
    currentPeak_index                        0x2000008c   Data           4  ecg.o(.data)
    heartRate                                0x20000090   Data           4  ecg.o(.data)
    idx                                      0x20000094   Data           4  ecg.o(.data)
    count                                    0x20000098   Data           4  ecg.o(.data)
    sum                                      0x200000a0   Data           8  ecg.o(.data)
    idx                                      0x200000a8   Data           4  ecg.o(.data)
    idx                                      0x200000ac   Data           4  ecg.o(.data)
    count                                    0x200000b0   Data           4  ecg.o(.data)
    .data                                    0x200000b8   Section       64  resp.o(.data)
    BR_Wave_index                            0x200000b8   Data           4  resp.o(.data)
    peakThreshold                            0x200000c0   Data           8  resp.o(.data)
    lastPeak_index                           0x200000c8   Data           8  resp.o(.data)
    currentPeak_index                        0x200000d0   Data           8  resp.o(.data)
    breathRate                               0x200000d8   Data           4  resp.o(.data)
    s_peak2peak                              0x200000e0   Data           8  resp.o(.data)
    idx                                      0x200000e8   Data           4  resp.o(.data)
    count                                    0x200000ec   Data           4  resp.o(.data)
    sum                                      0x200000f0   Data           8  resp.o(.data)
    .data                                    0x200000f8   Section      197  spo2.o(.data)
    SPO2_Wave_data_RED                       0x200000f8   Data           4  spo2.o(.data)
    SPO2_Wave_data_IR                        0x200000fc   Data           4  spo2.o(.data)
    IIRLowpass_b                             0x20000100   Data          24  spo2.o(.data)
    IIRLowpass_a                             0x20000118   Data          24  spo2.o(.data)
    IIRHighpass_b                            0x20000130   Data          24  spo2.o(.data)
    IIRHighpass_a                            0x20000148   Data          24  spo2.o(.data)
    SPO2_Wave_index                          0x20000160   Data           4  spo2.o(.data)
    peakThreshold                            0x20000168   Data           8  spo2.o(.data)
    lastPeak_index                           0x20000170   Data           4  spo2.o(.data)
    currentPeak_index                        0x20000174   Data           4  spo2.o(.data)
    pulseRate                                0x20000178   Data           4  spo2.o(.data)
    peak2peak_RED                            0x20000180   Data           8  spo2.o(.data)
    peak2peak_IR                             0x20000188   Data           8  spo2.o(.data)
    value_R                                  0x20000190   Data           8  spo2.o(.data)
    value_SPO2                               0x20000198   Data           8  spo2.o(.data)
    s_DACdata                                0x200001a0   Data           2  spo2.o(.data)
    adjust_wait_cnt                          0x200001a4   Data           4  spo2.o(.data)
    s_SPO2_Connected                         0x200001a8   Data           1  spo2.o(.data)
    i                                        0x200001ac   Data           4  spo2.o(.data)
    i                                        0x200001b0   Data           4  spo2.o(.data)
    idx                                      0x200001b4   Data           4  spo2.o(.data)
    count                                    0x200001b8   Data           4  spo2.o(.data)
    state                                    0x200001bc   Data           1  spo2.o(.data)
    .data                                    0x200001bd   Section        3  packunpack.o(.data)
    s_iPackLen                               0x200001bd   Data           1  packunpack.o(.data)
    s_iGotPackId                             0x200001be   Data           1  packunpack.o(.data)
    s_iRestByteNum                           0x200001bf   Data           1  packunpack.o(.data)
    .data                                    0x200001c0   Section       12  timer.o(.data)
    s_i2msFlag                               0x200001c0   Data           1  timer.o(.data)
    s_i1secFlag                              0x200001c1   Data           1  timer.o(.data)
    s_1msCounter                             0x200001c4   Data           4  timer.o(.data)
    s_iCnt2                                  0x200001c8   Data           2  timer.o(.data)
    s_iCnt1000                               0x200001ca   Data           2  timer.o(.data)
    .data                                    0x200001cc   Section        1  uart1.o(.data)
    s_iUARTTxSts                             0x200001cc   Data           1  uart1.o(.data)
    .data                                    0x200001d0   Section        8  dac.o(.data)
    s_strDAC1WaveBuf                         0x200001d0   Data           8  dac.o(.data)
    .data                                    0x200001d8   Section        6  adc.o(.data)
    s_arrADCData                             0x200001d8   Data           6  adc.o(.data)
    .data                                    0x200001de   Section       20  stm32f10x_rcc.o(.data)
    APBAHBPrescTable                         0x200001de   Data          16  stm32f10x_rcc.o(.data)
    ADCPrescTable                            0x200001ee   Data           4  stm32f10x_rcc.o(.data)
    .data                                    0x200001f4   Section        4  systick.o(.data)
    s_iTimDelayCnt                           0x200001f4   Data           4  systick.o(.data)
    .data                                    0x200001f8   Section       20  system_stm32f10x.o(.data)
    .bss                                     0x20000210   Section     4972  ecg.o(.bss)
    IIRNotch_win                             0x20000210   Data          24  ecg.o(.bss)
    IIRHighpass_win                          0x20000228   Data          24  ecg.o(.bss)
    arr_ECG_Wave                             0x20000240   Data        4800  ecg.o(.bss)
    buf                                      0x20001500   Data          64  ecg.o(.bss)
    buf                                      0x20001540   Data          40  ecg.o(.bss)
    arrRates                                 0x20001568   Data          20  ecg.o(.bss)
    .bss                                     0x2000157c   Section     1024  oled.o(.bss)
    s_arrOLEDGRAM                            0x2000157c   Data        1024  oled.o(.bss)
    .bss                                     0x20001980   Section    16000  resp.o(.bss)
    arr_BR_Wave                              0x20001980   Data       14400  resp.o(.bss)
    buf                                      0x200051c0   Data        1600  resp.o(.bss)
    .bss                                     0x20005800   Section     7500  spo2.o(.bss)
    IIRLowpass_win_RED                       0x20005800   Data          24  spo2.o(.bss)
    IIRLowpass_win_IR                        0x20005818   Data          24  spo2.o(.bss)
    IIRHighpass_win_RED                      0x20005830   Data          24  spo2.o(.bss)
    IIRHighpass_win_IR                       0x20005848   Data          24  spo2.o(.bss)
    arr_SPO2_Wave_Rate                       0x20005860   Data        2400  spo2.o(.bss)
    arr_SPO2_Wave_RED                        0x200061c0   Data        2400  spo2.o(.bss)
    arr_SPO2_Wave_IR                         0x20006b20   Data        2400  spo2.o(.bss)
    rValue_buf                               0x20007480   Data          20  spo2.o(.bss)
    buf                                      0x20007498   Data          80  spo2.o(.bss)
    buf                                      0x200074e8   Data          80  spo2.o(.bss)
    arrRates                                 0x20007538   Data          20  spo2.o(.bss)
    .bss                                     0x2000754c   Section       10  packunpack.o(.bss)
    s_ptPack                                 0x2000754c   Data          10  packunpack.o(.bss)
    .bss                                     0x20007558   Section      224  uart1.o(.bss)
    s_structUARTSendCirQue                   0x20007558   Data          12  uart1.o(.bss)
    s_structUARTRecCirQue                    0x20007564   Data          12  uart1.o(.bss)
    s_arrSendBuf                             0x20007570   Data         100  uart1.o(.bss)
    s_arrRecBuf                              0x200075d4   Data         100  uart1.o(.bss)
    STACK                                    0x20007638   Section     1024  startup_stm32f10x_hd.o(STACK)

    Global Symbols

    Symbol Name                              Value     Ov Type        Size  Object(Section)

    BuildAttributes$$THM_ISAv4$P$D$K$B$S$PE$A:L22UL41UL21$X:L11$S22US41US21$IEEE1$IW$USESV6$~STKCKD$USESV7$~SHL$OSPACE$ROPI$EBA8$MICROLIB$REQ8$PRES8$EABIv2 0x00000000   Number         0  anon$$obj.o ABSOLUTE
    __ARM_use_no_argv                        0x00000000   Number         0  main.o ABSOLUTE
    __cpp_initialize__aeabi_                  - Undefined Weak Reference
    __cxa_finalize                            - Undefined Weak Reference
    _clock_init                               - Undefined Weak Reference
    _microlib_exit                            - Undefined Weak Reference
    __Vectors_Size                           0x00000130   Number         0  startup_stm32f10x_hd.o ABSOLUTE
    __Vectors                                0x08000000   Data           4  startup_stm32f10x_hd.o(RESET)
    __Vectors_End                            0x08000130   Data           0  startup_stm32f10x_hd.o(RESET)
    __main                                   0x08000131   Thumb Code     0  entry.o(.ARM.Collect$$$$00000000)
    _main_stk                                0x08000131   Thumb Code     0  entry2.o(.ARM.Collect$$$$00000001)
    _main_scatterload                        0x08000135   Thumb Code     0  entry5.o(.ARM.Collect$$$$00000004)
    __main_after_scatterload                 0x08000139   Thumb Code     0  entry5.o(.ARM.Collect$$$$00000004)
    _main_clock                              0x08000139   Thumb Code     0  entry7b.o(.ARM.Collect$$$$00000008)
    _main_cpp_init                           0x08000139   Thumb Code     0  entry8b.o(.ARM.Collect$$$$0000000A)
    _main_init                               0x08000139   Thumb Code     0  entry9a.o(.ARM.Collect$$$$0000000B)
    __rt_final_cpp                           0x08000141   Thumb Code     0  entry10a.o(.ARM.Collect$$$$0000000D)
    __rt_final_exit                          0x08000141   Thumb Code     0  entry11a.o(.ARM.Collect$$$$0000000F)
    Reset_Handler                            0x08000145   Thumb Code     8  startup_stm32f10x_hd.o(.text)
    ADC1_2_IRQHandler                        0x0800015f   Thumb Code     0  startup_stm32f10x_hd.o(.text)
    ADC3_IRQHandler                          0x0800015f   Thumb Code     0  startup_stm32f10x_hd.o(.text)
    CAN1_RX1_IRQHandler                      0x0800015f   Thumb Code     0  startup_stm32f10x_hd.o(.text)
    CAN1_SCE_IRQHandler                      0x0800015f   Thumb Code     0  startup_stm32f10x_hd.o(.text)
    DMA1_Channel1_IRQHandler                 0x0800015f   Thumb Code     0  startup_stm32f10x_hd.o(.text)
    DMA1_Channel2_IRQHandler                 0x0800015f   Thumb Code     0  startup_stm32f10x_hd.o(.text)
    DMA1_Channel3_IRQHandler                 0x0800015f   Thumb Code     0  startup_stm32f10x_hd.o(.text)
    DMA1_Channel4_IRQHandler                 0x0800015f   Thumb Code     0  startup_stm32f10x_hd.o(.text)
    DMA1_Channel5_IRQHandler                 0x0800015f   Thumb Code     0  startup_stm32f10x_hd.o(.text)
    DMA1_Channel6_IRQHandler                 0x0800015f   Thumb Code     0  startup_stm32f10x_hd.o(.text)
    DMA1_Channel7_IRQHandler                 0x0800015f   Thumb Code     0  startup_stm32f10x_hd.o(.text)
    DMA2_Channel1_IRQHandler                 0x0800015f   Thumb Code     0  startup_stm32f10x_hd.o(.text)
    DMA2_Channel2_IRQHandler                 0x0800015f   Thumb Code     0  startup_stm32f10x_hd.o(.text)
    DMA2_Channel4_5_IRQHandler               0x0800015f   Thumb Code     0  startup_stm32f10x_hd.o(.text)
    EXTI0_IRQHandler                         0x0800015f   Thumb Code     0  startup_stm32f10x_hd.o(.text)
    EXTI15_10_IRQHandler                     0x0800015f   Thumb Code     0  startup_stm32f10x_hd.o(.text)
    EXTI1_IRQHandler                         0x0800015f   Thumb Code     0  startup_stm32f10x_hd.o(.text)
    EXTI2_IRQHandler                         0x0800015f   Thumb Code     0  startup_stm32f10x_hd.o(.text)
    EXTI3_IRQHandler                         0x0800015f   Thumb Code     0  startup_stm32f10x_hd.o(.text)
    EXTI4_IRQHandler                         0x0800015f   Thumb Code     0  startup_stm32f10x_hd.o(.text)
    EXTI9_5_IRQHandler                       0x0800015f   Thumb Code     0  startup_stm32f10x_hd.o(.text)
    FLASH_IRQHandler                         0x0800015f   Thumb Code     0  startup_stm32f10x_hd.o(.text)
    FSMC_IRQHandler                          0x0800015f   Thumb Code     0  startup_stm32f10x_hd.o(.text)
    I2C1_ER_IRQHandler                       0x0800015f   Thumb Code     0  startup_stm32f10x_hd.o(.text)
    I2C1_EV_IRQHandler                       0x0800015f   Thumb Code     0  startup_stm32f10x_hd.o(.text)
    I2C2_ER_IRQHandler                       0x0800015f   Thumb Code     0  startup_stm32f10x_hd.o(.text)
    I2C2_EV_IRQHandler                       0x0800015f   Thumb Code     0  startup_stm32f10x_hd.o(.text)
    PVD_IRQHandler                           0x0800015f   Thumb Code     0  startup_stm32f10x_hd.o(.text)
    RCC_IRQHandler                           0x0800015f   Thumb Code     0  startup_stm32f10x_hd.o(.text)
    RTCAlarm_IRQHandler                      0x0800015f   Thumb Code     0  startup_stm32f10x_hd.o(.text)
    RTC_IRQHandler                           0x0800015f   Thumb Code     0  startup_stm32f10x_hd.o(.text)
    SDIO_IRQHandler                          0x0800015f   Thumb Code     0  startup_stm32f10x_hd.o(.text)
    SPI1_IRQHandler                          0x0800015f   Thumb Code     0  startup_stm32f10x_hd.o(.text)
    SPI2_IRQHandler                          0x0800015f   Thumb Code     0  startup_stm32f10x_hd.o(.text)
    SPI3_IRQHandler                          0x0800015f   Thumb Code     0  startup_stm32f10x_hd.o(.text)
    TAMPER_IRQHandler                        0x0800015f   Thumb Code     0  startup_stm32f10x_hd.o(.text)
    TIM1_BRK_IRQHandler                      0x0800015f   Thumb Code     0  startup_stm32f10x_hd.o(.text)
    TIM1_CC_IRQHandler                       0x0800015f   Thumb Code     0  startup_stm32f10x_hd.o(.text)
    TIM1_TRG_COM_IRQHandler                  0x0800015f   Thumb Code     0  startup_stm32f10x_hd.o(.text)
    TIM1_UP_IRQHandler                       0x0800015f   Thumb Code     0  startup_stm32f10x_hd.o(.text)
    TIM3_IRQHandler                          0x0800015f   Thumb Code     0  startup_stm32f10x_hd.o(.text)
    TIM4_IRQHandler                          0x0800015f   Thumb Code     0  startup_stm32f10x_hd.o(.text)
    TIM6_IRQHandler                          0x0800015f   Thumb Code     0  startup_stm32f10x_hd.o(.text)
    TIM7_IRQHandler                          0x0800015f   Thumb Code     0  startup_stm32f10x_hd.o(.text)
    TIM8_BRK_IRQHandler                      0x0800015f   Thumb Code     0  startup_stm32f10x_hd.o(.text)
    TIM8_CC_IRQHandler                       0x0800015f   Thumb Code     0  startup_stm32f10x_hd.o(.text)
    TIM8_TRG_COM_IRQHandler                  0x0800015f   Thumb Code     0  startup_stm32f10x_hd.o(.text)
    TIM8_UP_IRQHandler                       0x0800015f   Thumb Code     0  startup_stm32f10x_hd.o(.text)
    UART4_IRQHandler                         0x0800015f   Thumb Code     0  startup_stm32f10x_hd.o(.text)
    UART5_IRQHandler                         0x0800015f   Thumb Code     0  startup_stm32f10x_hd.o(.text)
    USART2_IRQHandler                        0x0800015f   Thumb Code     0  startup_stm32f10x_hd.o(.text)
    USART3_IRQHandler                        0x0800015f   Thumb Code     0  startup_stm32f10x_hd.o(.text)
    USBWakeUp_IRQHandler                     0x0800015f   Thumb Code     0  startup_stm32f10x_hd.o(.text)
    USB_HP_CAN1_TX_IRQHandler                0x0800015f   Thumb Code     0  startup_stm32f10x_hd.o(.text)
    USB_LP_CAN1_RX0_IRQHandler               0x0800015f   Thumb Code     0  startup_stm32f10x_hd.o(.text)
    WWDG_IRQHandler                          0x0800015f   Thumb Code     0  startup_stm32f10x_hd.o(.text)
    __aeabi_memset                           0x08000169   Thumb Code    14  memseta.o(.text)
    __aeabi_memset4                          0x08000169   Thumb Code     0  memseta.o(.text)
    __aeabi_memset8                          0x08000169   Thumb Code     0  memseta.o(.text)
    __aeabi_memclr                           0x08000177   Thumb Code     4  memseta.o(.text)
    __aeabi_memclr4                          0x08000177   Thumb Code     0  memseta.o(.text)
    __aeabi_memclr8                          0x08000177   Thumb Code     0  memseta.o(.text)
    _memset$wrapper                          0x0800017b   Thumb Code    18  memseta.o(.text)
    __aeabi_dadd                             0x0800018d   Thumb Code   322  dadd.o(.text)
    __aeabi_dsub                             0x080002cf   Thumb Code     6  dadd.o(.text)
    __aeabi_drsub                            0x080002d5   Thumb Code     6  dadd.o(.text)
    __aeabi_dmul                             0x080002db   Thumb Code   228  dmul.o(.text)
    __aeabi_ddiv                             0x080003bf   Thumb Code   222  ddiv.o(.text)
    __aeabi_i2d                              0x0800049d   Thumb Code    34  dflti.o(.text)
    __aeabi_ui2d                             0x080004bf   Thumb Code    26  dfltui.o(.text)
    __aeabi_d2iz                             0x080004d9   Thumb Code    62  dfixi.o(.text)
    __aeabi_d2uiz                            0x08000517   Thumb Code    50  dfixui.o(.text)
    __aeabi_cdcmpeq                          0x08000549   Thumb Code     0  cdcmple.o(.text)
    __aeabi_cdcmple                          0x08000549   Thumb Code    48  cdcmple.o(.text)
    __aeabi_cdrcmple                         0x08000579   Thumb Code    48  cdrcmple.o(.text)
    __aeabi_llsl                             0x080005a9   Thumb Code    30  llshl.o(.text)
    _ll_shift_l                              0x080005a9   Thumb Code     0  llshl.o(.text)
    __aeabi_llsr                             0x080005c7   Thumb Code    32  llushr.o(.text)
    _ll_ushift_r                             0x080005c7   Thumb Code     0  llushr.o(.text)
    __aeabi_lasr                             0x080005e7   Thumb Code    36  llsshr.o(.text)
    _ll_sshift_r                             0x080005e7   Thumb Code     0  llsshr.o(.text)
    __I$use$fp                               0x0800060b   Thumb Code     0  iusefp.o(.text)
    _double_round                            0x0800060b   Thumb Code    30  depilogue.o(.text)
    _double_epilogue                         0x08000629   Thumb Code   156  depilogue.o(.text)
    __scatterload                            0x080006c5   Thumb Code    28  init.o(.text)
    __scatterload_rt2                        0x080006c5   Thumb Code     0  init.o(.text)
    __decompress                             0x080006e9   Thumb Code     0  __dczerorl2.o(.text)
    __decompress1                            0x080006e9   Thumb Code    86  __dczerorl2.o(.text)
    ADC_Cmd                                  0x0800073f   Thumb Code    22  stm32f10x_adc.o(i.ADC_Cmd)
    ADC_DMACmd                               0x08000755   Thumb Code    22  stm32f10x_adc.o(i.ADC_DMACmd)
    ADC_ExternalTrigConvCmd                  0x0800076b   Thumb Code    22  stm32f10x_adc.o(i.ADC_ExternalTrigConvCmd)
    ADC_GetCalibrationStatus                 0x08000781   Thumb Code    20  stm32f10x_adc.o(i.ADC_GetCalibrationStatus)
    ADC_GetResetCalibrationStatus            0x08000795   Thumb Code    20  stm32f10x_adc.o(i.ADC_GetResetCalibrationStatus)
    ADC_Init                                 0x080007a9   Thumb Code    70  stm32f10x_adc.o(i.ADC_Init)
    ADC_RegularChannelConfig                 0x080007f9   Thumb Code   184  stm32f10x_adc.o(i.ADC_RegularChannelConfig)
    ADC_ResetCalibration                     0x080008b1   Thumb Code    10  stm32f10x_adc.o(i.ADC_ResetCalibration)
    ADC_StartCalibration                     0x080008bb   Thumb Code    10  stm32f10x_adc.o(i.ADC_StartCalibration)
    AdjustDAC                                0x080008c5   Thumb Code    14  dac.o(i.AdjustDAC)
    BusFault_Handler                         0x08000a19   Thumb Code     4  stm32f10x_it.o(i.BusFault_Handler)
    Clr1SecFlag                              0x08000a35   Thumb Code     8  timer.o(i.Clr1SecFlag)
    Clr2msFlag                               0x08000a41   Thumb Code     8  timer.o(i.Clr2msFlag)
    DAC_Cmd                                  0x0800116d   Thumb Code    34  stm32f10x_dac.o(i.DAC_Cmd)
    DAC_DMACmd                               0x08001195   Thumb Code    38  stm32f10x_dac.o(i.DAC_DMACmd)
    DAC_Init                                 0x080011c1   Thumb Code    46  stm32f10x_dac.o(i.DAC_Init)
    DAC_SetChannel1Data                      0x080011f5   Thumb Code    26  stm32f10x_dac.o(i.DAC_SetChannel1Data)
    DMA2_Channel3_IRQHandler                 0x08001215   Thumb Code    46  dac.o(i.DMA2_Channel3_IRQHandler)
    DMA_ClearITPendingBit                    0x08001255   Thumb Code    18  stm32f10x_dma.o(i.DMA_ClearITPendingBit)
    DMA_Cmd                                  0x08001271   Thumb Code    24  stm32f10x_dma.o(i.DMA_Cmd)
    DMA_DeInit                               0x08001289   Thumb Code   324  stm32f10x_dma.o(i.DMA_DeInit)
    DMA_GetITStatus                          0x080013d5   Thumb Code    36  stm32f10x_dma.o(i.DMA_GetITStatus)
    DMA_ITConfig                             0x08001401   Thumb Code    18  stm32f10x_dma.o(i.DMA_ITConfig)
    DMA_Init                                 0x08001413   Thumb Code    60  stm32f10x_dma.o(i.DMA_Init)
    DeQueue                                  0x0800144f   Thumb Code    68  queue.o(i.DeQueue)
    DebugMon_Handler                         0x08001493   Thumb Code     2  stm32f10x_it.o(i.DebugMon_Handler)
    DelayNms                                 0x08001495   Thumb Code    20  systick.o(i.DelayNms)
    ECGGetHeartRate                          0x080014ad   Thumb Code     8  ecg.o(i.ECGGetHeartRate)
    ECGGetLeadStatus                         0x080014b9   Thumb Code    20  ecg.o(i.ECGGetLeadStatus)
    ECGTask                                  0x080014d1   Thumb Code   234  ecg.o(i.ECGTask)
    EnQueue                                  0x080015dd   Thumb Code    72  queue.o(i.EnQueue)
    FLASH_PrefetchBufferCmd                  0x08001645   Thumb Code    22  stm32f10x_flash.o(i.FLASH_PrefetchBufferCmd)
    FLASH_SetLatency                         0x08001661   Thumb Code    18  stm32f10x_flash.o(i.FLASH_SetLatency)
    GPIO_Init                                0x08001679   Thumb Code   278  stm32f10x_gpio.o(i.GPIO_Init)
    GPIO_ReadInputDataBit                    0x0800178f   Thumb Code    18  stm32f10x_gpio.o(i.GPIO_ReadInputDataBit)
    GPIO_ReadOutputDataBit                   0x080017a1   Thumb Code    18  stm32f10x_gpio.o(i.GPIO_ReadOutputDataBit)
    GPIO_ResetBits                           0x080017b3   Thumb Code     4  stm32f10x_gpio.o(i.GPIO_ResetBits)
    GPIO_SetBits                             0x080017b7   Thumb Code     4  stm32f10x_gpio.o(i.GPIO_SetBits)
    GPIO_WriteBit                            0x080017bb   Thumb Code    10  stm32f10x_gpio.o(i.GPIO_WriteBit)
    Get1SecFlag                              0x080017c5   Thumb Code     6  timer.o(i.Get1SecFlag)
    Get2msFlag                               0x080017d1   Thumb Code     6  timer.o(i.Get2msFlag)
    GetTimeCounter                           0x080017dd   Thumb Code     6  timer.o(i.GetTimeCounter)
    HardFault_Handler                        0x080017e9   Thumb Code     4  stm32f10x_it.o(i.HardFault_Handler)
    InitADC                                  0x08001bdd   Thumb Code    22  adc.o(i.InitADC)
    InitDAC                                  0x08001bf3   Thumb Code    20  dac.o(i.InitDAC)
    InitECG                                  0x08001c09   Thumb Code    60  ecg.o(i.InitECG)
    InitLED                                  0x08001ca1   Thumb Code     8  led.o(i.InitLED)
    InitNVIC                                 0x08001ca9   Thumb Code     8  nvic.o(i.InitNVIC)
    InitOLED                                 0x08001cb1   Thumb Code    48  oled.o(i.InitOLED)
    InitPackUnpack                           0x08001ce5   Thumb Code    50  packunpack.o(i.InitPackUnpack)
    InitProcHostCmd                          0x08001d29   Thumb Code     2  prochostcmd.o(i.InitProcHostCmd)
    InitQueue                                0x08001d2b   Thumb Code    36  queue.o(i.InitQueue)
    InitRCC                                  0x08001d4f   Thumb Code     8  rcc.o(i.InitRCC)
    InitRESP                                 0x08001d59   Thumb Code    50  resp.o(i.InitRESP)
    InitSPO2                                 0x08001da9   Thumb Code    30  spo2.o(i.InitSPO2)
    InitSendDataToHost                       0x08001dd5   Thumb Code     2  senddatatohost.o(i.InitSendDataToHost)
    InitSysTick                              0x08001de9   Thumb Code    92  systick.o(i.InitSysTick)
    InitTimer                                0x08001e51   Thumb Code    24  timer.o(i.InitTimer)
    InitUART1                                0x08001e69   Thumb Code    16  uart1.o(i.InitUART1)
    LEDFlicker                               0x08001eb9   Thumb Code    76  led.o(i.LEDFlicker)
    MemManage_Handler                        0x08001fe9   Thumb Code     4  stm32f10x_it.o(i.MemManage_Handler)
    NMI_Handler                              0x08001fed   Thumb Code     2  stm32f10x_it.o(i.NMI_Handler)
    NVIC_Init                                0x08002009   Thumb Code   100  misc.o(i.NVIC_Init)
    NVIC_PriorityGroupConfig                 0x08002079   Thumb Code    10  misc.o(i.NVIC_PriorityGroupConfig)
    OLEDClear                                0x0800208d   Thumb Code    42  oled.o(i.OLEDClear)
    OLEDRefreshGRAM                          0x08002125   Thumb Code    70  oled.o(i.OLEDRefreshGRAM)
    OLEDShowChar                             0x08002171   Thumb Code   158  oled.o(i.OLEDShowChar)
    OLEDShowNum                              0x08002219   Thumb Code   148  oled.o(i.OLEDShowNum)
    OLEDShowString                           0x080022ad   Thumb Code    68  oled.o(i.OLEDShowString)
    OLED_ECG                                 0x08002375   Thumb Code   144  ecg.o(i.OLED_ECG)
    OLED_RESP                                0x08002435   Thumb Code   140  resp.o(i.OLED_RESP)
    OLED_SPO2                                0x080024f9   Thumb Code     2  spo2.o(i.OLED_SPO2)
    PackData                                 0x080024fb   Thumb Code    24  packunpack.o(i.PackData)
    PendSV_Handler                           0x08002551   Thumb Code     2  stm32f10x_it.o(i.PendSV_Handler)
    QueueEmpty                               0x08002661   Thumb Code    14  queue.o(i.QueueEmpty)
    RCC_ADCCLKConfig                         0x08002671   Thumb Code    18  stm32f10x_rcc.o(i.RCC_ADCCLKConfig)
    RCC_AHBPeriphClockCmd                    0x08002689   Thumb Code    26  stm32f10x_rcc.o(i.RCC_AHBPeriphClockCmd)
    RCC_APB1PeriphClockCmd                   0x080026a9   Thumb Code    26  stm32f10x_rcc.o(i.RCC_APB1PeriphClockCmd)
    RCC_APB1PeriphResetCmd                   0x080026c9   Thumb Code    26  stm32f10x_rcc.o(i.RCC_APB1PeriphResetCmd)
    RCC_APB2PeriphClockCmd                   0x080026e9   Thumb Code    26  stm32f10x_rcc.o(i.RCC_APB2PeriphClockCmd)
    RCC_APB2PeriphResetCmd                   0x08002709   Thumb Code    26  stm32f10x_rcc.o(i.RCC_APB2PeriphResetCmd)
    RCC_DeInit                               0x08002729   Thumb Code    64  stm32f10x_rcc.o(i.RCC_DeInit)
    RCC_GetClocksFreq                        0x08002775   Thumb Code   192  stm32f10x_rcc.o(i.RCC_GetClocksFreq)
    RCC_GetFlagStatus                        0x08002849   Thumb Code    56  stm32f10x_rcc.o(i.RCC_GetFlagStatus)
    RCC_GetSYSCLKSource                      0x08002885   Thumb Code    10  stm32f10x_rcc.o(i.RCC_GetSYSCLKSource)
    RCC_HCLKConfig                           0x08002895   Thumb Code    18  stm32f10x_rcc.o(i.RCC_HCLKConfig)
    RCC_HSEConfig                            0x080028ad   Thumb Code    70  stm32f10x_rcc.o(i.RCC_HSEConfig)
    RCC_PCLK1Config                          0x080028f9   Thumb Code    18  stm32f10x_rcc.o(i.RCC_PCLK1Config)
    RCC_PCLK2Config                          0x08002911   Thumb Code    20  stm32f10x_rcc.o(i.RCC_PCLK2Config)
    RCC_PLLCmd                               0x08002929   Thumb Code     6  stm32f10x_rcc.o(i.RCC_PLLCmd)
    RCC_PLLConfig                            0x08002935   Thumb Code    24  stm32f10x_rcc.o(i.RCC_PLLConfig)
    RCC_SYSCLKConfig                         0x08002951   Thumb Code    18  stm32f10x_rcc.o(i.RCC_SYSCLKConfig)
    RCC_WaitForHSEStartUp                    0x08002969   Thumb Code    56  stm32f10x_rcc.o(i.RCC_WaitForHSEStartUp)
    RESPGetLeadStatus                        0x080029a1   Thumb Code    40  resp.o(i.RESPGetLeadStatus)
    RESPGetRespRate                          0x080029d5   Thumb Code     8  resp.o(i.RESPGetRespRate)
    RESPTask                                 0x080029e1   Thumb Code   208  resp.o(i.RESPTask)
    ReadECGADC                               0x08002ac9   Thumb Code     6  adc.o(i.ReadECGADC)
    ReadRESPADC                              0x08002ad5   Thumb Code     6  adc.o(i.ReadRESPADC)
    ReadSPO2ADC                              0x08002ae1   Thumb Code     6  adc.o(i.ReadSPO2ADC)
    SPO2GetLeadStatus                        0x08002b09   Thumb Code     6  spo2.o(i.SPO2GetLeadStatus)
    SPO2GetSPO2Value                         0x08002b15   Thumb Code    14  spo2.o(i.SPO2GetSPO2Value)
    SPO2Task                                 0x08002b29   Thumb Code   580  spo2.o(i.SPO2Task)
    SPO2_LED_Task                            0x08002dc9   Thumb Code   154  spo2.o(i.SPO2_LED_Task)
    SVC_Handler                              0x08002e75   Thumb Code     2  stm32f10x_it.o(i.SVC_Handler)
    SendParamPackHost                        0x08002e93   Thumb Code    60  senddatatohost.o(i.SendParamPackHost)
    SendStatusPackHost                       0x08002ecf   Thumb Code    60  senddatatohost.o(i.SendStatusPackHost)
    SendWavePackHost                         0x08002f0b   Thumb Code    60  senddatatohost.o(i.SendWavePackHost)
    SysTick_Handler                          0x080032e1   Thumb Code     8  systick.o(i.SysTick_Handler)
    SystemInit                               0x080032e9   Thumb Code    78  system_stm32f10x.o(i.SystemInit)
    TIM2_IRQHandler                          0x08003349   Thumb Code    66  timer.o(i.TIM2_IRQHandler)
    TIM5_IRQHandler                          0x08003399   Thumb Code    58  timer.o(i.TIM5_IRQHandler)
    TIM_ClearITPendingBit                    0x080033e1   Thumb Code     6  stm32f10x_tim.o(i.TIM_ClearITPendingBit)
    TIM_Cmd                                  0x080033e7   Thumb Code    24  stm32f10x_tim.o(i.TIM_Cmd)
    TIM_DeInit                               0x08003401   Thumb Code   424  stm32f10x_tim.o(i.TIM_DeInit)
    TIM_GetITStatus                          0x080035e9   Thumb Code    34  stm32f10x_tim.o(i.TIM_GetITStatus)
    TIM_ITConfig                             0x0800360b   Thumb Code    18  stm32f10x_tim.o(i.TIM_ITConfig)
    TIM_SelectOutputTrigger                  0x0800361d   Thumb Code    18  stm32f10x_tim.o(i.TIM_SelectOutputTrigger)
    TIM_TimeBaseInit                         0x08003631   Thumb Code   122  stm32f10x_tim.o(i.TIM_TimeBaseInit)
    USART1_IRQHandler                        0x080036ed   Thumb Code   140  uart1.o(i.USART1_IRQHandler)
    USART_ClearFlag                          0x08003785   Thumb Code    18  stm32f10x_usart.o(i.USART_ClearFlag)
    USART_ClearITPendingBit                  0x08003797   Thumb Code    30  stm32f10x_usart.o(i.USART_ClearITPendingBit)
    USART_Cmd                                0x080037b5   Thumb Code    24  stm32f10x_usart.o(i.USART_Cmd)
    USART_GetFlagStatus                      0x080037cd   Thumb Code    26  stm32f10x_usart.o(i.USART_GetFlagStatus)
    USART_GetITStatus                        0x080037e7   Thumb Code    84  stm32f10x_usart.o(i.USART_GetITStatus)
    USART_ITConfig                           0x0800383b   Thumb Code    74  stm32f10x_usart.o(i.USART_ITConfig)
    USART_Init                               0x08003885   Thumb Code   210  stm32f10x_usart.o(i.USART_Init)
    USART_ReceiveData                        0x0800395d   Thumb Code    10  stm32f10x_usart.o(i.USART_ReceiveData)
    USART_SendData                           0x08003967   Thumb Code     8  stm32f10x_usart.o(i.USART_SendData)
    USART_StructInit                         0x0800396f   Thumb Code    24  stm32f10x_usart.o(i.USART_StructInit)
    UsageFault_Handler                       0x08003ab5   Thumb Code     4  stm32f10x_it.o(i.UsageFault_Handler)
    WriteUART1                               0x08003ad1   Thumb Code    38  uart1.o(i.WriteUART1)
    __scatterload_copy                       0x08003b01   Thumb Code    14  handlers.o(i.__scatterload_copy)
    __scatterload_null                       0x08003b0f   Thumb Code     2  handlers.o(i.__scatterload_null)
    __scatterload_zeroinit                   0x08003b11   Thumb Code    14  handlers.o(i.__scatterload_zeroinit)
    main                                     0x0800403d   Thumb Code    28  main.o(i.main)
    g_iASCII1206                             0x08004058   Data        1140  oled.o(.constdata)
    g_iASCII1608                             0x080044cc   Data        1520  oled.o(.constdata)
    Region$$Table$$Base                      0x08004abc   Number         0  anon$$obj.o(Region$$Table)
    Region$$Table$$Limit                     0x08004adc   Number         0  anon$$obj.o(Region$$Table)
    g_displayMode                            0x20000000   Data           1  main.o(.data)
    SystemCoreClock                          0x200001f8   Data           4  system_stm32f10x.o(.data)
    AHBPrescTable                            0x200001fc   Data          16  system_stm32f10x.o(.data)
    __initial_sp                             0x20007a38   Data           0  startup_stm32f10x_hd.o(STACK)



==============================================================================

Memory Map of the image

  Image Entry point : 0x08000131

  Load Region LR_IROM1 (Base: 0x08000000, Size: 0x00004ce8, Max: 0x00040000, ABSOLUTE, COMPRESSED[0x00004b88])

    Execution Region ER_IROM1 (Exec base: 0x08000000, Load base: 0x08000000, Size: 0x00004adc, Max: 0x00040000, ABSOLUTE)

    Exec Addr    Load Addr    Size         Type   Attr      Idx    E Section Name        Object

    0x08000000   0x08000000   0x00000130   Data   RO         2755    RESET               startup_stm32f10x_hd.o
    0x08000130   0x08000130   0x00000000   Code   RO         2760  * .ARM.Collect$$$$00000000  mc_w.l(entry.o)
    0x08000130   0x08000130   0x00000004   Code   RO         2783    .ARM.Collect$$$$00000001  mc_w.l(entry2.o)
    0x08000134   0x08000134   0x00000004   Code   RO         2786    .ARM.Collect$$$$00000004  mc_w.l(entry5.o)
    0x08000138   0x08000138   0x00000000   Code   RO         2788    .ARM.Collect$$$$00000008  mc_w.l(entry7b.o)
    0x08000138   0x08000138   0x00000000   Code   RO         2790    .ARM.Collect$$$$0000000A  mc_w.l(entry8b.o)
    0x08000138   0x08000138   0x00000008   Code   RO         2791    .ARM.Collect$$$$0000000B  mc_w.l(entry9a.o)
    0x08000140   0x08000140   0x00000000   Code   RO         2793    .ARM.Collect$$$$0000000D  mc_w.l(entry10a.o)
    0x08000140   0x08000140   0x00000000   Code   RO         2795    .ARM.Collect$$$$0000000F  mc_w.l(entry11a.o)
    0x08000140   0x08000140   0x00000004   Code   RO         2784    .ARM.Collect$$$$00002712  mc_w.l(entry2.o)
    0x08000144   0x08000144   0x00000024   Code   RO         2756    .text               startup_stm32f10x_hd.o
    0x08000168   0x08000168   0x00000024   Code   RO         2763    .text               mc_w.l(memseta.o)
    0x0800018c   0x0800018c   0x0000014e   Code   RO         2765    .text               mf_w.l(dadd.o)
    0x080002da   0x080002da   0x000000e4   Code   RO         2767    .text               mf_w.l(dmul.o)
    0x080003be   0x080003be   0x000000de   Code   RO         2769    .text               mf_w.l(ddiv.o)
    0x0800049c   0x0800049c   0x00000022   Code   RO         2771    .text               mf_w.l(dflti.o)
    0x080004be   0x080004be   0x0000001a   Code   RO         2773    .text               mf_w.l(dfltui.o)
    0x080004d8   0x080004d8   0x0000003e   Code   RO         2775    .text               mf_w.l(dfixi.o)
    0x08000516   0x08000516   0x00000032   Code   RO         2777    .text               mf_w.l(dfixui.o)
    0x08000548   0x08000548   0x00000030   Code   RO         2779    .text               mf_w.l(cdcmple.o)
    0x08000578   0x08000578   0x00000030   Code   RO         2781    .text               mf_w.l(cdrcmple.o)
    0x080005a8   0x080005a8   0x0000001e   Code   RO         2797    .text               mc_w.l(llshl.o)
    0x080005c6   0x080005c6   0x00000020   Code   RO         2799    .text               mc_w.l(llushr.o)
    0x080005e6   0x080005e6   0x00000024   Code   RO         2801    .text               mc_w.l(llsshr.o)
    0x0800060a   0x0800060a   0x00000000   Code   RO         2803    .text               mc_w.l(iusefp.o)
    0x0800060a   0x0800060a   0x000000ba   Code   RO         2804    .text               mf_w.l(depilogue.o)
    0x080006c4   0x080006c4   0x00000024   Code   RO         2806    .text               mc_w.l(init.o)
    0x080006e8   0x080006e8   0x00000056   Code   RO         2816    .text               mc_w.l(__dczerorl2.o)
    0x0800073e   0x0800073e   0x00000016   Code   RO         2227    i.ADC_Cmd           stm32f10x_adc.o
    0x08000754   0x08000754   0x00000016   Code   RO         2228    i.ADC_DMACmd        stm32f10x_adc.o
    0x0800076a   0x0800076a   0x00000016   Code   RO         2232    i.ADC_ExternalTrigConvCmd  stm32f10x_adc.o
    0x08000780   0x08000780   0x00000014   Code   RO         2235    i.ADC_GetCalibrationStatus  stm32f10x_adc.o
    0x08000794   0x08000794   0x00000014   Code   RO         2241    i.ADC_GetResetCalibrationStatus  stm32f10x_adc.o
    0x080007a8   0x080007a8   0x00000050   Code   RO         2245    i.ADC_Init          stm32f10x_adc.o
    0x080007f8   0x080007f8   0x000000b8   Code   RO         2249    i.ADC_RegularChannelConfig  stm32f10x_adc.o
    0x080008b0   0x080008b0   0x0000000a   Code   RO         2250    i.ADC_ResetCalibration  stm32f10x_adc.o
    0x080008ba   0x080008ba   0x0000000a   Code   RO         2254    i.ADC_StartCalibration  stm32f10x_adc.o
    0x080008c4   0x080008c4   0x0000000e   Code   RO          830    i.AdjustDAC         dac.o
    0x080008d2   0x080008d2   0x00000002   PAD
    0x080008d4   0x080008d4   0x00000144   Code   RO          422    i.Analyze_SPO2Wave  spo2.o
    0x08000a18   0x08000a18   0x00000004   Code   RO         2662    i.BusFault_Handler  stm32f10x_it.o
    0x08000a1c   0x08000a1c   0x00000016   Code   RO          278    i.CalcPow           oled.o
    0x08000a32   0x08000a32   0x00000002   PAD
    0x08000a34   0x08000a34   0x0000000c   Code   RO          641    i.Clr1SecFlag       timer.o
    0x08000a40   0x08000a40   0x0000000c   Code   RO          642    i.Clr2msFlag        timer.o
    0x08000a4c   0x08000a4c   0x000000c4   Code   RO          877    i.ConfigADC1        adc.o
    0x08000b10   0x08000b10   0x00000058   Code   RO          423    i.ConfigCSGPIO      spo2.o
    0x08000b68   0x08000b68   0x00000064   Code   RO          831    i.ConfigDAC1        dac.o
    0x08000bcc   0x08000bcc   0x00000060   Code   RO          878    i.ConfigDMA1Ch1     adc.o
    0x08000c2c   0x08000c2c   0x00000080   Code   RO          832    i.ConfigDMA2Ch3ForDAC1  dac.o
    0x08000cac   0x08000cac   0x00000050   Code   RO          189    i.ConfigECGGPIO     ecg.o
    0x08000cfc   0x08000cfc   0x00000058   Code   RO          146    i.ConfigLEDGPIO     led.o
    0x08000d54   0x08000d54   0x0000000c   Code   RO         2593    i.ConfigNVIC        nvic.o
    0x08000d60   0x08000d60   0x000000d8   Code   RO          279    i.ConfigOLEDGPIO    oled.o
    0x08000e38   0x08000e38   0x000000cc   Code   RO          280    i.ConfigOLEDReg     oled.o
    0x08000f04   0x08000f04   0x00000064   Code   RO          624    i.ConfigRCC         rcc.o
    0x08000f68   0x08000f68   0x0000005c   Code   RO          643    i.ConfigTimer2      timer.o
    0x08000fc4   0x08000fc4   0x00000040   Code   RO          879    i.ConfigTimer3      adc.o
    0x08001004   0x08001004   0x00000044   Code   RO          833    i.ConfigTimer4      dac.o
    0x08001048   0x08001048   0x00000060   Code   RO          644    i.ConfigTimer5      timer.o
    0x080010a8   0x080010a8   0x000000c4   Code   RO          752    i.ConfigUART        uart1.o
    0x0800116c   0x0800116c   0x00000028   Code   RO         2443    i.DAC_Cmd           stm32f10x_dac.o
    0x08001194   0x08001194   0x0000002c   Code   RO         2444    i.DAC_DMACmd        stm32f10x_dac.o
    0x080011c0   0x080011c0   0x00000034   Code   RO         2448    i.DAC_Init          stm32f10x_dac.o
    0x080011f4   0x080011f4   0x00000020   Code   RO         2449    i.DAC_SetChannel1Data  stm32f10x_dac.o
    0x08001214   0x08001214   0x00000040   Code   RO          834    i.DMA2_Channel3_IRQHandler  dac.o
    0x08001254   0x08001254   0x0000001c   Code   RO         2522    i.DMA_ClearITPendingBit  stm32f10x_dma.o
    0x08001270   0x08001270   0x00000018   Code   RO         2523    i.DMA_Cmd           stm32f10x_dma.o
    0x08001288   0x08001288   0x0000014c   Code   RO         2524    i.DMA_DeInit        stm32f10x_dma.o
    0x080013d4   0x080013d4   0x0000002c   Code   RO         2527    i.DMA_GetITStatus   stm32f10x_dma.o
    0x08001400   0x08001400   0x00000012   Code   RO         2528    i.DMA_ITConfig      stm32f10x_dma.o
    0x08001412   0x08001412   0x0000003c   Code   RO         2529    i.DMA_Init          stm32f10x_dma.o
    0x0800144e   0x0800144e   0x00000044   Code   RO          708    i.DeQueue           queue.o
    0x08001492   0x08001492   0x00000002   Code   RO         2663    i.DebugMon_Handler  stm32f10x_it.o
    0x08001494   0x08001494   0x00000018   Code   RO         2610    i.DelayNms          systick.o
    0x080014ac   0x080014ac   0x0000000c   Code   RO          190    i.ECGGetHeartRate   ecg.o
    0x080014b8   0x080014b8   0x00000018   Code   RO          191    i.ECGGetLeadStatus  ecg.o
    0x080014d0   0x080014d0   0x0000010c   Code   RO          192    i.ECGTask           ecg.o
    0x080015dc   0x080015dc   0x00000048   Code   RO          709    i.EnQueue           queue.o
    0x08001624   0x08001624   0x00000020   Code   RO          753    i.EnableUARTTx      uart1.o
    0x08001644   0x08001644   0x0000001c   Code   RO         1022    i.FLASH_PrefetchBufferCmd  stm32f10x_flash.o
    0x08001660   0x08001660   0x00000018   Code   RO         1027    i.FLASH_SetLatency  stm32f10x_flash.o
    0x08001678   0x08001678   0x00000116   Code   RO         1185    i.GPIO_Init         stm32f10x_gpio.o
    0x0800178e   0x0800178e   0x00000012   Code   RO         1189    i.GPIO_ReadInputDataBit  stm32f10x_gpio.o
    0x080017a0   0x080017a0   0x00000012   Code   RO         1191    i.GPIO_ReadOutputDataBit  stm32f10x_gpio.o
    0x080017b2   0x080017b2   0x00000004   Code   RO         1192    i.GPIO_ResetBits    stm32f10x_gpio.o
    0x080017b6   0x080017b6   0x00000004   Code   RO         1193    i.GPIO_SetBits      stm32f10x_gpio.o
    0x080017ba   0x080017ba   0x0000000a   Code   RO         1196    i.GPIO_WriteBit     stm32f10x_gpio.o
    0x080017c4   0x080017c4   0x0000000c   Code   RO          645    i.Get1SecFlag       timer.o
    0x080017d0   0x080017d0   0x0000000c   Code   RO          646    i.Get2msFlag        timer.o
    0x080017dc   0x080017dc   0x0000000c   Code   RO          647    i.GetTimeCounter    timer.o
    0x080017e8   0x080017e8   0x00000004   Code   RO         2664    i.HardFault_Handler  stm32f10x_it.o
    0x080017ec   0x080017ec   0x000000fc   Code   RO          193    i.IIRHighpass       ecg.o
    0x080018e8   0x080018e8   0x000000fc   Code   RO          424    i.IIRHighpass       spo2.o
    0x080019e4   0x080019e4   0x000000fc   Code   RO          425    i.IIRLowpass        spo2.o
    0x08001ae0   0x08001ae0   0x000000fc   Code   RO          194    i.IIRNotch          ecg.o
    0x08001bdc   0x08001bdc   0x00000016   Code   RO          880    i.InitADC           adc.o
    0x08001bf2   0x08001bf2   0x00000014   Code   RO          835    i.InitDAC           dac.o
    0x08001c06   0x08001c06   0x00000002   PAD
    0x08001c08   0x08001c08   0x0000005c   Code   RO          195    i.InitECG           ecg.o
    0x08001c64   0x08001c64   0x0000003c   Code   RO            1    i.InitHardware      main.o
    0x08001ca0   0x08001ca0   0x00000008   Code   RO          147    i.InitLED           led.o
    0x08001ca8   0x08001ca8   0x00000008   Code   RO         2594    i.InitNVIC          nvic.o
    0x08001cb0   0x08001cb0   0x00000034   Code   RO          281    i.InitOLED          oled.o
    0x08001ce4   0x08001ce4   0x00000044   Code   RO          517    i.InitPackUnpack    packunpack.o
    0x08001d28   0x08001d28   0x00000002   Code   RO          562    i.InitProcHostCmd   prochostcmd.o
    0x08001d2a   0x08001d2a   0x00000024   Code   RO          710    i.InitQueue         queue.o
    0x08001d4e   0x08001d4e   0x00000008   Code   RO          625    i.InitRCC           rcc.o
    0x08001d56   0x08001d56   0x00000002   PAD
    0x08001d58   0x08001d58   0x00000050   Code   RO          364    i.InitRESP          resp.o
    0x08001da8   0x08001da8   0x0000002c   Code   RO          426    i.InitSPO2          spo2.o
    0x08001dd4   0x08001dd4   0x00000002   Code   RO          583    i.InitSendDataToHost  senddatatohost.o
    0x08001dd6   0x08001dd6   0x00000010   Code   RO            2    i.InitSoftware      main.o
    0x08001de6   0x08001de6   0x00000002   PAD
    0x08001de8   0x08001de8   0x00000068   Code   RO         2612    i.InitSysTick       systick.o
    0x08001e50   0x08001e50   0x00000018   Code   RO          648    i.InitTimer         timer.o
    0x08001e68   0x08001e68   0x00000010   Code   RO          754    i.InitUART1         uart1.o
    0x08001e78   0x08001e78   0x00000040   Code   RO          755    i.InitUARTBuf       uart1.o
    0x08001eb8   0x08001eb8   0x00000054   Code   RO          148    i.LEDFlicker        led.o
    0x08001f0c   0x08001f0c   0x000000dc   Code   RO          196    i.MedianFIlter      ecg.o
    0x08001fe8   0x08001fe8   0x00000004   Code   RO         2665    i.MemManage_Handler  stm32f10x_it.o
    0x08001fec   0x08001fec   0x00000002   Code   RO         2666    i.NMI_Handler       stm32f10x_it.o
    0x08001fee   0x08001fee   0x00000002   PAD
    0x08001ff0   0x08001ff0   0x00000018   Code   RO          756    i.NVIC_ClearPendingIRQ  uart1.o
    0x08002008   0x08002008   0x00000070   Code   RO          969    i.NVIC_Init         misc.o
    0x08002078   0x08002078   0x00000014   Code   RO          970    i.NVIC_PriorityGroupConfig  misc.o
    0x0800208c   0x0800208c   0x00000030   Code   RO          282    i.OLEDClear         oled.o
    0x080020bc   0x080020bc   0x00000068   Code   RO          285    i.OLEDDrawPoint     oled.o
    0x08002124   0x08002124   0x0000004c   Code   RO          286    i.OLEDRefreshGRAM   oled.o
    0x08002170   0x08002170   0x000000a8   Code   RO          287    i.OLEDShowChar      oled.o
    0x08002218   0x08002218   0x00000094   Code   RO          288    i.OLEDShowNum       oled.o
    0x080022ac   0x080022ac   0x00000044   Code   RO          289    i.OLEDShowString    oled.o
    0x080022f0   0x080022f0   0x00000084   Code   RO          290    i.OLEDWriteByte     oled.o
    0x08002374   0x08002374   0x000000c0   Code   RO          197    i.OLED_ECG          ecg.o
    0x08002434   0x08002434   0x000000c4   Code   RO          365    i.OLED_RESP         resp.o
    0x080024f8   0x080024f8   0x00000002   Code   RO          427    i.OLED_SPO2         spo2.o
    0x080024fa   0x080024fa   0x00000018   Code   RO          518    i.PackData          packunpack.o
    0x08002512   0x08002512   0x0000003e   Code   RO          519    i.PackWithCheckSum  packunpack.o
    0x08002550   0x08002550   0x00000002   Code   RO         2667    i.PendSV_Handler    stm32f10x_it.o
    0x08002552   0x08002552   0x00000002   PAD
    0x08002554   0x08002554   0x00000098   Code   RO            3    i.Proc1SecTask      main.o
    0x080025ec   0x080025ec   0x00000074   Code   RO            4    i.Proc2msTask       main.o
    0x08002660   0x08002660   0x0000000e   Code   RO          711    i.QueueEmpty        queue.o
    0x0800266e   0x0800266e   0x00000002   PAD
    0x08002670   0x08002670   0x00000018   Code   RO         1293    i.RCC_ADCCLKConfig  stm32f10x_rcc.o
    0x08002688   0x08002688   0x00000020   Code   RO         1294    i.RCC_AHBPeriphClockCmd  stm32f10x_rcc.o
    0x080026a8   0x080026a8   0x00000020   Code   RO         1295    i.RCC_APB1PeriphClockCmd  stm32f10x_rcc.o
    0x080026c8   0x080026c8   0x00000020   Code   RO         1296    i.RCC_APB1PeriphResetCmd  stm32f10x_rcc.o
    0x080026e8   0x080026e8   0x00000020   Code   RO         1297    i.RCC_APB2PeriphClockCmd  stm32f10x_rcc.o
    0x08002708   0x08002708   0x00000020   Code   RO         1298    i.RCC_APB2PeriphResetCmd  stm32f10x_rcc.o
    0x08002728   0x08002728   0x0000004c   Code   RO         1304    i.RCC_DeInit        stm32f10x_rcc.o
    0x08002774   0x08002774   0x000000d4   Code   RO         1305    i.RCC_GetClocksFreq  stm32f10x_rcc.o
    0x08002848   0x08002848   0x0000003c   Code   RO         1306    i.RCC_GetFlagStatus  stm32f10x_rcc.o
    0x08002884   0x08002884   0x00000010   Code   RO         1308    i.RCC_GetSYSCLKSource  stm32f10x_rcc.o
    0x08002894   0x08002894   0x00000018   Code   RO         1309    i.RCC_HCLKConfig    stm32f10x_rcc.o
    0x080028ac   0x080028ac   0x0000004c   Code   RO         1310    i.RCC_HSEConfig     stm32f10x_rcc.o
    0x080028f8   0x080028f8   0x00000018   Code   RO         1316    i.RCC_PCLK1Config   stm32f10x_rcc.o
    0x08002910   0x08002910   0x00000018   Code   RO         1317    i.RCC_PCLK2Config   stm32f10x_rcc.o
    0x08002928   0x08002928   0x0000000c   Code   RO         1318    i.RCC_PLLCmd        stm32f10x_rcc.o
    0x08002934   0x08002934   0x0000001c   Code   RO         1319    i.RCC_PLLConfig     stm32f10x_rcc.o
    0x08002950   0x08002950   0x00000018   Code   RO         1322    i.RCC_SYSCLKConfig  stm32f10x_rcc.o
    0x08002968   0x08002968   0x00000038   Code   RO         1324    i.RCC_WaitForHSEStartUp  stm32f10x_rcc.o
    0x080029a0   0x080029a0   0x00000034   Code   RO          366    i.RESPGetLeadStatus  resp.o
    0x080029d4   0x080029d4   0x0000000c   Code   RO          367    i.RESPGetRespRate   resp.o
    0x080029e0   0x080029e0   0x000000e8   Code   RO          368    i.RESPTask          resp.o
    0x08002ac8   0x08002ac8   0x0000000c   Code   RO          881    i.ReadECGADC        adc.o
    0x08002ad4   0x08002ad4   0x0000000c   Code   RO          882    i.ReadRESPADC       adc.o
    0x08002ae0   0x08002ae0   0x0000000c   Code   RO          883    i.ReadSPO2ADC       adc.o
    0x08002aec   0x08002aec   0x0000001c   Code   RO          757    i.ReadSendBuf       uart1.o
    0x08002b08   0x08002b08   0x0000000c   Code   RO          428    i.SPO2GetLeadStatus  spo2.o
    0x08002b14   0x08002b14   0x00000014   Code   RO          429    i.SPO2GetSPO2Value  spo2.o
    0x08002b28   0x08002b28   0x000002a0   Code   RO          430    i.SPO2Task          spo2.o
    0x08002dc8   0x08002dc8   0x000000ac   Code   RO          431    i.SPO2_LED_Task     spo2.o
    0x08002e74   0x08002e74   0x00000002   Code   RO         2668    i.SVC_Handler       stm32f10x_it.o
    0x08002e76   0x08002e76   0x0000001c   Code   RO          585    i.SendPackToHost    senddatatohost.o
    0x08002e92   0x08002e92   0x0000003c   Code   RO          586    i.SendParamPackHost  senddatatohost.o
    0x08002ece   0x08002ece   0x0000003c   Code   RO          587    i.SendStatusPackHost  senddatatohost.o
    0x08002f0a   0x08002f0a   0x0000003c   Code   RO          588    i.SendWavePackHost  senddatatohost.o
    0x08002f46   0x08002f46   0x00000008   Code   RO         2719    i.SetSysClock       system_stm32f10x.o
    0x08002f4e   0x08002f4e   0x00000002   PAD
    0x08002f50   0x08002f50   0x000000e0   Code   RO         2720    i.SetSysClockTo72   system_stm32f10x.o
    0x08003030   0x08003030   0x00000094   Code   RO          198    i.SmoothingFilter   ecg.o
    0x080030c4   0x080030c4   0x00000094   Code   RO          369    i.SmoothingFilter   resp.o
    0x08003158   0x08003158   0x000000c4   Code   RO          432    i.SmoothingFilter_IR  spo2.o
    0x0800321c   0x0800321c   0x000000c4   Code   RO          433    i.SmoothingFilter_RED  spo2.o
    0x080032e0   0x080032e0   0x00000008   Code   RO         2613    i.SysTick_Handler   systick.o
    0x080032e8   0x080032e8   0x00000060   Code   RO         2722    i.SystemInit        system_stm32f10x.o
    0x08003348   0x08003348   0x00000050   Code   RO          649    i.TIM2_IRQHandler   timer.o
    0x08003398   0x08003398   0x00000048   Code   RO          650    i.TIM5_IRQHandler   timer.o
    0x080033e0   0x080033e0   0x00000006   Code   RO         1504    i.TIM_ClearITPendingBit  stm32f10x_tim.o
    0x080033e6   0x080033e6   0x00000018   Code   RO         1509    i.TIM_Cmd           stm32f10x_tim.o
    0x080033fe   0x080033fe   0x00000002   PAD
    0x08003400   0x08003400   0x000001e8   Code   RO         1514    i.TIM_DeInit        stm32f10x_tim.o
    0x080035e8   0x080035e8   0x00000022   Code   RO         1530    i.TIM_GetITStatus   stm32f10x_tim.o
    0x0800360a   0x0800360a   0x00000012   Code   RO         1534    i.TIM_ITConfig      stm32f10x_tim.o
    0x0800361c   0x0800361c   0x00000012   Code   RO         1566    i.TIM_SelectOutputTrigger  stm32f10x_tim.o
    0x0800362e   0x0800362e   0x00000002   PAD
    0x08003630   0x08003630   0x000000a4   Code   RO         1580    i.TIM_TimeBaseInit  stm32f10x_tim.o
    0x080036d4   0x080036d4   0x00000018   Code   RO         2614    i.TimDelayDec       systick.o
    0x080036ec   0x080036ec   0x00000098   Code   RO          760    i.USART1_IRQHandler  uart1.o
    0x08003784   0x08003784   0x00000012   Code   RO         2041    i.USART_ClearFlag   stm32f10x_usart.o
    0x08003796   0x08003796   0x0000001e   Code   RO         2042    i.USART_ClearITPendingBit  stm32f10x_usart.o
    0x080037b4   0x080037b4   0x00000018   Code   RO         2045    i.USART_Cmd         stm32f10x_usart.o
    0x080037cc   0x080037cc   0x0000001a   Code   RO         2048    i.USART_GetFlagStatus  stm32f10x_usart.o
    0x080037e6   0x080037e6   0x00000054   Code   RO         2049    i.USART_GetITStatus  stm32f10x_usart.o
    0x0800383a   0x0800383a   0x0000004a   Code   RO         2051    i.USART_ITConfig    stm32f10x_usart.o
    0x08003884   0x08003884   0x000000d8   Code   RO         2052    i.USART_Init        stm32f10x_usart.o
    0x0800395c   0x0800395c   0x0000000a   Code   RO         2059    i.USART_ReceiveData  stm32f10x_usart.o
    0x08003966   0x08003966   0x00000008   Code   RO         2062    i.USART_SendData    stm32f10x_usart.o
    0x0800396e   0x0800396e   0x00000018   Code   RO         2068    i.USART_StructInit  stm32f10x_usart.o
    0x08003986   0x08003986   0x00000002   PAD
    0x08003988   0x08003988   0x0000008c   Code   RO          199    i.Update_Threshold  ecg.o
    0x08003a14   0x08003a14   0x000000a0   Code   RO          370    i.Update_Threshold  resp.o
    0x08003ab4   0x08003ab4   0x00000004   Code   RO         2669    i.UsageFault_Handler  stm32f10x_it.o
    0x08003ab8   0x08003ab8   0x00000018   Code   RO          761    i.WriteReceiveBuf   uart1.o
    0x08003ad0   0x08003ad0   0x00000030   Code   RO          762    i.WriteUART1        uart1.o
    0x08003b00   0x08003b00   0x0000000e   Code   RO         2810    i.__scatterload_copy  mc_w.l(handlers.o)
    0x08003b0e   0x08003b0e   0x00000002   Code   RO         2811    i.__scatterload_null  mc_w.l(handlers.o)
    0x08003b10   0x08003b10   0x0000000e   Code   RO         2812    i.__scatterload_zeroinit  mc_w.l(handlers.o)
    0x08003b1e   0x08003b1e   0x00000046   Code   RO          434    i.bubbleSort        spo2.o
    0x08003b64   0x08003b64   0x000000d4   Code   RO          200    i.calRate           ecg.o
    0x08003c38   0x08003c38   0x00000028   Code   RO          371    i.calRate           resp.o
    0x08003c60   0x08003c60   0x000000d4   Code   RO          435    i.calRate           spo2.o
    0x08003d34   0x08003d34   0x00000308   Code   RO          436    i.calSpO2           spo2.o
    0x0800403c   0x0800403c   0x0000001c   Code   RO            5    i.main              main.o
    0x08004058   0x08004058   0x00000a64   Data   RO          292    .constdata          oled.o
    0x08004abc   0x08004abc   0x00000020   Data   RO         2808    Region$$Table       anon$$obj.o


    Execution Region RW_IRAM1 (Exec base: 0x20000000, Load base: 0x08004adc, Size: 0x00007a38, Max: 0x0000c000, ABSOLUTE, COMPRESSED[0x000000ac])

    Exec Addr    Load Addr    Size         Type   Attr      Idx    E Section Name        Object

    0x20000000   COMPRESSED   0x00000014   Data   RW            6    .data               main.o
    0x20000014   COMPRESSED   0x00000002   Data   RW          149    .data               led.o
    0x20000016   COMPRESSED   0x00000002   PAD
    0x20000018   COMPRESSED   0x0000009c   Data   RW          202    .data               ecg.o
    0x200000b4   COMPRESSED   0x00000004   PAD
    0x200000b8   COMPRESSED   0x00000040   Data   RW          373    .data               resp.o
    0x200000f8   COMPRESSED   0x000000c5   Data   RW          438    .data               spo2.o
    0x200001bd   COMPRESSED   0x00000003   Data   RW          523    .data               packunpack.o
    0x200001c0   COMPRESSED   0x0000000c   Data   RW          651    .data               timer.o
    0x200001cc   COMPRESSED   0x00000001   Data   RW          765    .data               uart1.o
    0x200001cd   COMPRESSED   0x00000003   PAD
    0x200001d0   COMPRESSED   0x00000008   Data   RW          837    .data               dac.o
    0x200001d8   COMPRESSED   0x00000006   Data   RW          884    .data               adc.o
    0x200001de   COMPRESSED   0x00000014   Data   RW         1325    .data               stm32f10x_rcc.o
    0x200001f2   COMPRESSED   0x00000002   PAD
    0x200001f4   COMPRESSED   0x00000004   Data   RW         2615    .data               systick.o
    0x200001f8   COMPRESSED   0x00000014   Data   RW         2723    .data               system_stm32f10x.o
    0x2000020c   COMPRESSED   0x00000004   PAD
    0x20000210        -       0x0000136c   Zero   RW          201    .bss                ecg.o
    0x2000157c        -       0x00000400   Zero   RW          291    .bss                oled.o
    0x2000197c   COMPRESSED   0x00000004   PAD
    0x20001980        -       0x00003e80   Zero   RW          372    .bss                resp.o
    0x20005800        -       0x00001d4c   Zero   RW          437    .bss                spo2.o
    0x2000754c        -       0x0000000a   Zero   RW          522    .bss                packunpack.o
    0x20007556   COMPRESSED   0x00000002   PAD
    0x20007558        -       0x000000e0   Zero   RW          764    .bss                uart1.o
    0x20007638        -       0x00000400   Zero   RW         2753    STACK               startup_stm32f10x_hd.o


==============================================================================

Image component sizes


      Code (inc. data)   RO Data    RW Data    ZI Data      Debug   Object Name

       414         46          0          6          0       3735   adc.o
         0          0          0          0          0         32   core_cm3.o
       394         36          0          8          0       3209   dac.o
      1892        202          0        156       4972       8100   ecg.o
       180         12          0          2          0     215979   led.o
       372         16          0         20          0     279431   main.o
       132         22          0          0          0       1379   misc.o
        20          0          0          0          0        791   nvic.o
      1238         48       2660          0       1024       7887   oled.o
       154         18          0          3         10       2956   packunpack.o
         2          0          0          0          0        754   prochostcmd.o
       190          0          0          0          0       2961   queue.o
       108          0          0          0          0        894   rcc.o
       920        164          0         64      16000       5044   resp.o
       210          0          0          0          0       3089   senddatatohost.o
      3288        324          0        197       7500      11505   spo2.o
        36          8        304          0       1024        784   startup_stm32f10x_hd.o
       390         10          0          0          0       6896   stm32f10x_adc.o
       168         24          0          0          0       2696   stm32f10x_dac.o
       506         26          0          0          0       4791   stm32f10x_dma.o
        52         12          0          0          0       1001   stm32f10x_flash.o
       332          0          0          0          0       4505   stm32f10x_gpio.o
        24          0          0          0          0       3344   stm32f10x_it.o
       816        116          0         20          0      11803   stm32f10x_rcc.o
       752        106          0          0          0       4513   stm32f10x_tim.o
       514          6          0          0          0       7344   stm32f10x_usart.o
       328         28          0         20          0       2105   system_stm32f10x.o
       160         22          0          4          0      17486   systick.o
       424         60          0         12          0       4855   timer.o
       584         80          0          1        224      20144   uart1.o

    ----------------------------------------------------------------------
     14624       1386       2996        524      30764     640013   Object Totals
         0          0         32          0          0          0   (incl. Generated)
        24          0          0         11         10          0   (incl. Padding)

    ----------------------------------------------------------------------

      Code (inc. data)   RO Data    RW Data    ZI Data      Debug   Library Member Name

        86          0          0          0          0          0   __dczerorl2.o
         0          0          0          0          0          0   entry.o
         0          0          0          0          0          0   entry10a.o
         0          0          0          0          0          0   entry11a.o
         8          4          0          0          0          0   entry2.o
         4          0          0          0          0          0   entry5.o
         0          0          0          0          0          0   entry7b.o
         0          0          0          0          0          0   entry8b.o
         8          4          0          0          0          0   entry9a.o
        30          0          0          0          0          0   handlers.o
        36          8          0          0          0         68   init.o
         0          0          0          0          0          0   iusefp.o
        30          0          0          0          0         68   llshl.o
        36          0          0          0          0         68   llsshr.o
        32          0          0          0          0         68   llushr.o
        36          0          0          0          0        108   memseta.o
        48          0          0          0          0         68   cdcmple.o
        48          0          0          0          0         68   cdrcmple.o
       334          0          0          0          0        148   dadd.o
       222          0          0          0          0        100   ddiv.o
       186          0          0          0          0        176   depilogue.o
        62          0          0          0          0         80   dfixi.o
        50          0          0          0          0         76   dfixui.o
        34          0          0          0          0         76   dflti.o
        26          0          0          0          0         76   dfltui.o
       228          0          0          0          0         96   dmul.o

    ----------------------------------------------------------------------
      1544         16          0          0          0       1344   Library Totals
         0          0          0          0          0          0   (incl. Padding)

    ----------------------------------------------------------------------

      Code (inc. data)   RO Data    RW Data    ZI Data      Debug   Library Name

       306         16          0          0          0        380   mc_w.l
      1238          0          0          0          0        964   mf_w.l

    ----------------------------------------------------------------------
      1544         16          0          0          0       1344   Library Totals

    ----------------------------------------------------------------------

==============================================================================


      Code (inc. data)   RO Data    RW Data    ZI Data      Debug   

     16168       1402       2996        524      30764     631709   Grand Totals
     16168       1402       2996        172      30764     631709   ELF Image Totals (compressed)
     16168       1402       2996        172          0          0   ROM Totals

==============================================================================

    Total RO  Size (Code + RO Data)                19164 (  18.71kB)
    Total RW  Size (RW Data + ZI Data)             31288 (  30.55kB)
    Total ROM Size (Code + RO Data + RW Data)      19336 (  18.88kB)

==============================================================================

