Component: ARM Compiler 5.06 update 6 (build 750) Tool: armlink [4d35ed]

==============================================================================

Section Cross References

    main.o(i.InitHardware) refers to system_stm32f10x.o(i.SystemInit) for SystemInit
    main.o(i.InitHardware) refers to rcc.o(i.InitRCC) for InitRCC
    main.o(i.InitHardware) refers to nvic.o(i.InitNVIC) for InitNVIC
    main.o(i.InitHardware) refers to uart1.o(i.InitUART1) for InitUART1
    main.o(i.InitHardware) refers to timer.o(i.InitTimer) for InitTimer
    main.o(i.InitHardware) refers to led.o(i.InitLED) for InitLED
    main.o(i.InitHardware) refers to systick.o(i.InitSysTick) for InitSysTick
    main.o(i.InitHardware) refers to dac.o(i.InitDAC) for InitDAC
    main.o(i.InitHardware) refers to adc.o(i.InitADC) for InitADC
    main.o(i.InitHardware) refers to oled.o(i.InitOLED) for InitOLED
    main.o(i.InitHardware) refers to ecg.o(i.InitECG) for InitECG
    main.o(i.InitHardware) refers to resp.o(i.InitRESP) for InitRESP
    main.o(i.InitHardware) refers to spo2.o(i.InitSPO2) for InitSPO2
    main.o(i.Proc1SecTask) refers to timer.o(i.Get1SecFlag) for Get1SecFlag
    main.o(i.Proc1SecTask) refers to oled.o(i.OLEDClear) for OLEDClear
    main.o(i.Proc1SecTask) refers to ecg.o(i.OLED_ECG) for OLED_ECG
    main.o(i.Proc1SecTask) refers to resp.o(i.OLED_RESP) for OLED_RESP
    main.o(i.Proc1SecTask) refers to spo2.o(i.OLED_SPO2) for OLED_SPO2
    main.o(i.Proc1SecTask) refers to oled.o(i.OLEDRefreshGRAM) for OLEDRefreshGRAM
    main.o(i.Proc1SecTask) refers to timer.o(i.Clr1SecFlag) for Clr1SecFlag
    main.o(i.Proc2msTask) refers to timer.o(i.Get2msFlag) for Get2msFlag
    main.o(i.Proc2msTask) refers to uart1.o(i.ReadUART1) for ReadUART1
    main.o(i.Proc2msTask) refers to printf1.o(i.__0printf$1) for __2printf
    main.o(i.Proc2msTask) refers to adc.o(i.ReadECGADC) for ReadECGADC
    main.o(i.Proc2msTask) refers to ecg.o(i.ECGTask) for ECGTask
    main.o(i.Proc2msTask) refers to adc.o(i.ReadRESPADC) for ReadRESPADC
    main.o(i.Proc2msTask) refers to resp.o(i.RESPTask) for RESPTask
    main.o(i.Proc2msTask) refers to spo2.o(i.SPO2Task) for SPO2Task
    main.o(i.Proc2msTask) refers to led.o(i.LEDFlicker) for LEDFlicker
    main.o(i.Proc2msTask) refers to timer.o(i.Clr2msFlag) for Clr2msFlag
    main.o(i.Proc2msTask) refers to main.o(.data) for g_displayMode
    main.o(i.main) refers to main.o(i.InitSoftware) for InitSoftware
    main.o(i.main) refers to main.o(i.InitHardware) for InitHardware
    main.o(i.main) refers to systick.o(i.DelayNms) for DelayNms
    main.o(i.main) refers to printf1.o(i.__0printf$1) for __2printf
    main.o(i.main) refers to main.o(i.Proc2msTask) for Proc2msTask
    main.o(i.main) refers to main.o(i.Proc1SecTask) for Proc1SecTask
    led.o(i.ConfigLEDGPIO) refers to stm32f10x_rcc.o(i.RCC_APB2PeriphClockCmd) for RCC_APB2PeriphClockCmd
    led.o(i.ConfigLEDGPIO) refers to stm32f10x_gpio.o(i.GPIO_Init) for GPIO_Init
    led.o(i.ConfigLEDGPIO) refers to stm32f10x_gpio.o(i.GPIO_WriteBit) for GPIO_WriteBit
    led.o(i.InitLED) refers to led.o(i.ConfigLEDGPIO) for ConfigLEDGPIO
    led.o(i.LEDFlicker) refers to stm32f10x_gpio.o(i.GPIO_ReadOutputDataBit) for GPIO_ReadOutputDataBit
    led.o(i.LEDFlicker) refers to stm32f10x_gpio.o(i.GPIO_WriteBit) for GPIO_WriteBit
    led.o(i.LEDFlicker) refers to led.o(.data) for s_iCnt
    ecg.o(i.ConfigECGGPIO) refers to stm32f10x_rcc.o(i.RCC_APB2PeriphClockCmd) for RCC_APB2PeriphClockCmd
    ecg.o(i.ConfigECGGPIO) refers to stm32f10x_gpio.o(i.GPIO_Init) for GPIO_Init
    ecg.o(i.ConfigECGGPIO) refers to stm32f10x_gpio.o(i.GPIO_WriteBit) for GPIO_WriteBit
    ecg.o(i.ECGTask) refers to dfltui.o(.text) for __aeabi_ui2d
    ecg.o(i.ECGTask) refers to ecg.o(i.IIRNotch) for IIRNotch
    ecg.o(i.ECGTask) refers to ecg.o(i.IIRHighpass) for IIRHighpass
    ecg.o(i.ECGTask) refers to ecg.o(i.IIRLowpass) for IIRLowpass
    ecg.o(i.ECGTask) refers to ecg.o(i.SmoothingFilter) for SmoothingFilter
    ecg.o(i.ECGTask) refers to ecg.o(i.Update_Threshold) for Update_Threshold
    ecg.o(i.ECGTask) refers to cdcmple.o(.text) for __aeabi_cdcmple
    ecg.o(i.ECGTask) refers to cdrcmple.o(.text) for __aeabi_cdrcmple
    ecg.o(i.ECGTask) refers to timer.o(i.GetTimeCounter) for GetTimeCounter
    ecg.o(i.ECGTask) refers to ecg.o(i.calRate) for calRate
    ecg.o(i.ECGTask) refers to dfixi.o(.text) for __aeabi_d2iz
    ecg.o(i.ECGTask) refers to printf1.o(i.__0printf$1) for __2printf
    ecg.o(i.ECGTask) refers to ecg.o(.bss) for IIRNotch_win
    ecg.o(i.ECGTask) refers to ecg.o(.data) for ECG_Wave_index
    ecg.o(i.ECGTask) refers to main.o(.data) for g_displayMode
    ecg.o(i.IIRHighpass) refers to dmul.o(.text) for __aeabi_dmul
    ecg.o(i.IIRHighpass) refers to dadd.o(.text) for __aeabi_drsub
    ecg.o(i.IIRHighpass) refers to ecg.o(.data) for IIRHighpass_a
[...]
    .text                                    0x08000516   Section        0  dfixui.o(.text)
    .text                                    0x08000548   Section       48  cdcmple.o(.text)
    .text                                    0x08000578   Section       48  cdrcmple.o(.text)
    .text                                    0x080005a8   Section        0  uidiv.o(.text)
    .text                                    0x080005d4   Section        0  llshl.o(.text)
    .text                                    0x080005f2   Section        0  llushr.o(.text)
    .text                                    0x08000612   Section        0  llsshr.o(.text)
    .text                                    0x08000636   Section        0  depilogue.o(.text)
    .text                                    0x08000636   Section        0  iusefp.o(.text)
    .text                                    0x080006f0   Section       36  init.o(.text)
    .text                                    0x08000714   Section        0  __dczerorl2.o(.text)
    i.ADC_Cmd                                0x0800076a   Section        0  stm32f10x_adc.o(i.ADC_Cmd)
    i.ADC_DMACmd                             0x08000780   Section        0  stm32f10x_adc.o(i.ADC_DMACmd)
    i.ADC_ExternalTrigConvCmd                0x08000796   Section        0  stm32f10x_adc.o(i.ADC_ExternalTrigConvCmd)
    i.ADC_GetCalibrationStatus               0x080007ac   Section        0  stm32f10x_adc.o(i.ADC_GetCalibrationStatus)
    i.ADC_GetResetCalibrationStatus          0x080007c0   Section        0  stm32f10x_adc.o(i.ADC_GetResetCalibrationStatus)
    i.ADC_Init                               0x080007d4   Section        0  stm32f10x_adc.o(i.ADC_Init)
    i.ADC_RegularChannelConfig               0x08000824   Section        0  stm32f10x_adc.o(i.ADC_RegularChannelConfig)
    i.ADC_ResetCalibration                   0x080008dc   Section        0  stm32f10x_adc.o(i.ADC_ResetCalibration)
    i.ADC_StartCalibration                   0x080008e6   Section        0  stm32f10x_adc.o(i.ADC_StartCalibration)
    i.AdjustDAC                              0x080008f0   Section        0  dac.o(i.AdjustDAC)
    i.Analyze_SPO2Wave                       0x08000900   Section        0  spo2.o(i.Analyze_SPO2Wave)
    Analyze_SPO2Wave                         0x08000901   Thumb Code   312  spo2.o(i.Analyze_SPO2Wave)
    i.BusFault_Handler                       0x08000a44   Section        0  stm32f10x_it.o(i.BusFault_Handler)
    i.CalcPow                                0x08000a48   Section        0  oled.o(i.CalcPow)
    CalcPow                                  0x08000a49   Thumb Code    22  oled.o(i.CalcPow)
    i.Clr1SecFlag                            0x08000a60   Section        0  timer.o(i.Clr1SecFlag)
    i.Clr2msFlag                             0x08000a6c   Section        0  timer.o(i.Clr2msFlag)
    i.ConfigADC1                             0x08000a78   Section        0  adc.o(i.ConfigADC1)
    ConfigADC1                               0x08000a79   Thumb Code   188  adc.o(i.ConfigADC1)
    i.ConfigCSGPIO                           0x08000b3c   Section        0  spo2.o(i.ConfigCSGPIO)
    ConfigCSGPIO                             0x08000b3d   Thumb Code    84  spo2.o(i.ConfigCSGPIO)
    i.ConfigDAC1                             0x08000b94   Section        0  dac.o(i.ConfigDAC1)
    ConfigDAC1                               0x08000b95   Thumb Code    94  dac.o(i.ConfigDAC1)
    i.ConfigDMA1Ch1                          0x08000bf8   Section        0  adc.o(i.ConfigDMA1Ch1)
    ConfigDMA1Ch1                            0x08000bf9   Thumb Code    82  adc.o(i.ConfigDMA1Ch1)
    i.ConfigDMA2Ch3ForDAC1                   0x08000c58   Section        0  dac.o(i.ConfigDMA2Ch3ForDAC1)
    ConfigDMA2Ch3ForDAC1                     0x08000c59   Thumb Code   120  dac.o(i.ConfigDMA2Ch3ForDAC1)
    i.ConfigECGGPIO                          0x08000cd8   Section        0  ecg.o(i.ConfigECGGPIO)
    ConfigECGGPIO                            0x08000cd9   Thumb Code    74  ecg.o(i.ConfigECGGPIO)
    i.ConfigLEDGPIO                          0x08000d28   Section        0  led.o(i.ConfigLEDGPIO)
    ConfigLEDGPIO                            0x08000d29   Thumb Code    84  led.o(i.ConfigLEDGPIO)
    i.ConfigNVIC                             0x08000d80   Section        0  nvic.o(i.ConfigNVIC)
    ConfigNVIC                               0x08000d81   Thumb Code    12  nvic.o(i.ConfigNVIC)
    i.ConfigOLEDGPIO                         0x08000d8c   Section        0  oled.o(i.ConfigOLEDGPIO)
    ConfigOLEDGPIO                           0x08000d8d   Thumb Code   206  oled.o(i.ConfigOLEDGPIO)
    i.ConfigOLEDReg                          0x08000e64   Section        0  oled.o(i.ConfigOLEDReg)
    ConfigOLEDReg                            0x08000e65   Thumb Code   204  oled.o(i.ConfigOLEDReg)
    i.ConfigRCC                              0x08000f30   Section        0  rcc.o(i.ConfigRCC)
    ConfigRCC                                0x08000f31   Thumb Code   100  rcc.o(i.ConfigRCC)
    i.ConfigTimer2                           0x08000f94   Section        0  timer.o(i.ConfigTimer2)
    ConfigTimer2                             0x08000f95   Thumb Code    92  timer.o(i.ConfigTimer2)
    i.ConfigTimer3                           0x08000ff0   Section        0  adc.o(i.ConfigTimer3)
    ConfigTimer3                             0x08000ff1   Thumb Code    58  adc.o(i.ConfigTimer3)
    i.ConfigTimer4                           0x08001030   Section        0  dac.o(i.ConfigTimer4)
    ConfigTimer4                             0x08001031   Thumb Code    64  dac.o(i.ConfigTimer4)
    i.ConfigTimer5                           0x08001074   Section        0  timer.o(i.ConfigTimer5)
    ConfigTimer5                             0x08001075   Thumb Code    90  timer.o(i.ConfigTimer5)
    i.ConfigUART                             0x080010d4   Section        0  uart1.o(i.ConfigUART)
    ConfigUART                               0x080010d5   Thumb Code   182  uart1.o(i.ConfigUART)
    i.DAC_Cmd                                0x08001198   Section        0  stm32f10x_dac.o(i.DAC_Cmd)
    i.DAC_DMACmd                             0x080011c0   Section        0  stm32f10x_dac.o(i.DAC_DMACmd)
    i.DAC_Init                               0x080011ec   Section        0  stm32f10x_dac.o(i.DAC_Init)
    i.DAC_SetChannel1Data                    0x08001220   Section        0  stm32f10x_dac.o(i.DAC_SetChannel1Data)
    i.DMA2_Channel3_IRQHandler               0x08001240   Section        0  dac.o(i.DMA2_Channel3_IRQHandler)
    i.DMA_ClearITPendingBit                  0x08001280   Section        0  stm32f10x_dma.o(i.DMA_ClearITPendingBit)
    i.DMA_Cmd                                0x0800129c   Section        0  stm32f10x_dma.o(i.DMA_Cmd)
    i.DMA_DeInit                             0x080012b4   Section        0  stm32f10x_dma.o(i.DMA_DeInit)
    i.DMA_GetITStatus                        0x08001400   Section        0  stm32f10x_dma.o(i.DMA_GetITStatus)
    i.DMA_ITConfig                           0x0800142c   Section        0  stm32f10x_dma.o(i.DMA_ITConfig)
    i.DMA_Init                               0x0800143e   Section        0  stm32f10x_dma.o(i.DMA_Init)
    i.DeQueue                                0x0800147a   Section        0  queue.o(i.DeQueue)
    i.DebugMon_Handler                       0x080014be   Section        0  stm32f10x_it.o(i.DebugMon_Handler)
    i.DelayNms                               0x080014c0   Section        0  systick.o(i.DelayNms)
    i.ECGTask                                0x080014d8   Section        0  ecg.o(i.ECGTask)
    i.EnQueue                                0x0800160c   Section        0  queue.o(i.EnQueue)
    i.FLASH_PrefetchBufferCmd                0x08001654   Section        0  stm32f10x_flash.o(i.FLASH_PrefetchBufferCmd)
    i.FLASH_SetLatency                       0x08001670   Section        0  stm32f10x_flash.o(i.FLASH_SetLatency)
    i.GPIO_Init                              0x08001688   Section        0  stm32f10x_gpio.o(i.GPIO_Init)
    i.GPIO_ReadInputDataBit                  0x0800179e   Section        0  stm32f10x_gpio.o(i.GPIO_ReadInputDataBit)
    i.GPIO_ReadOutputDataBit                 0x080017b0   Section        0  stm32f10x_gpio.o(i.GPIO_ReadOutputDataBit)
    i.GPIO_ResetBits                         0x080017c2   Section        0  stm32f10x_gpio.o(i.GPIO_ResetBits)
    i.GPIO_SetBits                           0x080017c6   Section        0  stm32f10x_gpio.o(i.GPIO_SetBits)
    i.GPIO_WriteBit                          0x080017ca   Section        0  stm32f10x_gpio.o(i.GPIO_WriteBit)
    i.Get1SecFlag                            0x080017d4   Section        0  timer.o(i.Get1SecFlag)
    i.Get2msFlag                             0x080017e0   Section        0  timer.o(i.Get2msFlag)
    i.GetTimeCounter                         0x080017ec   Section        0  timer.o(i.GetTimeCounter)
    i.HardFault_Handler                      0x080017f8   Section        0  stm32f10x_it.o(i.HardFault_Handler)
    i.IIRHighpass                            0x080017fc   Section        0  ecg.o(i.IIRHighpass)
    IIRHighpass                              0x080017fd   Thumb Code   242  ecg.o(i.IIRHighpass)
    i.IIRHighpass                            0x080018f8   Section        0  spo2.o(i.IIRHighpass)
    IIRHighpass                              0x080018f9   Thumb Code   242  spo2.o(i.IIRHighpass)
    i.IIRLowpass                             0x080019f4   Section        0  ecg.o(i.IIRLowpass)
    IIRLowpass                               0x080019f5   Thumb Code   242  ecg.o(i.IIRLowpass)
    i.IIRLowpass                             0x08001af0   Section        0  resp.o(i.IIRLowpass)
    IIRLowpass                               0x08001af1   Thumb Code   242  resp.o(i.IIRLowpass)
    i.IIRLowpass                             0x08001bec   Section        0  spo2.o(i.IIRLowpass)
    IIRLowpass                               0x08001bed   Thumb Code   242  spo2.o(i.IIRLowpass)
    i.IIRNotch                               0x08001ce8   Section        0  ecg.o(i.IIRNotch)
    IIRNotch                                 0x08001ce9   Thumb Code   242  ecg.o(i.IIRNotch)
    i.IIRNotch                               0x08001de4   Section        0  resp.o(i.IIRNotch)
    IIRNotch                                 0x08001de5   Thumb Code   242  resp.o(i.IIRNotch)
    i.InitADC                                0x08001ee0   Section        0  adc.o(i.InitADC)
    i.InitDAC                                0x08001ef6   Section        0  dac.o(i.InitDAC)
    i.InitECG                                0x08001f0c   Section        0  ecg.o(i.InitECG)
    i.InitHardware                           0x08001f74   Section        0  main.o(i.InitHardware)
    InitHardware                             0x08001f75   Thumb Code    60  main.o(i.InitHardware)
    i.InitLED                                0x08001fb0   Section        0  led.o(i.InitLED)
    i.InitNVIC                               0x08001fb8   Section        0  nvic.o(i.InitNVIC)
    i.InitOLED                               0x08001fc0   Section        0  oled.o(i.InitOLED)
    i.InitQueue                              0x08001ff4   Section        0  queue.o(i.InitQueue)
    i.InitRCC                                0x08002018   Section        0  rcc.o(i.InitRCC)
    i.InitRESP                               0x08002020   Section        0  resp.o(i.InitRESP)
    i.InitSPO2                               0x08002088   Section        0  spo2.o(i.InitSPO2)
    i.InitSoftware                           0x080020b4   Section        0  main.o(i.InitSoftware)
    InitSoftware                             0x080020b5   Thumb Code     2  main.o(i.InitSoftware)
    i.InitSysTick                            0x080020b8   Section        0  systick.o(i.InitSysTick)
    i.InitTimer                              0x08002120   Section        0  timer.o(i.InitTimer)
    i.InitUART1                              0x08002138   Section        0  uart1.o(i.InitUART1)
    i.InitUARTBuf                            0x08002148   Section        0  uart1.o(i.InitUARTBuf)
    InitUARTBuf                              0x08002149   Thumb Code    46  uart1.o(i.InitUARTBuf)
    i.LEDFlicker                             0x08002188   Section        0  led.o(i.LEDFlicker)
    i.MemManage_Handler                      0x080021dc   Section        0  stm32f10x_it.o(i.MemManage_Handler)
    i.NMI_Handler                            0x080021e0   Section        0  stm32f10x_it.o(i.NMI_Handler)
    i.NVIC_ClearPendingIRQ                   0x080021e4   Section        0  uart1.o(i.NVIC_ClearPendingIRQ)
    NVIC_ClearPendingIRQ                     0x080021e5   Thumb Code    18  uart1.o(i.NVIC_ClearPendingIRQ)
    i.NVIC_Init                              0x080021fc   Section        0  misc.o(i.NVIC_Init)
    i.NVIC_PriorityGroupConfig               0x0800226c   Section        0  misc.o(i.NVIC_PriorityGroupConfig)
    i.OLEDClear                              0x08002280   Section        0  oled.o(i.OLEDClear)
    i.OLEDDrawPoint                          0x080022b0   Section        0  oled.o(i.OLEDDrawPoint)
    OLEDDrawPoint                            0x080022b1   Thumb Code   100  oled.o(i.OLEDDrawPoint)
    i.OLEDRefreshGRAM                        0x08002318   Section        0  oled.o(i.OLEDRefreshGRAM)
    i.OLEDShowChar                           0x08002364   Section        0  oled.o(i.OLEDShowChar)
    i.OLEDShowNum                            0x0800240c   Section        0  oled.o(i.OLEDShowNum)
    i.OLEDShowString                         0x080024a0   Section        0  oled.o(i.OLEDShowString)
    i.OLEDWriteByte                          0x080024e4   Section        0  oled.o(i.OLEDWriteByte)
    OLEDWriteByte                            0x080024e5   Thumb Code   124  oled.o(i.OLEDWriteByte)
    i.OLED_ECG                               0x08002568   Section        0  ecg.o(i.OLED_ECG)
    i.OLED_RESP                              0x08002658   Section        0  resp.o(i.OLED_RESP)
    i.OLED_SPO2                              0x0800274c   Section        0  spo2.o(i.OLED_SPO2)
    i.PendSV_Handler                         0x0800278c   Section        0  stm32f10x_it.o(i.PendSV_Handler)
    i.Proc1SecTask                           0x0800278e   Section        0  main.o(i.Proc1SecTask)
    Proc1SecTask                             0x0800278f   Thumb Code    34  main.o(i.Proc1SecTask)
    i.Proc2msTask                            0x080027b0   Section        0  main.o(i.Proc2msTask)
    Proc2msTask                              0x080027b1   Thumb Code   132  main.o(i.Proc2msTask)
    i.QueueEmpty                             0x0800284c   Section        0  queue.o(i.QueueEmpty)
    i.RCC_ADCCLKConfig                       0x0800285c   Section        0  stm32f10x_rcc.o(i.RCC_ADCCLKConfig)
    i.RCC_AHBPeriphClockCmd                  0x08002874   Section        0  stm32f10x_rcc.o(i.RCC_AHBPeriphClockCmd)
    i.RCC_APB1PeriphClockCmd                 0x08002894   Section        0  stm32f10x_rcc.o(i.RCC_APB1PeriphClockCmd)
    i.RCC_APB1PeriphResetCmd                 0x080028b4   Section        0  stm32f10x_rcc.o(i.RCC_APB1PeriphResetCmd)
    i.RCC_APB2PeriphClockCmd                 0x080028d4   Section        0  stm32f10x_rcc.o(i.RCC_APB2PeriphClockCmd)
    i.RCC_APB2PeriphResetCmd                 0x080028f4   Section        0  stm32f10x_rcc.o(i.RCC_APB2PeriphResetCmd)
    i.RCC_DeInit                             0x08002914   Section        0  stm32f10x_rcc.o(i.RCC_DeInit)
    i.RCC_GetClocksFreq                      0x08002960   Section        0  stm32f10x_rcc.o(i.RCC_GetClocksFreq)
    i.RCC_GetFlagStatus                      0x08002a34   Section        0  stm32f10x_rcc.o(i.RCC_GetFlagStatus)
    i.RCC_GetSYSCLKSource                    0x08002a70   Section        0  stm32f10x_rcc.o(i.RCC_GetSYSCLKSource)
    i.RCC_HCLKConfig                         0x08002a80   Section        0  stm32f10x_rcc.o(i.RCC_HCLKConfig)
    i.RCC_HSEConfig                          0x08002a98   Section        0  stm32f10x_rcc.o(i.RCC_HSEConfig)
    i.RCC_PCLK1Config                        0x08002ae4   Section        0  stm32f10x_rcc.o(i.RCC_PCLK1Config)
    i.RCC_PCLK2Config                        0x08002afc   Section        0  stm32f10x_rcc.o(i.RCC_PCLK2Config)
    i.RCC_PLLCmd                             0x08002b14   Section        0  stm32f10x_rcc.o(i.RCC_PLLCmd)
    i.RCC_PLLConfig                          0x08002b20   Section        0  stm32f10x_rcc.o(i.RCC_PLLConfig)
    i.RCC_SYSCLKConfig                       0x08002b3c   Section        0  stm32f10x_rcc.o(i.RCC_SYSCLKConfig)
    i.RCC_WaitForHSEStartUp                  0x08002b54   Section        0  stm32f10x_rcc.o(i.RCC_WaitForHSEStartUp)
    i.RESPTask                               0x08002b8c   Section        0  resp.o(i.RESPTask)
    i.ReadECGADC                             0x08002cb4   Section        0  adc.o(i.ReadECGADC)
    i.ReadRESPADC                            0x08002cc0   Section        0  adc.o(i.ReadRESPADC)
    i.ReadSPO2ADC                            0x08002ccc   Section        0  adc.o(i.ReadSPO2ADC)
    i.ReadSendBuf                            0x08002cd8   Section        0  uart1.o(i.ReadSendBuf)
    ReadSendBuf                              0x08002cd9   Thumb Code    22  uart1.o(i.ReadSendBuf)
    i.ReadUART1                              0x08002cf4   Section        0  uart1.o(i.ReadUART1)
    i.SPO2Task                               0x08002d10   Section        0  spo2.o(i.SPO2Task)
    i.SPO2_LED_Task                          0x08003004   Section        0  spo2.o(i.SPO2_LED_Task)
    i.SVC_Handler                            0x080030b0   Section        0  stm32f10x_it.o(i.SVC_Handler)
    i.SendCharUsedByFputc                    0x080030b4   Section        0  uart1.o(i.SendCharUsedByFputc)
    SendCharUsedByFputc                      0x080030b5   Thumb Code    28  uart1.o(i.SendCharUsedByFputc)
    i.SetSysClock                            0x080030d4   Section        0  system_stm32f10x.o(i.SetSysClock)
    SetSysClock                              0x080030d5   Thumb Code     8  system_stm32f10x.o(i.SetSysClock)
    i.SetSysClockTo72                        0x080030dc   Section        0  system_stm32f10x.o(i.SetSysClockTo72)
    SetSysClockTo72                          0x080030dd   Thumb Code   214  system_stm32f10x.o(i.SetSysClockTo72)
    i.SmoothingFilter                        0x080031bc   Section        0  ecg.o(i.SmoothingFilter)
    SmoothingFilter                          0x080031bd   Thumb Code   176  ecg.o(i.SmoothingFilter)
    i.SmoothingFilter                        0x0800327c   Section        0  resp.o(i.SmoothingFilter)
    SmoothingFilter                          0x0800327d   Thumb Code   178  resp.o(i.SmoothingFilter)
    i.SmoothingFilter_IR                     0x08003340   Section        0  spo2.o(i.SmoothingFilter_IR)
    SmoothingFilter_IR                       0x08003341   Thumb Code   178  spo2.o(i.SmoothingFilter_IR)
    i.SmoothingFilter_RED                    0x08003404   Section        0  spo2.o(i.SmoothingFilter_RED)
    SmoothingFilter_RED                      0x08003405   Thumb Code   178  spo2.o(i.SmoothingFilter_RED)
    i.SysTick_Handler                        0x080034c8   Section        0  systick.o(i.SysTick_Handler)
    i.SystemInit                             0x080034d0   Section        0  system_stm32f10x.o(i.SystemInit)
    i.TIM2_IRQHandler                        0x08003530   Section        0  timer.o(i.TIM2_IRQHandler)
    i.TIM5_IRQHandler                        0x08003580   Section        0  timer.o(i.TIM5_IRQHandler)
    i.TIM_ClearITPendingBit                  0x080035c8   Section        0  stm32f10x_tim.o(i.TIM_ClearITPendingBit)
    i.TIM_Cmd                                0x080035ce   Section        0  stm32f10x_tim.o(i.TIM_Cmd)
    i.TIM_DeInit                             0x080035e8   Section        0  stm32f10x_tim.o(i.TIM_DeInit)
    i.TIM_GetITStatus                        0x080037d0   Section        0  stm32f10x_tim.o(i.TIM_GetITStatus)
    i.TIM_ITConfig                           0x080037f2   Section        0  stm32f10x_tim.o(i.TIM_ITConfig)
    i.TIM_SelectOutputTrigger                0x08003804   Section        0  stm32f10x_tim.o(i.TIM_SelectOutputTrigger)
    i.TIM_TimeBaseInit                       0x08003818   Section        0  stm32f10x_tim.o(i.TIM_TimeBaseInit)
    i.TimDelayDec                            0x080038bc   Section        0  systick.o(i.TimDelayDec)
    TimDelayDec                              0x080038bd   Thumb Code    18  systick.o(i.TimDelayDec)
    i.USART1_IRQHandler                      0x080038d4   Section        0  uart1.o(i.USART1_IRQHandler)
    i.USART_ClearFlag                        0x0800396c   Section        0  stm32f10x_usart.o(i.USART_ClearFlag)
    i.USART_ClearITPendingBit                0x0800397e   Section        0  stm32f10x_usart.o(i.USART_ClearITPendingBit)
    i.USART_Cmd                              0x0800399c   Section        0  stm32f10x_usart.o(i.USART_Cmd)
    i.USART_GetFlagStatus                    0x080039b4   Section        0  stm32f10x_usart.o(i.USART_GetFlagStatus)
    i.USART_GetITStatus                      0x080039ce   Section        0  stm32f10x_usart.o(i.USART_GetITStatus)
    i.USART_ITConfig                         0x08003a22   Section        0  stm32f10x_usart.o(i.USART_ITConfig)
    i.USART_Init                             0x08003a6c   Section        0  stm32f10x_usart.o(i.USART_Init)
    i.USART_ReceiveData                      0x08003b44   Section        0  stm32f10x_usart.o(i.USART_ReceiveData)
    i.USART_SendData                         0x08003b4e   Section        0  stm32f10x_usart.o(i.USART_SendData)
    i.USART_StructInit                       0x08003b56   Section        0  stm32f10x_usart.o(i.USART_StructInit)
    i.Update_Threshold                       0x08003b70   Section        0  ecg.o(i.Update_Threshold)
    Update_Threshold                         0x08003b71   Thumb Code   130  ecg.o(i.Update_Threshold)
    i.Update_Threshold                       0x08003bfc   Section        0  resp.o(i.Update_Threshold)
    Update_Threshold                         0x08003bfd   Thumb Code   146  resp.o(i.Update_Threshold)
    i.UsageFault_Handler                     0x08003c9c   Section        0  stm32f10x_it.o(i.UsageFault_Handler)
    i.WriteReceiveBuf                        0x08003ca0   Section        0  uart1.o(i.WriteReceiveBuf)
    WriteReceiveBuf                          0x08003ca1   Thumb Code    20  uart1.o(i.WriteReceiveBuf)
    i.__0printf$1                            0x08003cb8   Section        0  printf1.o(i.__0printf$1)
    i.__scatterload_copy                     0x08003cd8   Section       14  handlers.o(i.__scatterload_copy)
    i.__scatterload_null                     0x08003ce6   Section        2  handlers.o(i.__scatterload_null)
    i.__scatterload_zeroinit                 0x08003ce8   Section       14  handlers.o(i.__scatterload_zeroinit)
    i._printf_core                           0x08003cf8   Section        0  printf1.o(i._printf_core)
    _printf_core                             0x08003cf9   Thumb Code   336  printf1.o(i._printf_core)
    i.bubbleSort                             0x08003e4c   Section        0  spo2.o(i.bubbleSort)
    bubbleSort                               0x08003e4d   Thumb Code    70  spo2.o(i.bubbleSort)
    i.calRate                                0x08003e94   Section        0  ecg.o(i.calRate)
    calRate                                  0x08003e95   Thumb Code    34  ecg.o(i.calRate)
    i.calRate                                0x08003ebc   Section        0  resp.o(i.calRate)
    calRate                                  0x08003ebd   Thumb Code    34  resp.o(i.calRate)
    i.calRate                                0x08003ee4   Section        0  spo2.o(i.calRate)
    calRate                                  0x08003ee5   Thumb Code    34  spo2.o(i.calRate)
    i.calSpO2                                0x08003f0c   Section        0  spo2.o(i.calSpO2)
    calSpO2                                  0x08003f0d   Thumb Code   676  spo2.o(i.calSpO2)
    i.fputc                                  0x08004214   Section        0  uart1.o(i.fputc)
    i.main                                   0x08004224   Section        0  main.o(i.main)
    .constdata                               0x0800426c   Section     2660  oled.o(.constdata)
    .data                                    0x20000000   Section        2  main.o(.data)
    s_iCnt4                                  0x20000001   Data           1  main.o(.data)
    .data                                    0x20000002   Section        2  led.o(.data)
    s_iCnt                                   0x20000002   Data           2  led.o(.data)
    .data                                    0x20000008   Section      176  ecg.o(.data)
    IIRNotch_b                               0x20000008   Data          24  ecg.o(.data)
    IIRNotch_a                               0x20000020   Data          24  ecg.o(.data)
    IIRLowpass_b                             0x20000038   Data          24  ecg.o(.data)
    IIRLowpass_a                             0x20000050   Data          24  ecg.o(.data)
    IIRHighpass_b                            0x20000068   Data          24  ecg.o(.data)
    IIRHighpass_a                            0x20000080   Data          24  ecg.o(.data)
    ECG_Wave_index                           0x20000098   Data           4  ecg.o(.data)
    peakThreshold                            0x200000a0   Data           8  ecg.o(.data)
    lastPeak_index                           0x200000a8   Data           4  ecg.o(.data)
    currentPeak_index                        0x200000ac   Data           4  ecg.o(.data)
    heartRate                                0x200000b0   Data           4  ecg.o(.data)
    i                                        0x200000b4   Data           4  ecg.o(.data)
    .data                                    0x200000b8   Section      148  resp.o(.data)
    IIRNotch_b                               0x200000b8   Data          24  resp.o(.data)
    IIRNotch_a                               0x200000d0   Data          24  resp.o(.data)
    IIRLowpass_b                             0x200000e8   Data          24  resp.o(.data)
    IIRLowpass_a                             0x20000100   Data          24  resp.o(.data)
    BR_Wave_index                            0x20000118   Data           4  resp.o(.data)
    peakThreshold                            0x20000120   Data           8  resp.o(.data)
    lastPeak_index                           0x20000128   Data           8  resp.o(.data)
    currentPeak_index                        0x20000130   Data           8  resp.o(.data)
    breathRate                               0x20000138   Data           4  resp.o(.data)
    s_peak2peak                              0x20000140   Data           8  resp.o(.data)
    i                                        0x20000148   Data           4  resp.o(.data)
    .data                                    0x20000150   Section      185  spo2.o(.data)
    SPO2_Wave_data_RED                       0x20000150   Data           4  spo2.o(.data)
    SPO2_Wave_data_IR                        0x20000154   Data           4  spo2.o(.data)
    IIRLowpass_b                             0x20000158   Data          24  spo2.o(.data)
    IIRLowpass_a                             0x20000170   Data          24  spo2.o(.data)
    IIRHighpass_b                            0x20000188   Data          24  spo2.o(.data)
    IIRHighpass_a                            0x200001a0   Data          24  spo2.o(.data)
    SPO2_Wave_index                          0x200001b8   Data           4  spo2.o(.data)
    peakThreshold                            0x200001c0   Data           8  spo2.o(.data)
    lastPeak_index                           0x200001c8   Data           4  spo2.o(.data)
    currentPeak_index                        0x200001cc   Data           4  spo2.o(.data)
    heartRate                                0x200001d0   Data           4  spo2.o(.data)
    hr_cnt                                   0x200001d4   Data           4  spo2.o(.data)
    peak2peak_RED                            0x200001d8   Data           8  spo2.o(.data)
    peak2peak_IR                             0x200001e0   Data           8  spo2.o(.data)
    value_R                                  0x200001e8   Data           8  spo2.o(.data)
    value_SPO2                               0x200001f0   Data           8  spo2.o(.data)
    s_DACdata                                0x200001f8   Data           2  spo2.o(.data)
    adjust_wait_cnt                          0x200001fc   Data           4  spo2.o(.data)
    i                                        0x20000200   Data           4  spo2.o(.data)
    i                                        0x20000204   Data           4  spo2.o(.data)
    state                                    0x20000208   Data           1  spo2.o(.data)
    .data                                    0x2000020c   Section       12  timer.o(.data)
    s_i2msFlag                               0x2000020c   Data           1  timer.o(.data)
    s_i1secFlag                              0x2000020d   Data           1  timer.o(.data)
    s_1msCounter                             0x20000210   Data           4  timer.o(.data)
    s_iCnt2                                  0x20000214   Data           2  timer.o(.data)
    s_iCnt1000                               0x20000216   Data           2  timer.o(.data)
    .data                                    0x20000218   Section        1  uart1.o(.data)
    s_iUARTTxSts                             0x20000218   Data           1  uart1.o(.data)
    .data                                    0x2000021c   Section        8  dac.o(.data)
    s_strDAC1WaveBuf                         0x2000021c   Data           8  dac.o(.data)
    .data                                    0x20000224   Section        6  adc.o(.data)
    s_arrADCData                             0x20000224   Data           6  adc.o(.data)
    .data                                    0x2000022a   Section       20  stm32f10x_rcc.o(.data)
    APBAHBPrescTable                         0x2000022a   Data          16  stm32f10x_rcc.o(.data)
    ADCPrescTable                            0x2000023a   Data           4  stm32f10x_rcc.o(.data)
    .data                                    0x20000240   Section        4  systick.o(.data)
    s_iTimDelayCnt                           0x20000240   Data           4  systick.o(.data)
    .data                                    0x20000244   Section       20  system_stm32f10x.o(.data)
    .data                                    0x20000258   Section        4  stdout.o(.data)
    .bss                                     0x20000260   Section     2496  ecg.o(.bss)
    IIRNotch_win                             0x20000260   Data          24  ecg.o(.bss)
    IIRLowpass_win                           0x20000278   Data          24  ecg.o(.bss)
    IIRHighpass_win                          0x20000290   Data          24  ecg.o(.bss)
    arr_ECG_Wave                             0x200002a8   Data        2400  ecg.o(.bss)
    buf                                      0x20000c08   Data          24  ecg.o(.bss)
    .bss                                     0x20000c20   Section     1024  oled.o(.bss)
    s_arrOLEDGRAM                            0x20000c20   Data        1024  oled.o(.bss)
    .bss                                     0x20001020   Section     8848  resp.o(.bss)
    IIRNotch_win                             0x20001020   Data          24  resp.o(.bss)
    IIRLowpass_win                           0x20001038   Data          24  resp.o(.bss)
    arr_BR_Wave                              0x20001050   Data        8000  resp.o(.bss)
    buf                                      0x20002f90   Data         800  resp.o(.bss)
    .bss                                     0x200032b0   Section     7424  spo2.o(.bss)
    IIRLowpass_win_RED                       0x200032b0   Data          24  spo2.o(.bss)
    IIRLowpass_win_IR                        0x200032c8   Data          24  spo2.o(.bss)
    IIRHighpass_win_RED                      0x200032e0   Data          24  spo2.o(.bss)
    IIRHighpass_win_IR                       0x200032f8   Data          24  spo2.o(.bss)
    arr_SPO2_Wave_Rate                       0x20003310   Data        2400  spo2.o(.bss)
    hr_buf                                   0x20003c70   Data          20  spo2.o(.bss)
    arr_SPO2_Wave_RED                        0x20003c88   Data        2400  spo2.o(.bss)
    arr_SPO2_Wave_IR                         0x200045e8   Data        2400  spo2.o(.bss)
    rValue_buf                               0x20004f48   Data          20  spo2.o(.bss)
    buf                                      0x20004f60   Data          40  spo2.o(.bss)
    buf                                      0x20004f88   Data          40  spo2.o(.bss)
    .bss                                     0x20004fb0   Section      224  uart1.o(.bss)
    s_structUARTSendCirQue                   0x20004fb0   Data          12  uart1.o(.bss)
    s_structUARTRecCirQue                    0x20004fbc   Data          12  uart1.o(.bss)
    s_arrSendBuf                             0x20004fc8   Data         100  uart1.o(.bss)
    s_arrRecBuf                              0x2000502c   Data         100  uart1.o(.bss)
    STACK                                    0x20005090   Section     1024  startup_stm32f10x_hd.o(STACK)

    Global Symbols

    Symbol Name                              Value     Ov Type        Size  Object(Section)

    BuildAttributes$$THM_ISAv4$P$D$K$B$S$PE$A:L22UL41UL21$X:L11$S22US41US21$IEEE1$IW$USESV6$~STKCKD$USESV7$~SHL$OSPACE$ROPI$EBA8$MICROLIB$REQ8$PRES8$EABIv2 0x00000000   Number         0  anon$$obj.o ABSOLUTE
    __ARM_use_no_argv                        0x00000000   Number         0  main.o ABSOLUTE
    _printf_a                                0x00000000   Number         0  stubs.o ABSOLUTE
    _printf_c                                0x00000000   Number         0  stubs.o ABSOLUTE
    _printf_charcount                        0x00000000   Number         0  stubs.o ABSOLUTE
    _printf_d                                0x00000000   Number         0  stubs.o ABSOLUTE
    _printf_e                                0x00000000   Number         0  stubs.o ABSOLUTE
    _printf_f                                0x00000000   Number         0  stubs.o ABSOLUTE
    _printf_flags                            0x00000000   Number         0  stubs.o ABSOLUTE
    _printf_fp_dec                           0x00000000   Number         0  stubs.o ABSOLUTE
    _printf_fp_hex                           0x00000000   Number         0  stubs.o ABSOLUTE
    _printf_g                                0x00000000   Number         0  stubs.o ABSOLUTE
    _printf_i                                0x00000000   Number         0  stubs.o ABSOLUTE
    _printf_int_dec                          0x00000000   Number         0  stubs.o ABSOLUTE
    _printf_l                                0x00000000   Number         0  stubs.o ABSOLUTE
    _printf_lc                               0x00000000   Number         0  stubs.o ABSOLUTE
    _printf_ll                               0x00000000   Number         0  stubs.o ABSOLUTE
    _printf_lld                              0x00000000   Number         0  stubs.o ABSOLUTE
    _printf_lli                              0x00000000   Number         0  stubs.o ABSOLUTE
    _printf_llo                              0x00000000   Number         0  stubs.o ABSOLUTE
    _printf_llu                              0x00000000   Number         0  stubs.o ABSOLUTE
    _printf_llx                              0x00000000   Number         0  stubs.o ABSOLUTE
    _printf_longlong_dec                     0x00000000   Number         0  stubs.o ABSOLUTE
    _printf_longlong_hex                     0x00000000   Number         0  stubs.o ABSOLUTE
    _printf_longlong_oct                     0x00000000   Number         0  stubs.o ABSOLUTE
    _printf_ls                               0x00000000   Number         0  stubs.o ABSOLUTE
    _printf_mbtowc                           0x00000000   Number         0  stubs.o ABSOLUTE
    _printf_n                                0x00000000   Number         0  stubs.o ABSOLUTE
    _printf_o                                0x00000000   Number         0  stubs.o ABSOLUTE
    _printf_p                                0x00000000   Number         0  stubs.o ABSOLUTE
    _printf_percent                          0x00000000   Number         0  stubs.o ABSOLUTE
    _printf_pre_padding                      0x00000000   Number         0  stubs.o ABSOLUTE
    _printf_return_value                     0x00000000   Number         0  stubs.o ABSOLUTE
    _printf_s                                0x00000000   Number         0  stubs.o ABSOLUTE
    _printf_sizespec                         0x00000000   Number         0  stubs.o ABSOLUTE
    _printf_str                              0x00000000   Number         0  stubs.o ABSOLUTE
    _printf_truncate_signed                  0x00000000   Number         0  stubs.o ABSOLUTE
    _printf_truncate_unsigned                0x00000000   Number         0  stubs.o ABSOLUTE
    _printf_u                                0x00000000   Number         0  stubs.o ABSOLUTE
    _printf_wc                               0x00000000   Number         0  stubs.o ABSOLUTE
    _printf_wctomb                           0x00000000   Number         0  stubs.o ABSOLUTE
    _printf_widthprec                        0x00000000   Number         0  stubs.o ABSOLUTE
    _printf_x                                0x00000000   Number         0  stubs.o ABSOLUTE
    __cpp_initialize__aeabi_                  - Undefined Weak Reference
    __cxa_finalize                            - Undefined Weak Reference
    _clock_init                               - Undefined Weak Reference
    _microlib_exit                            - Undefined Weak Reference
    __Vectors_Size                           0x00000130   Number         0  startup_stm32f10x_hd.o ABSOLUTE
    __Vectors                                0x08000000   Data           4  startup_stm32f10x_hd.o(RESET)
    __Vectors_End                            0x08000130   Data           0  startup_stm32f10x_hd.o(RESET)
    __main                                   0x08000131   Thumb Code     0  entry.o(.ARM.Collect$$$$00000000)
    _main_stk                                0x08000131   Thumb Code     0  entry2.o(.ARM.Collect$$$$00000001)
    _main_scatterload                        0x08000135   Thumb Code     0  entry5.o(.ARM.Collect$$$$00000004)
    __main_after_scatterload                 0x08000139   Thumb Code     0  entry5.o(.ARM.Collect$$$$00000004)
    _main_clock                              0x08000139   Thumb Code     0  entry7b.o(.ARM.Collect$$$$00000008)
    _main_cpp_init                           0x08000139   Thumb Code     0  entry8b.o(.ARM.Collect$$$$0000000A)
    _main_init                               0x08000139   Thumb Code     0  entry9a.o(.ARM.Collect$$$$0000000B)
    __rt_final_cpp                           0x08000141   Thumb Code     0  entry10a.o(.ARM.Collect$$$$0000000D)
    __rt_final_exit                          0x08000141   Thumb Code     0  entry11a.o(.ARM.Collect$$$$0000000F)
    Reset_Handler                            0x08000145   Thumb Code     8  startup_stm32f10x_hd.o(.text)
    ADC1_2_IRQHandler                        0x0800015f   Thumb Code     0  startup_stm32f10x_hd.o(.text)
    ADC3_IRQHandler                          0x0800015f   Thumb Code     0  startup_stm32f10x_hd.o(.text)
    CAN1_RX1_IRQHandler                      0x0800015f   Thumb Code     0  startup_stm32f10x_hd.o(.text)
    CAN1_SCE_IRQHandler                      0x0800015f   Thumb Code     0  startup_stm32f10x_hd.o(.text)
    DMA1_Channel1_IRQHandler                 0x0800015f   Thumb Code     0  startup_stm32f10x_hd.o(.text)
    DMA1_Channel2_IRQHandler                 0x0800015f   Thumb Code     0  startup_stm32f10x_hd.o(.text)
    DMA1_Channel3_IRQHandler                 0x0800015f   Thumb Code     0  startup_stm32f10x_hd.o(.text)
    DMA1_Channel4_IRQHandler                 0x0800015f   Thumb Code     0  startup_stm32f10x_hd.o(.text)
    DMA1_Channel5_IRQHandler                 0x0800015f   Thumb Code     0  startup_stm32f10x_hd.o(.text)
    DMA1_Channel6_IRQHandler                 0x0800015f   Thumb Code     0  startup_stm32f10x_hd.o(.text)
    DMA1_Channel7_IRQHandler                 0x0800015f   Thumb Code     0  startup_stm32f10x_hd.o(.text)
    DMA2_Channel1_IRQHandler                 0x0800015f   Thumb Code     0  startup_stm32f10x_hd.o(.text)
    DMA2_Channel2_IRQHandler                 0x0800015f   Thumb Code     0  startup_stm32f10x_hd.o(.text)
    DMA2_Channel4_5_IRQHandler               0x0800015f   Thumb Code     0  startup_stm32f10x_hd.o(.text)
    EXTI0_IRQHandler                         0x0800015f   Thumb Code     0  startup_stm32f10x_hd.o(.text)
    EXTI15_10_IRQHandler                     0x0800015f   Thumb Code     0  startup_stm32f10x_hd.o(.text)
    EXTI1_IRQHandler                         0x0800015f   Thumb Code     0  startup_stm32f10x_hd.o(.text)
    EXTI2_IRQHandler                         0x0800015f   Thumb Code     0  startup_stm32f10x_hd.o(.text)
    EXTI3_IRQHandler                         0x0800015f   Thumb Code     0  startup_stm32f10x_hd.o(.text)
    EXTI4_IRQHandler                         0x0800015f   Thumb Code     0  startup_stm32f10x_hd.o(.text)
    EXTI9_5_IRQHandler                       0x0800015f   Thumb Code     0  startup_stm32f10x_hd.o(.text)
    FLASH_IRQHandler                         0x0800015f   Thumb Code     0  startup_stm32f10x_hd.o(.text)
    FSMC_IRQHandler                          0x0800015f   Thumb Code     0  startup_stm32f10x_hd.o(.text)
    I2C1_ER_IRQHandler                       0x0800015f   Thumb Code     0  startup_stm32f10x_hd.o(.text)
    I2C1_EV_IRQHandler                       0x0800015f   Thumb Code     0  startup_stm32f10x_hd.o(.text)
    I2C2_ER_IRQHandler                       0x0800015f   Thumb Code     0  startup_stm32f10x_hd.o(.text)
    I2C2_EV_IRQHandler                       0x0800015f   Thumb Code     0  startup_stm32f10x_hd.o(.text)
    PVD_IRQHandler                           0x0800015f   Thumb Code     0  startup_stm32f10x_hd.o(.text)
    RCC_IRQHandler                           0x0800015f   Thumb Code     0  startup_stm32f10x_hd.o(.text)
    RTCAlarm_IRQHandler                      0x0800015f   Thumb Code     0  startup_stm32f10x_hd.o(.text)
    RTC_IRQHandler                           0x0800015f   Thumb Code     0  startup_stm32f10x_hd.o(.text)
    SDIO_IRQHandler                          0x0800015f   Thumb Code     0  startup_stm32f10x_hd.o(.text)
    SPI1_IRQHandler                          0x0800015f   Thumb Code     0  startup_stm32f10x_hd.o(.text)
    SPI2_IRQHandler                          0x0800015f   Thumb Code     0  startup_stm32f10x_hd.o(.text)
    SPI3_IRQHandler                          0x0800015f   Thumb Code     0  startup_stm32f10x_hd.o(.text)
    TAMPER_IRQHandler                        0x0800015f   Thumb Code     0  startup_stm32f10x_hd.o(.text)
    TIM1_BRK_IRQHandler                      0x0800015f   Thumb Code     0  startup_stm32f10x_hd.o(.text)
    TIM1_CC_IRQHandler                       0x0800015f   Thumb Code     0  startup_stm32f10x_hd.o(.text)
    TIM1_TRG_COM_IRQHandler                  0x0800015f   Thumb Code     0  startup_stm32f10x_hd.o(.text)
    TIM1_UP_IRQHandler                       0x0800015f   Thumb Code     0  startup_stm32f10x_hd.o(.text)
    TIM3_IRQHandler                          0x0800015f   Thumb Code     0  startup_stm32f10x_hd.o(.text)
    TIM4_IRQHandler                          0x0800015f   Thumb Code     0  startup_stm32f10x_hd.o(.text)
    TIM6_IRQHandler                          0x0800015f   Thumb Code     0  startup_stm32f10x_hd.o(.text)
    TIM7_IRQHandler                          0x0800015f   Thumb Code     0  startup_stm32f10x_hd.o(.text)
    TIM8_BRK_IRQHandler                      0x0800015f   Thumb Code     0  startup_stm32f10x_hd.o(.text)
    TIM8_CC_IRQHandler                       0x0800015f   Thumb Code     0  startup_stm32f10x_hd.o(.text)
    TIM8_TRG_COM_IRQHandler                  0x0800015f   Thumb Code     0  startup_stm32f10x_hd.o(.text)
    TIM8_UP_IRQHandler                       0x0800015f   Thumb Code     0  startup_stm32f10x_hd.o(.text)
    UART4_IRQHandler                         0x0800015f   Thumb Code     0  startup_stm32f10x_hd.o(.text)
    UART5_IRQHandler                         0x0800015f   Thumb Code     0  startup_stm32f10x_hd.o(.text)
    USART2_IRQHandler                        0x0800015f   Thumb Code     0  startup_stm32f10x_hd.o(.text)
    USART3_IRQHandler                        0x0800015f   Thumb Code     0  startup_stm32f10x_hd.o(.text)
    USBWakeUp_IRQHandler                     0x0800015f   Thumb Code     0  startup_stm32f10x_hd.o(.text)
    USB_HP_CAN1_TX_IRQHandler                0x0800015f   Thumb Code     0  startup_stm32f10x_hd.o(.text)
    USB_LP_CAN1_RX0_IRQHandler               0x0800015f   Thumb Code     0  startup_stm32f10x_hd.o(.text)
    WWDG_IRQHandler                          0x0800015f   Thumb Code     0  startup_stm32f10x_hd.o(.text)
    __aeabi_memset                           0x08000169   Thumb Code    14  memseta.o(.text)
    __aeabi_memset4                          0x08000169   Thumb Code     0  memseta.o(.text)
    __aeabi_memset8                          0x08000169   Thumb Code     0  memseta.o(.text)
    __aeabi_memclr                           0x08000177   Thumb Code     4  memseta.o(.text)
    __aeabi_memclr4                          0x08000177   Thumb Code     0  memseta.o(.text)
    __aeabi_memclr8                          0x08000177   Thumb Code     0  memseta.o(.text)
    _memset$wrapper                          0x0800017b   Thumb Code    18  memseta.o(.text)
    __aeabi_dadd                             0x0800018d   Thumb Code   322  dadd.o(.text)
    __aeabi_dsub                             0x080002cf   Thumb Code     6  dadd.o(.text)
    __aeabi_drsub                            0x080002d5   Thumb Code     6  dadd.o(.text)
    __aeabi_dmul                             0x080002db   Thumb Code   228  dmul.o(.text)
    __aeabi_ddiv                             0x080003bf   Thumb Code   222  ddiv.o(.text)
    __aeabi_i2d                              0x0800049d   Thumb Code    34  dflti.o(.text)
    __aeabi_ui2d                             0x080004bf   Thumb Code    26  dfltui.o(.text)
    __aeabi_d2iz                             0x080004d9   Thumb Code    62  dfixi.o(.text)
    __aeabi_d2uiz                            0x08000517   Thumb Code    50  dfixui.o(.text)
    __aeabi_cdcmpeq                          0x08000549   Thumb Code     0  cdcmple.o(.text)
    __aeabi_cdcmple                          0x08000549   Thumb Code    48  cdcmple.o(.text)
    __aeabi_cdrcmple                         0x08000579   Thumb Code    48  cdrcmple.o(.text)
    __aeabi_uidiv                            0x080005a9   Thumb Code     0  uidiv.o(.text)
    __aeabi_uidivmod                         0x080005a9   Thumb Code    44  uidiv.o(.text)
    __aeabi_llsl                             0x080005d5   Thumb Code    30  llshl.o(.text)
    _ll_shift_l                              0x080005d5   Thumb Code     0  llshl.o(.text)
    __aeabi_llsr                             0x080005f3   Thumb Code    32  llushr.o(.text)
    _ll_ushift_r                             0x080005f3   Thumb Code     0  llushr.o(.text)
    __aeabi_lasr                             0x08000613   Thumb Code    36  llsshr.o(.text)
    _ll_sshift_r                             0x08000613   Thumb Code     0  llsshr.o(.text)
    __I$use$fp                               0x08000637   Thumb Code     0  iusefp.o(.text)
    _double_round                            0x08000637   Thumb Code    30  depilogue.o(.text)
    _double_epilogue                         0x08000655   Thumb Code   156  depilogue.o(.text)
    __scatterload                            0x080006f1   Thumb Code    28  init.o(.text)
    __scatterload_rt2                        0x080006f1   Thumb Code     0  init.o(.text)
    __decompress                             0x08000715   Thumb Code     0  __dczerorl2.o(.text)
    __decompress1                            0x08000715   Thumb Code    86  __dczerorl2.o(.text)
    ADC_Cmd                                  0x0800076b   Thumb Code    22  stm32f10x_adc.o(i.ADC_Cmd)
    ADC_DMACmd                               0x08000781   Thumb Code    22  stm32f10x_adc.o(i.ADC_DMACmd)
    ADC_ExternalTrigConvCmd                  0x08000797   Thumb Code    22  stm32f10x_adc.o(i.ADC_ExternalTrigConvCmd)
    ADC_GetCalibrationStatus                 0x080007ad   Thumb Code    20  stm32f10x_adc.o(i.ADC_GetCalibrationStatus)
    ADC_GetResetCalibrationStatus            0x080007c1   Thumb Code    20  stm32f10x_adc.o(i.ADC_GetResetCalibrationStatus)
    ADC_Init                                 0x080007d5   Thumb Code    70  stm32f10x_adc.o(i.ADC_Init)
    ADC_RegularChannelConfig                 0x08000825   Thumb Code   184  stm32f10x_adc.o(i.ADC_RegularChannelConfig)
    ADC_ResetCalibration                     0x080008dd   Thumb Code    10  stm32f10x_adc.o(i.ADC_ResetCalibration)
    ADC_StartCalibration                     0x080008e7   Thumb Code    10  stm32f10x_adc.o(i.ADC_StartCalibration)
    AdjustDAC                                0x080008f1   Thumb Code    14  dac.o(i.AdjustDAC)
    BusFault_Handler                         0x08000a45   Thumb Code     4  stm32f10x_it.o(i.BusFault_Handler)
    Clr1SecFlag                              0x08000a61   Thumb Code     8  timer.o(i.Clr1SecFlag)
    Clr2msFlag                               0x08000a6d   Thumb Code     8  timer.o(i.Clr2msFlag)
    DAC_Cmd                                  0x08001199   Thumb Code    34  stm32f10x_dac.o(i.DAC_Cmd)
    DAC_DMACmd                               0x080011c1   Thumb Code    38  stm32f10x_dac.o(i.DAC_DMACmd)
    DAC_Init                                 0x080011ed   Thumb Code    46  stm32f10x_dac.o(i.DAC_Init)
    DAC_SetChannel1Data                      0x08001221   Thumb Code    26  stm32f10x_dac.o(i.DAC_SetChannel1Data)
    DMA2_Channel3_IRQHandler                 0x08001241   Thumb Code    46  dac.o(i.DMA2_Channel3_IRQHandler)
    DMA_ClearITPendingBit                    0x08001281   Thumb Code    18  stm32f10x_dma.o(i.DMA_ClearITPendingBit)
    DMA_Cmd                                  0x0800129d   Thumb Code    24  stm32f10x_dma.o(i.DMA_Cmd)
    DMA_DeInit                               0x080012b5   Thumb Code   324  stm32f10x_dma.o(i.DMA_DeInit)
    DMA_GetITStatus                          0x08001401   Thumb Code    36  stm32f10x_dma.o(i.DMA_GetITStatus)
    DMA_ITConfig                             0x0800142d   Thumb Code    18  stm32f10x_dma.o(i.DMA_ITConfig)
    DMA_Init                                 0x0800143f   Thumb Code    60  stm32f10x_dma.o(i.DMA_Init)
    DeQueue                                  0x0800147b   Thumb Code    68  queue.o(i.DeQueue)
    DebugMon_Handler                         0x080014bf   Thumb Code     2  stm32f10x_it.o(i.DebugMon_Handler)
    DelayNms                                 0x080014c1   Thumb Code    20  systick.o(i.DelayNms)
    ECGTask                                  0x080014d9   Thumb Code   264  ecg.o(i.ECGTask)
    EnQueue                                  0x0800160d   Thumb Code    72  queue.o(i.EnQueue)
    FLASH_PrefetchBufferCmd                  0x08001655   Thumb Code    22  stm32f10x_flash.o(i.FLASH_PrefetchBufferCmd)
    FLASH_SetLatency                         0x08001671   Thumb Code    18  stm32f10x_flash.o(i.FLASH_SetLatency)
    GPIO_Init                                0x08001689   Thumb Code   278  stm32f10x_gpio.o(i.GPIO_Init)
    GPIO_ReadInputDataBit                    0x0800179f   Thumb Code    18  stm32f10x_gpio.o(i.GPIO_ReadInputDataBit)
    GPIO_ReadOutputDataBit                   0x080017b1   Thumb Code    18  stm32f10x_gpio.o(i.GPIO_ReadOutputDataBit)
    GPIO_ResetBits                           0x080017c3   Thumb Code     4  stm32f10x_gpio.o(i.GPIO_ResetBits)
    GPIO_SetBits                             0x080017c7   Thumb Code     4  stm32f10x_gpio.o(i.GPIO_SetBits)
    GPIO_WriteBit                            0x080017cb   Thumb Code    10  stm32f10x_gpio.o(i.GPIO_WriteBit)
    Get1SecFlag                              0x080017d5   Thumb Code     6  timer.o(i.Get1SecFlag)
    Get2msFlag                               0x080017e1   Thumb Code     6  timer.o(i.Get2msFlag)
    GetTimeCounter                           0x080017ed   Thumb Code     6  timer.o(i.GetTimeCounter)
    HardFault_Handler                        0x080017f9   Thumb Code     4  stm32f10x_it.o(i.HardFault_Handler)
    InitADC                                  0x08001ee1   Thumb Code    22  adc.o(i.InitADC)
    InitDAC                                  0x08001ef7   Thumb Code    20  dac.o(i.InitDAC)
    InitECG                                  0x08001f0d   Thumb Code    68  ecg.o(i.InitECG)
    InitLED                                  0x08001fb1   Thumb Code     8  led.o(i.InitLED)
    InitNVIC                                 0x08001fb9   Thumb Code     8  nvic.o(i.InitNVIC)
    InitOLED                                 0x08001fc1   Thumb Code    48  oled.o(i.InitOLED)
    InitQueue                                0x08001ff5   Thumb Code    36  queue.o(i.InitQueue)
    InitRCC                                  0x08002019   Thumb Code     8  rcc.o(i.InitRCC)
    InitRESP                                 0x08002021   Thumb Code    66  resp.o(i.InitRESP)
    InitSPO2                                 0x08002089   Thumb Code    30  spo2.o(i.InitSPO2)
    InitSysTick                              0x080020b9   Thumb Code    92  systick.o(i.InitSysTick)
    InitTimer                                0x08002121   Thumb Code    24  timer.o(i.InitTimer)
    InitUART1                                0x08002139   Thumb Code    16  uart1.o(i.InitUART1)
    LEDFlicker                               0x08002189   Thumb Code    76  led.o(i.LEDFlicker)
    MemManage_Handler                        0x080021dd   Thumb Code     4  stm32f10x_it.o(i.MemManage_Handler)
    NMI_Handler                              0x080021e1   Thumb Code     2  stm32f10x_it.o(i.NMI_Handler)
    NVIC_Init                                0x080021fd   Thumb Code   100  misc.o(i.NVIC_Init)
    NVIC_PriorityGroupConfig                 0x0800226d   Thumb Code    10  misc.o(i.NVIC_PriorityGroupConfig)
    OLEDClear                                0x08002281   Thumb Code    42  oled.o(i.OLEDClear)
    OLEDRefreshGRAM                          0x08002319   Thumb Code    70  oled.o(i.OLEDRefreshGRAM)
    OLEDShowChar                             0x08002365   Thumb Code   158  oled.o(i.OLEDShowChar)
    OLEDShowNum                              0x0800240d   Thumb Code   148  oled.o(i.OLEDShowNum)
    OLEDShowString                           0x080024a1   Thumb Code    68  oled.o(i.OLEDShowString)
    OLED_ECG                                 0x08002569   Thumb Code   166  ecg.o(i.OLED_ECG)
    OLED_RESP                                0x08002659   Thumb Code   162  resp.o(i.OLED_RESP)
    OLED_SPO2                                0x0800274d   Thumb Code    32  spo2.o(i.OLED_SPO2)
    PendSV_Handler                           0x0800278d   Thumb Code     2  stm32f10x_it.o(i.PendSV_Handler)
    QueueEmpty                               0x0800284d   Thumb Code    14  queue.o(i.QueueEmpty)
    RCC_ADCCLKConfig                         0x0800285d   Thumb Code    18  stm32f10x_rcc.o(i.RCC_ADCCLKConfig)
    RCC_AHBPeriphClockCmd                    0x08002875   Thumb Code    26  stm32f10x_rcc.o(i.RCC_AHBPeriphClockCmd)
    RCC_APB1PeriphClockCmd                   0x08002895   Thumb Code    26  stm32f10x_rcc.o(i.RCC_APB1PeriphClockCmd)
    RCC_APB1PeriphResetCmd                   0x080028b5   Thumb Code    26  stm32f10x_rcc.o(i.RCC_APB1PeriphResetCmd)
    RCC_APB2PeriphClockCmd                   0x080028d5   Thumb Code    26  stm32f10x_rcc.o(i.RCC_APB2PeriphClockCmd)
    RCC_APB2PeriphResetCmd                   0x080028f5   Thumb Code    26  stm32f10x_rcc.o(i.RCC_APB2PeriphResetCmd)
    RCC_DeInit                               0x08002915   Thumb Code    64  stm32f10x_rcc.o(i.RCC_DeInit)
    RCC_GetClocksFreq                        0x08002961   Thumb Code   192  stm32f10x_rcc.o(i.RCC_GetClocksFreq)
    RCC_GetFlagStatus                        0x08002a35   Thumb Code    56  stm32f10x_rcc.o(i.RCC_GetFlagStatus)
    RCC_GetSYSCLKSource                      0x08002a71   Thumb Code    10  stm32f10x_rcc.o(i.RCC_GetSYSCLKSource)
    RCC_HCLKConfig                           0x08002a81   Thumb Code    18  stm32f10x_rcc.o(i.RCC_HCLKConfig)
    RCC_HSEConfig                            0x08002a99   Thumb Code    70  stm32f10x_rcc.o(i.RCC_HSEConfig)
    RCC_PCLK1Config                          0x08002ae5   Thumb Code    18  stm32f10x_rcc.o(i.RCC_PCLK1Config)
    RCC_PCLK2Config                          0x08002afd   Thumb Code    20  stm32f10x_rcc.o(i.RCC_PCLK2Config)
    RCC_PLLCmd                               0x08002b15   Thumb Code     6  stm32f10x_rcc.o(i.RCC_PLLCmd)
    RCC_PLLConfig                            0x08002b21   Thumb Code    24  stm32f10x_rcc.o(i.RCC_PLLConfig)
    RCC_SYSCLKConfig                         0x08002b3d   Thumb Code    18  stm32f10x_rcc.o(i.RCC_SYSCLKConfig)
    RCC_WaitForHSEStartUp                    0x08002b55   Thumb Code    56  stm32f10x_rcc.o(i.RCC_WaitForHSEStartUp)
    RESPTask                                 0x08002b8d   Thumb Code   254  resp.o(i.RESPTask)
    ReadECGADC                               0x08002cb5   Thumb Code     6  adc.o(i.ReadECGADC)
    ReadRESPADC                              0x08002cc1   Thumb Code     6  adc.o(i.ReadRESPADC)
    ReadSPO2ADC                              0x08002ccd   Thumb Code     6  adc.o(i.ReadSPO2ADC)
    ReadUART1                                0x08002cf5   Thumb Code    24  uart1.o(i.ReadUART1)
    SPO2Task                                 0x08002d11   Thumb Code   644  spo2.o(i.SPO2Task)
    SPO2_LED_Task                            0x08003005   Thumb Code   154  spo2.o(i.SPO2_LED_Task)
    SVC_Handler                              0x080030b1   Thumb Code     2  stm32f10x_it.o(i.SVC_Handler)
    SysTick_Handler                          0x080034c9   Thumb Code     8  systick.o(i.SysTick_Handler)
    SystemInit                               0x080034d1   Thumb Code    78  system_stm32f10x.o(i.SystemInit)
    TIM2_IRQHandler                          0x08003531   Thumb Code    66  timer.o(i.TIM2_IRQHandler)
    TIM5_IRQHandler                          0x08003581   Thumb Code    58  timer.o(i.TIM5_IRQHandler)
    TIM_ClearITPendingBit                    0x080035c9   Thumb Code     6  stm32f10x_tim.o(i.TIM_ClearITPendingBit)
    TIM_Cmd                                  0x080035cf   Thumb Code    24  stm32f10x_tim.o(i.TIM_Cmd)
    TIM_DeInit                               0x080035e9   Thumb Code   424  stm32f10x_tim.o(i.TIM_DeInit)
    TIM_GetITStatus                          0x080037d1   Thumb Code    34  stm32f10x_tim.o(i.TIM_GetITStatus)
    TIM_ITConfig                             0x080037f3   Thumb Code    18  stm32f10x_tim.o(i.TIM_ITConfig)
    TIM_SelectOutputTrigger                  0x08003805   Thumb Code    18  stm32f10x_tim.o(i.TIM_SelectOutputTrigger)
    TIM_TimeBaseInit                         0x08003819   Thumb Code   122  stm32f10x_tim.o(i.TIM_TimeBaseInit)
    USART1_IRQHandler                        0x080038d5   Thumb Code   140  uart1.o(i.USART1_IRQHandler)
    USART_ClearFlag                          0x0800396d   Thumb Code    18  stm32f10x_usart.o(i.USART_ClearFlag)
    USART_ClearITPendingBit                  0x0800397f   Thumb Code    30  stm32f10x_usart.o(i.USART_ClearITPendingBit)
    USART_Cmd                                0x0800399d   Thumb Code    24  stm32f10x_usart.o(i.USART_Cmd)
    USART_GetFlagStatus                      0x080039b5   Thumb Code    26  stm32f10x_usart.o(i.USART_GetFlagStatus)
    USART_GetITStatus                        0x080039cf   Thumb Code    84  stm32f10x_usart.o(i.USART_GetITStatus)
    USART_ITConfig                           0x08003a23   Thumb Code    74  stm32f10x_usart.o(i.USART_ITConfig)
    USART_Init                               0x08003a6d   Thumb Code   210  stm32f10x_usart.o(i.USART_Init)
    USART_ReceiveData                        0x08003b45   Thumb Code    10  stm32f10x_usart.o(i.USART_ReceiveData)
    USART_SendData                           0x08003b4f   Thumb Code     8  stm32f10x_usart.o(i.USART_SendData)
    USART_StructInit                         0x08003b57   Thumb Code    24  stm32f10x_usart.o(i.USART_StructInit)
    UsageFault_Handler                       0x08003c9d   Thumb Code     4  stm32f10x_it.o(i.UsageFault_Handler)
    __0printf$1                              0x08003cb9   Thumb Code    22  printf1.o(i.__0printf$1)
    __1printf$1                              0x08003cb9   Thumb Code     0  printf1.o(i.__0printf$1)
    __2printf                                0x08003cb9   Thumb Code     0  printf1.o(i.__0printf$1)
    __scatterload_copy                       0x08003cd9   Thumb Code    14  handlers.o(i.__scatterload_copy)
    __scatterload_null                       0x08003ce7   Thumb Code     2  handlers.o(i.__scatterload_null)
    __scatterload_zeroinit                   0x08003ce9   Thumb Code    14  handlers.o(i.__scatterload_zeroinit)
    fputc                                    0x08004215   Thumb Code    16  uart1.o(i.fputc)
    main                                     0x08004225   Thumb Code    34  main.o(i.main)
    g_iASCII1206                             0x0800426c   Data        1140  oled.o(.constdata)
    g_iASCII1608                             0x080046e0   Data        1520  oled.o(.constdata)
    Region$$Table$$Base                      0x08004cd0   Number         0  anon$$obj.o(Region$$Table)
    Region$$Table$$Limit                     0x08004cf0   Number         0  anon$$obj.o(Region$$Table)
    g_displayMode                            0x20000000   Data           1  main.o(.data)
    SystemCoreClock                          0x20000244   Data           4  system_stm32f10x.o(.data)
    AHBPrescTable                            0x20000248   Data          16  system_stm32f10x.o(.data)
    __stdout                                 0x20000258   Data           4  stdout.o(.data)
    __initial_sp                             0x20005490   Data           0  startup_stm32f10x_hd.o(STACK)



==============================================================================

Memory Map of the image

  Image Entry point : 0x08000131

  Load Region LR_IROM1 (Base: 0x08000000, Size: 0x00004f4c, Max: 0x00040000, ABSOLUTE, COMPRESSED[0x00004de0])

    Execution Region ER_IROM1 (Exec base: 0x08000000, Load base: 0x08000000, Size: 0x00004cf0, Max: 0x00040000, ABSOLUTE)

    Exec Addr    Load Addr    Size         Type   Attr      Idx    E Section Name        Object

    0x08000000   0x08000000   0x00000130   Data   RO         2615    RESET               startup_stm32f10x_hd.o
    0x08000130   0x08000130   0x00000000   Code   RO         2620  * .ARM.Collect$$$$00000000  mc_w.l(entry.o)
    0x08000130   0x08000130   0x00000004   Code   RO         2904    .ARM.Collect$$$$00000001  mc_w.l(entry2.o)
    0x08000134   0x08000134   0x00000004   Code   RO         2907    .ARM.Collect$$$$00000004  mc_w.l(entry5.o)
    0x08000138   0x08000138   0x00000000   Code   RO         2909    .ARM.Collect$$$$00000008  mc_w.l(entry7b.o)
    0x08000138   0x08000138   0x00000000   Code   RO         2911    .ARM.Collect$$$$0000000A  mc_w.l(entry8b.o)
    0x08000138   0x08000138   0x00000008   Code   RO         2912    .ARM.Collect$$$$0000000B  mc_w.l(entry9a.o)
    0x08000140   0x08000140   0x00000000   Code   RO         2914    .ARM.Collect$$$$0000000D  mc_w.l(entry10a.o)
    0x08000140   0x08000140   0x00000000   Code   RO         2916    .ARM.Collect$$$$0000000F  mc_w.l(entry11a.o)
    0x08000140   0x08000140   0x00000004   Code   RO         2905    .ARM.Collect$$$$00002712  mc_w.l(entry2.o)
    0x08000144   0x08000144   0x00000024   Code   RO         2616    .text               startup_stm32f10x_hd.o
    0x08000168   0x08000168   0x00000024   Code   RO         2623    .text               mc_w.l(memseta.o)
    0x0800018c   0x0800018c   0x0000014e   Code   RO         2886    .text               mf_w.l(dadd.o)
    0x080002da   0x080002da   0x000000e4   Code   RO         2888    .text               mf_w.l(dmul.o)
    0x080003be   0x080003be   0x000000de   Code   RO         2890    .text               mf_w.l(ddiv.o)
    0x0800049c   0x0800049c   0x00000022   Code   RO         2892    .text               mf_w.l(dflti.o)
    0x080004be   0x080004be   0x0000001a   Code   RO         2894    .text               mf_w.l(dfltui.o)
    0x080004d8   0x080004d8   0x0000003e   Code   RO         2896    .text               mf_w.l(dfixi.o)
    0x08000516   0x08000516   0x00000032   Code   RO         2898    .text               mf_w.l(dfixui.o)
    0x08000548   0x08000548   0x00000030   Code   RO         2900    .text               mf_w.l(cdcmple.o)
    0x08000578   0x08000578   0x00000030   Code   RO         2902    .text               mf_w.l(cdrcmple.o)
    0x080005a8   0x080005a8   0x0000002c   Code   RO         2919    .text               mc_w.l(uidiv.o)
    0x080005d4   0x080005d4   0x0000001e   Code   RO         2923    .text               mc_w.l(llshl.o)
    0x080005f2   0x080005f2   0x00000020   Code   RO         2925    .text               mc_w.l(llushr.o)
    0x08000612   0x08000612   0x00000024   Code   RO         2927    .text               mc_w.l(llsshr.o)
    0x08000636   0x08000636   0x00000000   Code   RO         2929    .text               mc_w.l(iusefp.o)
    0x08000636   0x08000636   0x000000ba   Code   RO         2930    .text               mf_w.l(depilogue.o)
    0x080006f0   0x080006f0   0x00000024   Code   RO         2934    .text               mc_w.l(init.o)
    0x08000714   0x08000714   0x00000056   Code   RO         2944    .text               mc_w.l(__dczerorl2.o)
    0x0800076a   0x0800076a   0x00000016   Code   RO         2087    i.ADC_Cmd           stm32f10x_adc.o
    0x08000780   0x08000780   0x00000016   Code   RO         2088    i.ADC_DMACmd        stm32f10x_adc.o
    0x08000796   0x08000796   0x00000016   Code   RO         2092    i.ADC_ExternalTrigConvCmd  stm32f10x_adc.o
    0x080007ac   0x080007ac   0x00000014   Code   RO         2095    i.ADC_GetCalibrationStatus  stm32f10x_adc.o
    0x080007c0   0x080007c0   0x00000014   Code   RO         2101    i.ADC_GetResetCalibrationStatus  stm32f10x_adc.o
    0x080007d4   0x080007d4   0x00000050   Code   RO         2105    i.ADC_Init          stm32f10x_adc.o
    0x08000824   0x08000824   0x000000b8   Code   RO         2109    i.ADC_RegularChannelConfig  stm32f10x_adc.o
    0x080008dc   0x080008dc   0x0000000a   Code   RO         2110    i.ADC_ResetCalibration  stm32f10x_adc.o
    0x080008e6   0x080008e6   0x0000000a   Code   RO         2114    i.ADC_StartCalibration  stm32f10x_adc.o
    0x080008f0   0x080008f0   0x0000000e   Code   RO          687    i.AdjustDAC         dac.o
    0x080008fe   0x080008fe   0x00000002   PAD
    0x08000900   0x08000900   0x00000144   Code   RO          399    i.Analyze_SPO2Wave  spo2.o
    0x08000a44   0x08000a44   0x00000004   Code   RO         2522    i.BusFault_Handler  stm32f10x_it.o
    0x08000a48   0x08000a48   0x00000016   Code   RO          257    i.CalcPow           oled.o
    0x08000a5e   0x08000a5e   0x00000002   PAD
    0x08000a60   0x08000a60   0x0000000c   Code   RO          498    i.Clr1SecFlag       timer.o
    0x08000a6c   0x08000a6c   0x0000000c   Code   RO          499    i.Clr2msFlag        timer.o
    0x08000a78   0x08000a78   0x000000c4   Code   RO          737    i.ConfigADC1        adc.o
    0x08000b3c   0x08000b3c   0x00000058   Code   RO          400    i.ConfigCSGPIO      spo2.o
    0x08000b94   0x08000b94   0x00000064   Code   RO          688    i.ConfigDAC1        dac.o
    0x08000bf8   0x08000bf8   0x00000060   Code   RO          738    i.ConfigDMA1Ch1     adc.o
    0x08000c58   0x08000c58   0x00000080   Code   RO          689    i.ConfigDMA2Ch3ForDAC1  dac.o
    0x08000cd8   0x08000cd8   0x00000050   Code   RO          180    i.ConfigECGGPIO     ecg.o
    0x08000d28   0x08000d28   0x00000058   Code   RO          137    i.ConfigLEDGPIO     led.o
    0x08000d80   0x08000d80   0x0000000c   Code   RO         2453    i.ConfigNVIC        nvic.o
    0x08000d8c   0x08000d8c   0x000000d8   Code   RO          258    i.ConfigOLEDGPIO    oled.o
    0x08000e64   0x08000e64   0x000000cc   Code   RO          259    i.ConfigOLEDReg     oled.o
    0x08000f30   0x08000f30   0x00000064   Code   RO          481    i.ConfigRCC         rcc.o
    0x08000f94   0x08000f94   0x0000005c   Code   RO          500    i.ConfigTimer2      timer.o
    0x08000ff0   0x08000ff0   0x00000040   Code   RO          739    i.ConfigTimer3      adc.o
    0x08001030   0x08001030   0x00000044   Code   RO          690    i.ConfigTimer4      dac.o
    0x08001074   0x08001074   0x00000060   Code   RO          501    i.ConfigTimer5      timer.o
    0x080010d4   0x080010d4   0x000000c4   Code   RO          609    i.ConfigUART        uart1.o
    0x08001198   0x08001198   0x00000028   Code   RO         2303    i.DAC_Cmd           stm32f10x_dac.o
    0x080011c0   0x080011c0   0x0000002c   Code   RO         2304    i.DAC_DMACmd        stm32f10x_dac.o
    0x080011ec   0x080011ec   0x00000034   Code   RO         2308    i.DAC_Init          stm32f10x_dac.o
    0x08001220   0x08001220   0x00000020   Code   RO         2309    i.DAC_SetChannel1Data  stm32f10x_dac.o
    0x08001240   0x08001240   0x00000040   Code   RO          691    i.DMA2_Channel3_IRQHandler  dac.o
    0x08001280   0x08001280   0x0000001c   Code   RO         2382    i.DMA_ClearITPendingBit  stm32f10x_dma.o
    0x0800129c   0x0800129c   0x00000018   Code   RO         2383    i.DMA_Cmd           stm32f10x_dma.o
    0x080012b4   0x080012b4   0x0000014c   Code   RO         2384    i.DMA_DeInit        stm32f10x_dma.o
    0x08001400   0x08001400   0x0000002c   Code   RO         2387    i.DMA_GetITStatus   stm32f10x_dma.o
    0x0800142c   0x0800142c   0x00000012   Code   RO         2388    i.DMA_ITConfig      stm32f10x_dma.o
    0x0800143e   0x0800143e   0x0000003c   Code   RO         2389    i.DMA_Init          stm32f10x_dma.o
    0x0800147a   0x0800147a   0x00000044   Code   RO          565    i.DeQueue           queue.o
    0x080014be   0x080014be   0x00000002   Code   RO         2523    i.DebugMon_Handler  stm32f10x_it.o
    0x080014c0   0x080014c0   0x00000018   Code   RO         2470    i.DelayNms          systick.o
    0x080014d8   0x080014d8   0x00000134   Code   RO          181    i.ECGTask           ecg.o
    0x0800160c   0x0800160c   0x00000048   Code   RO          566    i.EnQueue           queue.o
    0x08001654   0x08001654   0x0000001c   Code   RO          882    i.FLASH_PrefetchBufferCmd  stm32f10x_flash.o
    0x08001670   0x08001670   0x00000018   Code   RO          887    i.FLASH_SetLatency  stm32f10x_flash.o
    0x08001688   0x08001688   0x00000116   Code   RO         1045    i.GPIO_Init         stm32f10x_gpio.o
    0x0800179e   0x0800179e   0x00000012   Code   RO         1049    i.GPIO_ReadInputDataBit  stm32f10x_gpio.o
    0x080017b0   0x080017b0   0x00000012   Code   RO         1051    i.GPIO_ReadOutputDataBit  stm32f10x_gpio.o
    0x080017c2   0x080017c2   0x00000004   Code   RO         1052    i.GPIO_ResetBits    stm32f10x_gpio.o
    0x080017c6   0x080017c6   0x00000004   Code   RO         1053    i.GPIO_SetBits      stm32f10x_gpio.o
    0x080017ca   0x080017ca   0x0000000a   Code   RO         1056    i.GPIO_WriteBit     stm32f10x_gpio.o
    0x080017d4   0x080017d4   0x0000000c   Code   RO          502    i.Get1SecFlag       timer.o
    0x080017e0   0x080017e0   0x0000000c   Code   RO          503    i.Get2msFlag        timer.o
    0x080017ec   0x080017ec   0x0000000c   Code   RO          504    i.GetTimeCounter    timer.o
    0x080017f8   0x080017f8   0x00000004   Code   RO         2524    i.HardFault_Handler  stm32f10x_it.o
    0x080017fc   0x080017fc   0x000000fc   Code   RO          182    i.IIRHighpass       ecg.o
    0x080018f8   0x080018f8   0x000000fc   Code   RO          401    i.IIRHighpass       spo2.o
    0x080019f4   0x080019f4   0x000000fc   Code   RO          183    i.IIRLowpass        ecg.o
    0x08001af0   0x08001af0   0x000000fc   Code   RO          343    i.IIRLowpass        resp.o
    0x08001bec   0x08001bec   0x000000fc   Code   RO          402    i.IIRLowpass        spo2.o
    0x08001ce8   0x08001ce8   0x000000fc   Code   RO          184    i.IIRNotch          ecg.o
    0x08001de4   0x08001de4   0x000000fc   Code   RO          344    i.IIRNotch          resp.o
    0x08001ee0   0x08001ee0   0x00000016   Code   RO          740    i.InitADC           adc.o
    0x08001ef6   0x08001ef6   0x00000014   Code   RO          692    i.InitDAC           dac.o
    0x08001f0a   0x08001f0a   0x00000002   PAD
    0x08001f0c   0x08001f0c   0x00000068   Code   RO          185    i.InitECG           ecg.o
    0x08001f74   0x08001f74   0x0000003c   Code   RO            1    i.InitHardware      main.o
    0x08001fb0   0x08001fb0   0x00000008   Code   RO          138    i.InitLED           led.o
    0x08001fb8   0x08001fb8   0x00000008   Code   RO         2454    i.InitNVIC          nvic.o
    0x08001fc0   0x08001fc0   0x00000034   Code   RO          260    i.InitOLED          oled.o
    0x08001ff4   0x08001ff4   0x00000024   Code   RO          567    i.InitQueue         queue.o
    0x08002018   0x08002018   0x00000008   Code   RO          482    i.InitRCC           rcc.o
    0x08002020   0x08002020   0x00000068   Code   RO          345    i.InitRESP          resp.o
    0x08002088   0x08002088   0x0000002c   Code   RO          403    i.InitSPO2          spo2.o
    0x080020b4   0x080020b4   0x00000002   Code   RO            2    i.InitSoftware      main.o
    0x080020b6   0x080020b6   0x00000002   PAD
    0x080020b8   0x080020b8   0x00000068   Code   RO         2472    i.InitSysTick       systick.o
    0x08002120   0x08002120   0x00000018   Code   RO          505    i.InitTimer         timer.o
    0x08002138   0x08002138   0x00000010   Code   RO          611    i.InitUART1         uart1.o
    0x08002148   0x08002148   0x00000040   Code   RO          612    i.InitUARTBuf       uart1.o
    0x08002188   0x08002188   0x00000054   Code   RO          139    i.LEDFlicker        led.o
    0x080021dc   0x080021dc   0x00000004   Code   RO         2525    i.MemManage_Handler  stm32f10x_it.o
    0x080021e0   0x080021e0   0x00000002   Code   RO         2526    i.NMI_Handler       stm32f10x_it.o
    0x080021e2   0x080021e2   0x00000002   PAD
    0x080021e4   0x080021e4   0x00000018   Code   RO          613    i.NVIC_ClearPendingIRQ  uart1.o
    0x080021fc   0x080021fc   0x00000070   Code   RO          829    i.NVIC_Init         misc.o
    0x0800226c   0x0800226c   0x00000014   Code   RO          830    i.NVIC_PriorityGroupConfig  misc.o
    0x08002280   0x08002280   0x00000030   Code   RO          261    i.OLEDClear         oled.o
    0x080022b0   0x080022b0   0x00000068   Code   RO          264    i.OLEDDrawPoint     oled.o
    0x08002318   0x08002318   0x0000004c   Code   RO          265    i.OLEDRefreshGRAM   oled.o
    0x08002364   0x08002364   0x000000a8   Code   RO          266    i.OLEDShowChar      oled.o
    0x0800240c   0x0800240c   0x00000094   Code   RO          267    i.OLEDShowNum       oled.o
    0x080024a0   0x080024a0   0x00000044   Code   RO          268    i.OLEDShowString    oled.o
    0x080024e4   0x080024e4   0x00000084   Code   RO          269    i.OLEDWriteByte     oled.o
    0x08002568   0x08002568   0x000000f0   Code   RO          186    i.OLED_ECG          ecg.o
    0x08002658   0x08002658   0x000000f4   Code   RO          346    i.OLED_RESP         resp.o
    0x0800274c   0x0800274c   0x00000040   Code   RO          404    i.OLED_SPO2         spo2.o
    0x0800278c   0x0800278c   0x00000002   Code   RO         2527    i.PendSV_Handler    stm32f10x_it.o
    0x0800278e   0x0800278e   0x00000022   Code   RO            3    i.Proc1SecTask      main.o
    0x080027b0   0x080027b0   0x0000009c   Code   RO            4    i.Proc2msTask       main.o
    0x0800284c   0x0800284c   0x0000000e   Code   RO          568    i.QueueEmpty        queue.o
    0x0800285a   0x0800285a   0x00000002   PAD
    0x0800285c   0x0800285c   0x00000018   Code   RO         1153    i.RCC_ADCCLKConfig  stm32f10x_rcc.o
    0x08002874   0x08002874   0x00000020   Code   RO         1154    i.RCC_AHBPeriphClockCmd  stm32f10x_rcc.o
    0x08002894   0x08002894   0x00000020   Code   RO         1155    i.RCC_APB1PeriphClockCmd  stm32f10x_rcc.o
    0x080028b4   0x080028b4   0x00000020   Code   RO         1156    i.RCC_APB1PeriphResetCmd  stm32f10x_rcc.o
    0x080028d4   0x080028d4   0x00000020   Code   RO         1157    i.RCC_APB2PeriphClockCmd  stm32f10x_rcc.o
    0x080028f4   0x080028f4   0x00000020   Code   RO         1158    i.RCC_APB2PeriphResetCmd  stm32f10x_rcc.o
    0x08002914   0x08002914   0x0000004c   Code   RO         1164    i.RCC_DeInit        stm32f10x_rcc.o
    0x08002960   0x08002960   0x000000d4   Code   RO         1165    i.RCC_GetClocksFreq  stm32f10x_rcc.o
    0x08002a34   0x08002a34   0x0000003c   Code   RO         1166    i.RCC_GetFlagStatus  stm32f10x_rcc.o
    0x08002a70   0x08002a70   0x00000010   Code   RO         1168    i.RCC_GetSYSCLKSource  stm32f10x_rcc.o
    0x08002a80   0x08002a80   0x00000018   Code   RO         1169    i.RCC_HCLKConfig    stm32f10x_rcc.o
    0x08002a98   0x08002a98   0x0000004c   Code   RO         1170    i.RCC_HSEConfig     stm32f10x_rcc.o
    0x08002ae4   0x08002ae4   0x00000018   Code   RO         1176    i.RCC_PCLK1Config   stm32f10x_rcc.o
    0x08002afc   0x08002afc   0x00000018   Code   RO         1177    i.RCC_PCLK2Config   stm32f10x_rcc.o
    0x08002b14   0x08002b14   0x0000000c   Code   RO         1178    i.RCC_PLLCmd        stm32f10x_rcc.o
    0x08002b20   0x08002b20   0x0000001c   Code   RO         1179    i.RCC_PLLConfig     stm32f10x_rcc.o
    0x08002b3c   0x08002b3c   0x00000018   Code   RO         1182    i.RCC_SYSCLKConfig  stm32f10x_rcc.o
    0x08002b54   0x08002b54   0x00000038   Code   RO         1184    i.RCC_WaitForHSEStartUp  stm32f10x_rcc.o
    0x08002b8c   0x08002b8c   0x00000128   Code   RO          347    i.RESPTask          resp.o
    0x08002cb4   0x08002cb4   0x0000000c   Code   RO          741    i.ReadECGADC        adc.o
    0x08002cc0   0x08002cc0   0x0000000c   Code   RO          742    i.ReadRESPADC       adc.o
    0x08002ccc   0x08002ccc   0x0000000c   Code   RO          743    i.ReadSPO2ADC       adc.o
    0x08002cd8   0x08002cd8   0x0000001c   Code   RO          614    i.ReadSendBuf       uart1.o
    0x08002cf4   0x08002cf4   0x0000001c   Code   RO          615    i.ReadUART1         uart1.o
    0x08002d10   0x08002d10   0x000002f4   Code   RO          405    i.SPO2Task          spo2.o
    0x08003004   0x08003004   0x000000ac   Code   RO          406    i.SPO2_LED_Task     spo2.o
    0x080030b0   0x080030b0   0x00000002   Code   RO         2528    i.SVC_Handler       stm32f10x_it.o
    0x080030b2   0x080030b2   0x00000002   PAD
    0x080030b4   0x080030b4   0x00000020   Code   RO          616    i.SendCharUsedByFputc  uart1.o
    0x080030d4   0x080030d4   0x00000008   Code   RO         2579    i.SetSysClock       system_stm32f10x.o
    0x080030dc   0x080030dc   0x000000e0   Code   RO         2580    i.SetSysClockTo72   system_stm32f10x.o
    0x080031bc   0x080031bc   0x000000c0   Code   RO          187    i.SmoothingFilter   ecg.o
    0x0800327c   0x0800327c   0x000000c4   Code   RO          348    i.SmoothingFilter   resp.o
    0x08003340   0x08003340   0x000000c4   Code   RO          407    i.SmoothingFilter_IR  spo2.o
    0x08003404   0x08003404   0x000000c4   Code   RO          408    i.SmoothingFilter_RED  spo2.o
    0x080034c8   0x080034c8   0x00000008   Code   RO         2473    i.SysTick_Handler   systick.o
    0x080034d0   0x080034d0   0x00000060   Code   RO         2582    i.SystemInit        system_stm32f10x.o
    0x08003530   0x08003530   0x00000050   Code   RO          506    i.TIM2_IRQHandler   timer.o
    0x08003580   0x08003580   0x00000048   Code   RO          507    i.TIM5_IRQHandler   timer.o
    0x080035c8   0x080035c8   0x00000006   Code   RO         1364    i.TIM_ClearITPendingBit  stm32f10x_tim.o
    0x080035ce   0x080035ce   0x00000018   Code   RO         1369    i.TIM_Cmd           stm32f10x_tim.o
    0x080035e6   0x080035e6   0x00000002   PAD
    0x080035e8   0x080035e8   0x000001e8   Code   RO         1374    i.TIM_DeInit        stm32f10x_tim.o
    0x080037d0   0x080037d0   0x00000022   Code   RO         1390    i.TIM_GetITStatus   stm32f10x_tim.o
    0x080037f2   0x080037f2   0x00000012   Code   RO         1394    i.TIM_ITConfig      stm32f10x_tim.o
    0x08003804   0x08003804   0x00000012   Code   RO         1426    i.TIM_SelectOutputTrigger  stm32f10x_tim.o
    0x08003816   0x08003816   0x00000002   PAD
    0x08003818   0x08003818   0x000000a4   Code   RO         1440    i.TIM_TimeBaseInit  stm32f10x_tim.o
    0x080038bc   0x080038bc   0x00000018   Code   RO         2474    i.TimDelayDec       systick.o
    0x080038d4   0x080038d4   0x00000098   Code   RO          617    i.USART1_IRQHandler  uart1.o
    0x0800396c   0x0800396c   0x00000012   Code   RO         1901    i.USART_ClearFlag   stm32f10x_usart.o
    0x0800397e   0x0800397e   0x0000001e   Code   RO         1902    i.USART_ClearITPendingBit  stm32f10x_usart.o
    0x0800399c   0x0800399c   0x00000018   Code   RO         1905    i.USART_Cmd         stm32f10x_usart.o
    0x080039b4   0x080039b4   0x0000001a   Code   RO         1908    i.USART_GetFlagStatus  stm32f10x_usart.o
    0x080039ce   0x080039ce   0x00000054   Code   RO         1909    i.USART_GetITStatus  stm32f10x_usart.o
    0x08003a22   0x08003a22   0x0000004a   Code   RO         1911    i.USART_ITConfig    stm32f10x_usart.o
    0x08003a6c   0x08003a6c   0x000000d8   Code   RO         1912    i.USART_Init        stm32f10x_usart.o
    0x08003b44   0x08003b44   0x0000000a   Code   RO         1919    i.USART_ReceiveData  stm32f10x_usart.o
    0x08003b4e   0x08003b4e   0x00000008   Code   RO         1922    i.USART_SendData    stm32f10x_usart.o
    0x08003b56   0x08003b56   0x00000018   Code   RO         1928    i.USART_StructInit  stm32f10x_usart.o
    0x08003b6e   0x08003b6e   0x00000002   PAD
    0x08003b70   0x08003b70   0x0000008c   Code   RO          188    i.Update_Threshold  ecg.o
    0x08003bfc   0x08003bfc   0x000000a0   Code   RO          349    i.Update_Threshold  resp.o
    0x08003c9c   0x08003c9c   0x00000004   Code   RO         2529    i.UsageFault_Handler  stm32f10x_it.o
    0x08003ca0   0x08003ca0   0x00000018   Code   RO          618    i.WriteReceiveBuf   uart1.o
    0x08003cb8   0x08003cb8   0x00000020   Code   RO         2670    i.__0printf$1       mc_w.l(printf1.o)
    0x08003cd8   0x08003cd8   0x0000000e   Code   RO         2938    i.__scatterload_copy  mc_w.l(handlers.o)
    0x08003ce6   0x08003ce6   0x00000002   Code   RO         2939    i.__scatterload_null  mc_w.l(handlers.o)
    0x08003ce8   0x08003ce8   0x0000000e   Code   RO         2940    i.__scatterload_zeroinit  mc_w.l(handlers.o)
    0x08003cf6   0x08003cf6   0x00000002   PAD
    0x08003cf8   0x08003cf8   0x00000154   Code   RO         2677    i._printf_core      mc_w.l(printf1.o)
    0x08003e4c   0x08003e4c   0x00000046   Code   RO          409    i.bubbleSort        spo2.o
    0x08003e92   0x08003e92   0x00000002   PAD
    0x08003e94   0x08003e94   0x00000028   Code   RO          189    i.calRate           ecg.o
    0x08003ebc   0x08003ebc   0x00000028   Code   RO          350    i.calRate           resp.o
    0x08003ee4   0x08003ee4   0x00000028   Code   RO          410    i.calRate           spo2.o
    0x08003f0c   0x08003f0c   0x00000308   Code   RO          411    i.calSpO2           spo2.o
    0x08004214   0x08004214   0x00000010   Code   RO          620    i.fputc             uart1.o
    0x08004224   0x08004224   0x00000048   Code   RO            5    i.main              main.o
    0x0800426c   0x0800426c   0x00000a64   Data   RO          271    .constdata          oled.o
    0x08004cd0   0x08004cd0   0x00000020   Data   RO         2936    Region$$Table       anon$$obj.o


    Execution Region RW_IRAM1 (Exec base: 0x20000000, Load base: 0x08004cf0, Size: 0x00005490, Max: 0x0000c000, ABSOLUTE, COMPRESSED[0x000000f0])

    Exec Addr    Load Addr    Size         Type   Attr      Idx    E Section Name        Object

    0x20000000   COMPRESSED   0x00000002   Data   RW            6    .data               main.o
    0x20000002   COMPRESSED   0x00000002   Data   RW          140    .data               led.o
    0x20000004   COMPRESSED   0x00000004   PAD
    0x20000008   COMPRESSED   0x000000b0   Data   RW          191    .data               ecg.o
    0x200000b8   COMPRESSED   0x00000094   Data   RW          352    .data               resp.o
    0x2000014c   COMPRESSED   0x00000004   PAD
    0x20000150   COMPRESSED   0x000000b9   Data   RW          413    .data               spo2.o
    0x20000209   COMPRESSED   0x00000003   PAD
    0x2000020c   COMPRESSED   0x0000000c   Data   RW          508    .data               timer.o
    0x20000218   COMPRESSED   0x00000001   Data   RW          622    .data               uart1.o
    0x20000219   COMPRESSED   0x00000003   PAD
    0x2000021c   COMPRESSED   0x00000008   Data   RW          694    .data               dac.o
    0x20000224   COMPRESSED   0x00000006   Data   RW          744    .data               adc.o
    0x2000022a   COMPRESSED   0x00000014   Data   RW         1185    .data               stm32f10x_rcc.o
    0x2000023e   COMPRESSED   0x00000002   PAD
    0x20000240   COMPRESSED   0x00000004   Data   RW         2475    .data               systick.o
    0x20000244   COMPRESSED   0x00000014   Data   RW         2583    .data               system_stm32f10x.o
    0x20000258   COMPRESSED   0x00000004   Data   RW         2918    .data               mc_w.l(stdout.o)
    0x2000025c   COMPRESSED   0x00000004   PAD
    0x20000260        -       0x000009c0   Zero   RW          190    .bss                ecg.o
    0x20000c20        -       0x00000400   Zero   RW          270    .bss                oled.o
    0x20001020        -       0x00002290   Zero   RW          351    .bss                resp.o
    0x200032b0        -       0x00001d00   Zero   RW          412    .bss                spo2.o
    0x20004fb0        -       0x000000e0   Zero   RW          621    .bss                uart1.o
    0x20005090        -       0x00000400   Zero   RW         2613    STACK               startup_stm32f10x_hd.o


==============================================================================

Image component sizes


      Code (inc. data)   RO Data    RW Data    ZI Data      Debug   Object Name

       414         46          0          6          0       3735   adc.o
         0          0          0          0          0         32   core_cm3.o
       394         36          0          8          0       3537   dac.o
      1860        222          0        176       2496       7015   ecg.o
       180         12          0          2          0     215979   led.o
       324         62          0          2          0     280055   main.o
       132         22          0          0          0       1379   misc.o
        20          0          0          0          0        791   nvic.o
      1238         48       2660          0       1024       7887   oled.o
       190          0          0          0          0       2961   queue.o
       108          0          0          0          0        894   rcc.o
      1544        220          0        148       8848       5790   resp.o
      3230        354          0        185       7424      10494   spo2.o
        36          8        304          0       1024        784   startup_stm32f10x_hd.o
       390         10          0          0          0       6896   stm32f10x_adc.o
       168         24          0          0          0       2696   stm32f10x_dac.o
       506         26          0          0          0       4791   stm32f10x_dma.o
        52         12          0          0          0       1001   stm32f10x_flash.o
       332          0          0          0          0       4505   stm32f10x_gpio.o
        24          0          0          0          0       3344   stm32f10x_it.o
       816        116          0         20          0      11803   stm32f10x_rcc.o
       752        106          0          0          0       4513   stm32f10x_tim.o
       514          6          0          0          0       7344   stm32f10x_usart.o
       328         28          0         20          0       2105   system_stm32f10x.o
       160         22          0          4          0      17486   systick.o
       424         60          0         12          0       4855   timer.o
       580         68          0          1        224      20703   uart1.o

    ----------------------------------------------------------------------
     14738       1508       2996        600      21040     633375   Object Totals
         0          0         32          0          0          0   (incl. Generated)
        22          0          0         16          0          0   (incl. Padding)

    ----------------------------------------------------------------------

      Code (inc. data)   RO Data    RW Data    ZI Data      Debug   Library Member Name

        86          0          0          0          0          0   __dczerorl2.o
         0          0          0          0          0          0   entry.o
         0          0          0          0          0          0   entry10a.o
         0          0          0          0          0          0   entry11a.o
         8          4          0          0          0          0   entry2.o
         4          0          0          0          0          0   entry5.o
         0          0          0          0          0          0   entry7b.o
         0          0          0          0          0          0   entry8b.o
         8          4          0          0          0          0   entry9a.o
        30          0          0          0          0          0   handlers.o
        36          8          0          0          0         68   init.o
         0          0          0          0          0          0   iusefp.o
        30          0          0          0          0         68   llshl.o
        36          0          0          0          0         68   llsshr.o
        32          0          0          0          0         68   llushr.o
        36          0          0          0          0        108   memseta.o
       372         14          0          0          0        184   printf1.o
         0          0          0          4          0          0   stdout.o
        44          0          0          0          0         80   uidiv.o
        48          0          0          0          0         68   cdcmple.o
        48          0          0          0          0         68   cdrcmple.o
       334          0          0          0          0        148   dadd.o
       222          0          0          0          0        100   ddiv.o
       186          0          0          0          0        176   depilogue.o
        62          0          0          0          0         80   dfixi.o
        50          0          0          0          0         76   dfixui.o
        34          0          0          0          0         76   dflti.o
        26          0          0          0          0         76   dfltui.o
       228          0          0          0          0         96   dmul.o

    ----------------------------------------------------------------------
      1962         30          0          4          4       1608   Library Totals
         2          0          0          0          4          0   (incl. Padding)

    ----------------------------------------------------------------------

      Code (inc. data)   RO Data    RW Data    ZI Data      Debug   Library Name

       722         30          0          4          0        644   mc_w.l
      1238          0          0          0          0        964   mf_w.l

    ----------------------------------------------------------------------
      1962         30          0          4          4       1608   Library Totals

    ----------------------------------------------------------------------

==============================================================================


      Code (inc. data)   RO Data    RW Data    ZI Data      Debug   

     16700       1538       2996        604      21044     625803   Grand Totals
     16700       1538       2996        240      21044     625803   ELF Image Totals (compressed)
     16700       1538       2996        240          0          0   ROM Totals

==============================================================================

    Total RO  Size (Code + RO Data)                19696 (  19.23kB)
    Total RW  Size (RW Data + ZI Data)             21648 (  21.14kB)
    Total ROM Size (Code + RO Data + RW Data)      19936 (  19.47kB)

==============================================================================

